Archive member included to satisfy reference by file (symbol)

libopencm3/lib/libopencm3_stm32f4.a(gpio_common_f0234.o)
                              /var/folders/km/wl77s0q16q92p4vz3t767x980000gn/T//ccGAIwRB.o (gpio_mode_setup)
libopencm3/lib/libopencm3_stm32f4.a(rcc_common_all.o)
                              /var/folders/km/wl77s0q16q92p4vz3t767x980000gn/T//ccOReygm.o (rcc_periph_clock_enable)
libopencm3/lib/libopencm3_stm32f4.a(usart_common_all.o)
                              /var/folders/km/wl77s0q16q92p4vz3t767x980000gn/T//cckJsPlv.o (usart_set_baudrate)
libopencm3/lib/libopencm3_stm32f4.a(usart_common_f124.o)
                              libopencm3/lib/libopencm3_stm32f4.a(usart_common_all.o) (usart_send)
libopencm3/lib/libopencm3_stm32f4.a(vector.o)
                              (reset_handler)
libopencm3/lib/libopencm3_stm32f4.a(rcc.o)
                              libopencm3/lib/libopencm3_stm32f4.a(usart_common_all.o) (rcc_apb2_frequency)
libopencm3/lib/libopencm3_stm32f4.a(flash_common_all.o)
                              libopencm3/lib/libopencm3_stm32f4.a(rcc.o) (flash_set_ws)
libopencm3/lib/libopencm3_stm32f4.a(flash_common_idcache.o)
                              libopencm3/lib/libopencm3_stm32f4.a(rcc.o) (flash_dcache_enable)
libopencm3/lib/libopencm3_stm32f4.a(pwr.o)
                              libopencm3/lib/libopencm3_stm32f4.a(rcc.o) (pwr_set_vos_scale)
/Users/tyler/miniconda3/envs/memfault/bin/../lib/gcc/arm-none-eabi/8.3.1/../../../../arm-none-eabi/lib/thumb/v7e-m+fp/hard/libg_nano.a(lib_a-errno.o)
                              /var/folders/km/wl77s0q16q92p4vz3t767x980000gn/T//ccNjBNhT.o (__errno)
/Users/tyler/miniconda3/envs/memfault/bin/../lib/gcc/arm-none-eabi/8.3.1/../../../../arm-none-eabi/lib/thumb/v7e-m+fp/hard/libg_nano.a(lib_a-impure.o)
                              /Users/tyler/miniconda3/envs/memfault/bin/../lib/gcc/arm-none-eabi/8.3.1/../../../../arm-none-eabi/lib/thumb/v7e-m+fp/hard/libg_nano.a(lib_a-errno.o) (_impure_ptr)
/Users/tyler/miniconda3/envs/memfault/bin/../lib/gcc/arm-none-eabi/8.3.1/../../../../arm-none-eabi/lib/thumb/v7e-m+fp/hard/libg_nano.a(lib_a-memcpy-stub.o)
                              /var/folders/km/wl77s0q16q92p4vz3t767x980000gn/T//ccttnwDy.o (memcpy)
/Users/tyler/miniconda3/envs/memfault/bin/../lib/gcc/arm-none-eabi/8.3.1/../../../../arm-none-eabi/lib/thumb/v7e-m+fp/hard/libg_nano.a(lib_a-memset.o)
                              /var/folders/km/wl77s0q16q92p4vz3t767x980000gn/T//cctGcyo5.o (memset)
/Users/tyler/miniconda3/envs/memfault/bin/../lib/gcc/arm-none-eabi/8.3.1/../../../../arm-none-eabi/lib/thumb/v7e-m+fp/hard/libg_nano.a(lib_a-puts.o)
                              /var/folders/km/wl77s0q16q92p4vz3t767x980000gn/T//ccsAnyjm.o (puts)
/Users/tyler/miniconda3/envs/memfault/bin/../lib/gcc/arm-none-eabi/8.3.1/../../../../arm-none-eabi/lib/thumb/v7e-m+fp/hard/libg_nano.a(lib_a-snprintf.o)
                              /var/folders/km/wl77s0q16q92p4vz3t767x980000gn/T//ccNmgrZY.o (snprintf)
/Users/tyler/miniconda3/envs/memfault/bin/../lib/gcc/arm-none-eabi/8.3.1/../../../../arm-none-eabi/lib/thumb/v7e-m+fp/hard/libg_nano.a(lib_a-strcmp.o)
                              /var/folders/km/wl77s0q16q92p4vz3t767x980000gn/T//cctGcyo5.o (strcmp)
/Users/tyler/miniconda3/envs/memfault/bin/../lib/gcc/arm-none-eabi/8.3.1/../../../../arm-none-eabi/lib/thumb/v7e-m+fp/hard/libg_nano.a(lib_a-strlen.o)
                              /var/folders/km/wl77s0q16q92p4vz3t767x980000gn/T//ccWttjin.o (strlen)
/Users/tyler/miniconda3/envs/memfault/bin/../lib/gcc/arm-none-eabi/8.3.1/../../../../arm-none-eabi/lib/thumb/v7e-m+fp/hard/libg_nano.a(lib_a-vsnprintf.o)
                              /var/folders/km/wl77s0q16q92p4vz3t767x980000gn/T//ccNmgrZY.o (vsnprintf)
/Users/tyler/miniconda3/envs/memfault/bin/../lib/gcc/arm-none-eabi/8.3.1/../../../../arm-none-eabi/lib/thumb/v7e-m+fp/hard/libg_nano.a(lib_a-wbuf.o)
                              /Users/tyler/miniconda3/envs/memfault/bin/../lib/gcc/arm-none-eabi/8.3.1/../../../../arm-none-eabi/lib/thumb/v7e-m+fp/hard/libg_nano.a(lib_a-puts.o) (__swbuf_r)
/Users/tyler/miniconda3/envs/memfault/bin/../lib/gcc/arm-none-eabi/8.3.1/../../../../arm-none-eabi/lib/thumb/v7e-m+fp/hard/libg_nano.a(lib_a-wsetup.o)
                              /Users/tyler/miniconda3/envs/memfault/bin/../lib/gcc/arm-none-eabi/8.3.1/../../../../arm-none-eabi/lib/thumb/v7e-m+fp/hard/libg_nano.a(lib_a-puts.o) (__swsetup_r)
/Users/tyler/miniconda3/envs/memfault/bin/../lib/gcc/arm-none-eabi/8.3.1/../../../../arm-none-eabi/lib/thumb/v7e-m+fp/hard/libg_nano.a(lib_a-fflush.o)
                              /Users/tyler/miniconda3/envs/memfault/bin/../lib/gcc/arm-none-eabi/8.3.1/../../../../arm-none-eabi/lib/thumb/v7e-m+fp/hard/libg_nano.a(lib_a-wbuf.o) (_fflush_r)
/Users/tyler/miniconda3/envs/memfault/bin/../lib/gcc/arm-none-eabi/8.3.1/../../../../arm-none-eabi/lib/thumb/v7e-m+fp/hard/libg_nano.a(lib_a-findfp.o)
[...]
Memory Configuration

Name             Origin             Length             Attributes
ram              0x0000000020000000 0x0000000000010000 xrw
coredump         0x0000000020010000 0x0000000000014000 xrw
reboot           0x0000000020024000 0x0000000000000400 xrw
rom              0x0000000008000000 0x0000000000100000 xr
*default*        0x0000000000000000 0xffffffffffffffff

Linker script and memory map

START GROUP
LOAD /Users/tyler/miniconda3/envs/memfault/bin/../lib/gcc/arm-none-eabi/8.3.1/../../../../arm-none-eabi/lib/thumb/v7e-m+fp/hard/libc_nano.a
LOAD /Users/tyler/miniconda3/envs/memfault/bin/../lib/gcc/arm-none-eabi/8.3.1/thumb/v7e-m+fp/hard/libgcc.a
LOAD /Users/tyler/miniconda3/envs/memfault/bin/../lib/gcc/arm-none-eabi/8.3.1/../../../../arm-none-eabi/lib/thumb/v7e-m+fp/hard/libnosys.a
END GROUP
LOAD /var/folders/km/wl77s0q16q92p4vz3t767x980000gn/T//ccsAnyjm.o
LOAD /var/folders/km/wl77s0q16q92p4vz3t767x980000gn/T//cc5pDn8i.o
LOAD /var/folders/km/wl77s0q16q92p4vz3t767x980000gn/T//cctGcyo5.o
LOAD /var/folders/km/wl77s0q16q92p4vz3t767x980000gn/T//ccOReygm.o
LOAD /var/folders/km/wl77s0q16q92p4vz3t767x980000gn/T//ccGAIwRB.o
LOAD /var/folders/km/wl77s0q16q92p4vz3t767x980000gn/T//cckJsPlv.o
LOAD /var/folders/km/wl77s0q16q92p4vz3t767x980000gn/T//ccNjBNhT.o
LOAD /var/folders/km/wl77s0q16q92p4vz3t767x980000gn/T//ccIhNpDz.o
LOAD /var/folders/km/wl77s0q16q92p4vz3t767x980000gn/T//ccxeH8YL.o
LOAD /var/folders/km/wl77s0q16q92p4vz3t767x980000gn/T//ccuPXZXx.o
LOAD /var/folders/km/wl77s0q16q92p4vz3t767x980000gn/T//ccttnwDy.o
LOAD /var/folders/km/wl77s0q16q92p4vz3t767x980000gn/T//ccyLdHrs.o
LOAD /var/folders/km/wl77s0q16q92p4vz3t767x980000gn/T//cc4a5cs4.o
LOAD /var/folders/km/wl77s0q16q92p4vz3t767x980000gn/T//ccNmgrZY.o
LOAD /var/folders/km/wl77s0q16q92p4vz3t767x980000gn/T//ccBTLB8d.o
LOAD /var/folders/km/wl77s0q16q92p4vz3t767x980000gn/T//ccDfPYmQ.o
LOAD /var/folders/km/wl77s0q16q92p4vz3t767x980000gn/T//ccWInlOB.o
LOAD /var/folders/km/wl77s0q16q92p4vz3t767x980000gn/T//ccZFyo55.o
LOAD /var/folders/km/wl77s0q16q92p4vz3t767x980000gn/T//ccsK4ZeF.o
LOAD /var/folders/km/wl77s0q16q92p4vz3t767x980000gn/T//ccaiJ7aW.o
LOAD /var/folders/km/wl77s0q16q92p4vz3t767x980000gn/T//ccuucTV2.o
LOAD /var/folders/km/wl77s0q16q92p4vz3t767x980000gn/T//cciFCqFB.o
LOAD /var/folders/km/wl77s0q16q92p4vz3t767x980000gn/T//ccWttjin.o
LOAD /var/folders/km/wl77s0q16q92p4vz3t767x980000gn/T//ccePBP8N.o
LOAD /var/folders/km/wl77s0q16q92p4vz3t767x980000gn/T//cci8uyUX.o
LOAD /var/folders/km/wl77s0q16q92p4vz3t767x980000gn/T//ccnGZE0i.o
LOAD /var/folders/km/wl77s0q16q92p4vz3t767x980000gn/T//cc3F8Qh4.o
LOAD /var/folders/km/wl77s0q16q92p4vz3t767x980000gn/T//cc9Esoeg.o
LOAD libopencm3/lib/libopencm3_stm32f4.a
START GROUP
LOAD /Users/tyler/miniconda3/envs/memfault/bin/../lib/gcc/arm-none-eabi/8.3.1/thumb/v7e-m+fp/hard/libgcc.a
LOAD /Users/tyler/miniconda3/envs/memfault/bin/../lib/gcc/arm-none-eabi/8.3.1/../../../../arm-none-eabi/lib/thumb/v7e-m+fp/hard/libg_nano.a
LOAD /Users/tyler/miniconda3/envs/memfault/bin/../lib/gcc/arm-none-eabi/8.3.1/../../../../arm-none-eabi/lib/thumb/v7e-m+fp/hard/libc_nano.a
END GROUP
START GROUP
LOAD /Users/tyler/miniconda3/envs/memfault/bin/../lib/gcc/arm-none-eabi/8.3.1/thumb/v7e-m+fp/hard/libgcc.a
LOAD /Users/tyler/miniconda3/envs/memfault/bin/../lib/gcc/arm-none-eabi/8.3.1/../../../../arm-none-eabi/lib/thumb/v7e-m+fp/hard/libc_nano.a
END GROUP
                0x0000000000000000                . = ALIGN (0x80)

.text           0x0000000008000000     0x63f0
 *(.vectors)
 .vectors       0x0000000008000000      0x1ac libopencm3/lib/libopencm3_stm32f4.a(vector.o)
                0x0000000008000000                vector_table
 *(.text*)
 .text          0x00000000080001ac        0x0 /var/folders/km/wl77s0q16q92p4vz3t767x980000gn/T//ccsAnyjm.o
 .text.main     0x00000000080001ac       0x50 /var/folders/km/wl77s0q16q92p4vz3t767x980000gn/T//ccsAnyjm.o
                0x00000000080001ac                main
 .text.memfault_platform_log
                0x00000000080001fc       0x1a /var/folders/km/wl77s0q16q92p4vz3t767x980000gn/T//ccsAnyjm.o
                0x00000000080001fc                memfault_platform_log
 *fill*         0x0000000008000216        0x2 
 .text.memfault_platform_get_device_info
                0x0000000008000218       0x24 /var/folders/km/wl77s0q16q92p4vz3t767x980000gn/T//ccsAnyjm.o
                0x0000000008000218                memfault_platform_get_device_info
 .text.memfault_platform_reboot
                0x000000000800023c        0x8 /var/folders/km/wl77s0q16q92p4vz3t767x980000gn/T//ccsAnyjm.o
                0x000000000800023c                memfault_platform_reboot
 .text          0x0000000008000244        0x0 /var/folders/km/wl77s0q16q92p4vz3t767x980000gn/T//cc5pDn8i.o
 .text.cli_command_coredump
                0x0000000008000244       0x20 /var/folders/km/wl77s0q16q92p4vz3t767x980000gn/T//cc5pDn8i.o
                0x0000000008000244                cli_command_coredump
 .text.cli_command_ping
                0x0000000008000264       0x20 /var/folders/km/wl77s0q16q92p4vz3t767x980000gn/T//cc5pDn8i.o
                0x0000000008000264                cli_command_ping
 .text.cli_command_assert
                0x0000000008000284       0x1c /var/folders/km/wl77s0q16q92p4vz3t767x980000gn/T//cc5pDn8i.o
                0x0000000008000284                cli_command_assert
 .text          0x00000000080002a0        0x0 /var/folders/km/wl77s0q16q92p4vz3t767x980000gn/T//cctGcyo5.o
 .text.prv_booted
                0x00000000080002a0       0x20 /var/folders/km/wl77s0q16q92p4vz3t767x980000gn/T//cctGcyo5.o
 .text.prv_send_char
                0x00000000080002c0       0x34 /var/folders/km/wl77s0q16q92p4vz3t767x980000gn/T//cctGcyo5.o
 .text.prv_echo
                0x00000000080002f4       0x4e /var/folders/km/wl77s0q16q92p4vz3t767x980000gn/T//cctGcyo5.o
 *fill*         0x0000000008000342        0x2 
 .text.prv_last_char
                0x0000000008000344       0x20 /var/folders/km/wl77s0q16q92p4vz3t767x980000gn/T//cctGcyo5.o
 .text.prv_is_rx_buffer_full
                0x0000000008000364       0x20 /var/folders/km/wl77s0q16q92p4vz3t767x980000gn/T//cctGcyo5.o
 .text.prv_reset_rx_buffer
                0x0000000008000384       0x24 /var/folders/km/wl77s0q16q92p4vz3t767x980000gn/T//cctGcyo5.o
 .text.prv_echo_str
                0x00000000080003a8       0x2e /var/folders/km/wl77s0q16q92p4vz3t767x980000gn/T//cctGcyo5.o
 *fill*         0x00000000080003d6        0x2 
 .text.prv_send_prompt
                0x00000000080003d8       0x14 /var/folders/km/wl77s0q16q92p4vz3t767x980000gn/T//cctGcyo5.o
 .text.prv_find_command
                0x00000000080003ec       0x58 /var/folders/km/wl77s0q16q92p4vz3t767x980000gn/T//cctGcyo5.o
 .text.prv_process
                0x0000000008000444      0x114 /var/folders/km/wl77s0q16q92p4vz3t767x980000gn/T//cctGcyo5.o
 .text.shell_boot
                0x0000000008000558       0x2c /var/folders/km/wl77s0q16q92p4vz3t767x980000gn/T//cctGcyo5.o
                0x0000000008000558                shell_boot
 .text.shell_receive_char
                0x0000000008000584       0x8c /var/folders/km/wl77s0q16q92p4vz3t767x980000gn/T//cctGcyo5.o
                0x0000000008000584                shell_receive_char
 .text.shell_put_line
                0x0000000008000610       0x1c /var/folders/km/wl77s0q16q92p4vz3t767x980000gn/T//cctGcyo5.o
                0x0000000008000610                shell_put_line
 .text.shell_help_handler
                0x000000000800062c       0x68 /var/folders/km/wl77s0q16q92p4vz3t767x980000gn/T//cctGcyo5.o
                0x000000000800062c                shell_help_handler
 .text          0x0000000008000694        0x0 /var/folders/km/wl77s0q16q92p4vz3t767x980000gn/T//ccOReygm.o
 .text.clock_setup
                0x0000000008000694       0x20 /var/folders/km/wl77s0q16q92p4vz3t767x980000gn/T//ccOReygm.o
                0x0000000008000694                clock_setup
 .text          0x00000000080006b4        0x0 /var/folders/km/wl77s0q16q92p4vz3t767x980000gn/T//ccGAIwRB.o
 .text.gpio_setup
                0x00000000080006b4       0x34 /var/folders/km/wl77s0q16q92p4vz3t767x980000gn/T//ccGAIwRB.o
                0x00000000080006b4                gpio_setup
 .text          0x00000000080006e8        0x0 /var/folders/km/wl77s0q16q92p4vz3t767x980000gn/T//cckJsPlv.o
 .text.usart_setup
                0x00000000080006e8       0x44 /var/folders/km/wl77s0q16q92p4vz3t767x980000gn/T//cckJsPlv.o
                0x00000000080006e8                usart_setup
 .text.usart_teardown
                0x000000000800072c       0x14 /var/folders/km/wl77s0q16q92p4vz3t767x980000gn/T//cckJsPlv.o
                0x000000000800072c                usart_teardown
 .text.usart_putc
                0x0000000008000740       0x24 /var/folders/km/wl77s0q16q92p4vz3t767x980000gn/T//cckJsPlv.o
                0x0000000008000740                usart_putc
 .text.usart_getc
                0x0000000008000764       0x20 /var/folders/km/wl77s0q16q92p4vz3t767x980000gn/T//cckJsPlv.o
                0x0000000008000764                usart_getc
 .text          0x0000000008000784        0x0 /var/folders/km/wl77s0q16q92p4vz3t767x980000gn/T//ccNjBNhT.o
 .text._sbrk    0x0000000008000784       0x40 /var/folders/km/wl77s0q16q92p4vz3t767x980000gn/T//ccNjBNhT.o
                0x0000000008000784                _sbrk
 .text._close   0x00000000080007c4       0x18 /var/folders/km/wl77s0q16q92p4vz3t767x980000gn/T//ccNjBNhT.o
                0x00000000080007c4                _close
 .text._fstat   0x00000000080007dc       0x20 /var/folders/km/wl77s0q16q92p4vz3t767x980000gn/T//ccNjBNhT.o
                0x00000000080007dc                _fstat
 .text._isatty  0x00000000080007fc       0x16 /var/folders/km/wl77s0q16q92p4vz3t767x980000gn/T//ccNjBNhT.o
                0x00000000080007fc                _isatty
 .text._lseek   0x0000000008000812       0x1a /var/folders/km/wl77s0q16q92p4vz3t767x980000gn/T//ccNjBNhT.o
                0x0000000008000812                _lseek
 .text._exit    0x000000000800082c        0xc /var/folders/km/wl77s0q16q92p4vz3t767x980000gn/T//ccNjBNhT.o
                0x000000000800082c                _exit
 .text._kill    0x0000000008000838       0x16 /var/folders/km/wl77s0q16q92p4vz3t767x980000gn/T//ccNjBNhT.o
                0x0000000008000838                _kill
 .text._getpid  0x000000000800084e       0x12 /var/folders/km/wl77s0q16q92p4vz3t767x980000gn/T//ccNjBNhT.o
                0x000000000800084e                _getpid
 .text._write   0x0000000008000860       0x70 /var/folders/km/wl77s0q16q92p4vz3t767x980000gn/T//ccNjBNhT.o
                0x0000000008000860                _write
 .text._read    0x00000000080008d0       0x1c /var/folders/km/wl77s0q16q92p4vz3t767x980000gn/T//ccNjBNhT.o
                0x00000000080008d0                _read
 .text          0x00000000080008ec        0x0 /var/folders/km/wl77s0q16q92p4vz3t767x980000gn/T//ccIhNpDz.o
 .text.__wrap_memfault_platform_coredump_get_regions
                0x00000000080008ec       0x30 /var/folders/km/wl77s0q16q92p4vz3t767x980000gn/T//ccIhNpDz.o
                0x00000000080008ec                __wrap_memfault_platform_coredump_get_regions
 .text          0x000000000800091c        0x0 /var/folders/km/wl77s0q16q92p4vz3t767x980000gn/T//ccxeH8YL.o
 .text.memfault_arch_is_inside_isr
                0x000000000800091c       0x2c /var/folders/km/wl77s0q16q92p4vz3t767x980000gn/T//ccxeH8YL.o
                0x000000000800091c                memfault_arch_is_inside_isr
 .text.memfault_platform_halt_if_debugging
                0x0000000008000948       0x30 /var/folders/km/wl77s0q16q92p4vz3t767x980000gn/T//ccxeH8YL.o
                0x0000000008000948                memfault_platform_halt_if_debugging
 .text          0x0000000008000978        0x0 /var/folders/km/wl77s0q16q92p4vz3t767x980000gn/T//ccuPXZXx.o
 .text          0x0000000008000978        0x0 /var/folders/km/wl77s0q16q92p4vz3t767x980000gn/T//ccttnwDy.o
 .text.prv_get_build_id_start_pointer
                0x0000000008000978       0x40 /var/folders/km/wl77s0q16q92p4vz3t767x980000gn/T//ccttnwDy.o
 .text.memfault_build_info_read
                0x00000000080009b8       0x2e /var/folders/km/wl77s0q16q92p4vz3t767x980000gn/T//ccttnwDy.o
                0x00000000080009b8                memfault_build_info_read
 .text.prv_nib_to_hex_ascii
                0x00000000080009e6       0x2a /var/folders/km/wl77s0q16q92p4vz3t767x980000gn/T//ccttnwDy.o
 .text.memfault_build_info_dump
                0x0000000008000a10      0x100 /var/folders/km/wl77s0q16q92p4vz3t767x980000gn/T//ccttnwDy.o
                0x0000000008000a10                memfault_build_info_dump
 .text          0x0000000008000b10        0x0 /var/folders/km/wl77s0q16q92p4vz3t767x980000gn/T//ccyLdHrs.o
 .text.prv_data_source_has_event_stub
                0x0000000008000b10       0x1c /var/folders/km/wl77s0q16q92p4vz3t767x980000gn/T//ccyLdHrs.o
 .text.prv_data_source_read_stub
                0x0000000008000b2c       0x1a /var/folders/km/wl77s0q16q92p4vz3t767x980000gn/T//ccyLdHrs.o
 .text.prv_data_source_mark_event_read_stub
                0x0000000008000b46        0xe /var/folders/km/wl77s0q16q92p4vz3t767x980000gn/T//ccyLdHrs.o
 .text.memfault_data_source_rle_encoder_set_active
                0x0000000008000b54       0x16 /var/folders/km/wl77s0q16q92p4vz3t767x980000gn/T//ccyLdHrs.o
                0x0000000008000b54                memfault_data_source_rle_encoder_set_active
 *fill*         0x0000000008000b6a        0x2 
 .text.prv_reset_packetizer_state
                0x0000000008000b6c       0x1c /var/folders/km/wl77s0q16q92p4vz3t767x980000gn/T//ccyLdHrs.o
 .text.prv_data_source_chunk_transport_msg_reader
                0x0000000008000b88       0xec /var/folders/km/wl77s0q16q92p4vz3t767x980000gn/T//ccyLdHrs.o
 .text.prv_get_source_with_data
                0x0000000008000c74       0x94 /var/folders/km/wl77s0q16q92p4vz3t767x980000gn/T//ccyLdHrs.o
 .text.prv_more_messages_to_send
                0x0000000008000d08       0x4e /var/folders/km/wl77s0q16q92p4vz3t767x980000gn/T//ccyLdHrs.o
 *fill*         0x0000000008000d56        0x2 
 .text.prv_load_next_message_to_send
                0x0000000008000d58       0x74 /var/folders/km/wl77s0q16q92p4vz3t767x980000gn/T//ccyLdHrs.o
 .text.prv_mark_message_send_complete_and_cleanup
                0x0000000008000dcc       0x18 /var/folders/km/wl77s0q16q92p4vz3t767x980000gn/T//ccyLdHrs.o
 .text.memfault_packetizer_abort
                0x0000000008000de4        0xc /var/folders/km/wl77s0q16q92p4vz3t767x980000gn/T//ccyLdHrs.o
                0x0000000008000de4                memfault_packetizer_abort
 .text.memfault_packetizer_get_next
                0x0000000008000df0       0xb4 /var/folders/km/wl77s0q16q92p4vz3t767x980000gn/T//ccyLdHrs.o
                0x0000000008000df0                memfault_packetizer_get_next
 .text.memfault_packetizer_begin
                0x0000000008000ea4       0x94 /var/folders/km/wl77s0q16q92p4vz3t767x980000gn/T//ccyLdHrs.o
                0x0000000008000ea4                memfault_packetizer_begin
 .text.memfault_packetizer_data_available
                0x0000000008000f38       0x20 /var/folders/km/wl77s0q16q92p4vz3t767x980000gn/T//ccyLdHrs.o
                0x0000000008000f38                memfault_packetizer_data_available
 .text.memfault_packetizer_get_chunk
                0x0000000008000f58       0x70 /var/folders/km/wl77s0q16q92p4vz3t767x980000gn/T//ccyLdHrs.o
                0x0000000008000f58                memfault_packetizer_get_chunk
 .text          0x0000000008000fc8        0x0 /var/folders/km/wl77s0q16q92p4vz3t767x980000gn/T//cc4a5cs4.o
 .text.memfault_platform_time_get_current
                0x0000000008000fc8       0x16 /var/folders/km/wl77s0q16q92p4vz3t767x980000gn/T//cc4a5cs4.o
                0x0000000008000fc8                memfault_platform_time_get_current
 .text.memfault_lock
                0x0000000008000fde        0xe /var/folders/km/wl77s0q16q92p4vz3t767x980000gn/T//cc4a5cs4.o
                0x0000000008000fde                memfault_lock
 .text.memfault_unlock
                0x0000000008000fec        0xe /var/folders/km/wl77s0q16q92p4vz3t767x980000gn/T//cc4a5cs4.o
                0x0000000008000fec                memfault_unlock
 .text.memfault_event_storage_request_persist_callback
                0x0000000008000ffa       0x14 /var/folders/km/wl77s0q16q92p4vz3t767x980000gn/T//cc4a5cs4.o
                0x0000000008000ffa                memfault_event_storage_request_persist_callback
 .text.prv_nonvolatile_event_storage_enabled
                0x000000000800100e       0x10 /var/folders/km/wl77s0q16q92p4vz3t767x980000gn/T//cc4a5cs4.o
 *fill*         0x000000000800101e        0x2 
 .text.prv_invoke_request_persist_callback
                0x0000000008001020       0x38 /var/folders/km/wl77s0q16q92p4vz3t767x980000gn/T//cc4a5cs4.o
 .text.prv_has_event_ram
                0x0000000008001058       0x68 /var/folders/km/wl77s0q16q92p4vz3t767x980000gn/T//cc4a5cs4.o
 .text.prv_event_storage_read_ram
                0x00000000080010c0       0x40 /var/folders/km/wl77s0q16q92p4vz3t767x980000gn/T//cc4a5cs4.o
 .text.prv_event_storage_mark_event_read_ram
                0x0000000008001100       0x34 /var/folders/km/wl77s0q16q92p4vz3t767x980000gn/T//cc4a5cs4.o
 .text.prv_event_storage_storage_begin_write
                0x0000000008001134       0x68 /var/folders/km/wl77s0q16q92p4vz3t767x980000gn/T//cc4a5cs4.o
 .text.prv_event_storage_storage_append_data
                0x000000000800119c       0x44 /var/folders/km/wl77s0q16q92p4vz3t767x980000gn/T//cc4a5cs4.o
 .text.prv_event_storage_storage_finish_write
                0x00000000080011e0       0x78 /var/folders/km/wl77s0q16q92p4vz3t767x980000gn/T//cc4a5cs4.o
 .text.prv_get_size_cb
                0x0000000008001258       0x20 /var/folders/km/wl77s0q16q92p4vz3t767x980000gn/T//cc4a5cs4.o
 .text.memfault_events_storage_boot
                0x0000000008001278       0x40 /var/folders/km/wl77s0q16q92p4vz3t767x980000gn/T//cc4a5cs4.o
                0x0000000008001278                memfault_events_storage_boot
 .text.prv_save_event_to_persistent_storage
                0x00000000080012b8       0x4c /var/folders/km/wl77s0q16q92p4vz3t767x980000gn/T//cc4a5cs4.o
 .text.prv_nv_event_storage_enabled
                0x0000000008001304       0x80 /var/folders/km/wl77s0q16q92p4vz3t767x980000gn/T//cc4a5cs4.o
 .text.memfault_event_storage_persist
                0x0000000008001384       0x3a /var/folders/km/wl77s0q16q92p4vz3t767x980000gn/T//cc4a5cs4.o
                0x0000000008001384                memfault_event_storage_persist
 *fill*         0x00000000080013be        0x2 
 .text.prv_nv_event_storage_mark_read_cb
                0x00000000080013c0       0x34 /var/folders/km/wl77s0q16q92p4vz3t767x980000gn/T//cc4a5cs4.o
 .text.prv_get_active_event_storage_source
                0x00000000080013f4       0x40 /var/folders/km/wl77s0q16q92p4vz3t767x980000gn/T//cc4a5cs4.o
 .text.prv_has_event
                0x0000000008001434       0x20 /var/folders/km/wl77s0q16q92p4vz3t767x980000gn/T//cc4a5cs4.o
 .text.prv_event_storage_read
                0x0000000008001454       0x28 /var/folders/km/wl77s0q16q92p4vz3t767x980000gn/T//cc4a5cs4.o
 .text.prv_event_storage_mark_event_read
                0x000000000800147c       0x1a /var/folders/km/wl77s0q16q92p4vz3t767x980000gn/T//cc4a5cs4.o
 .text          0x0000000008001496        0x0 /var/folders/km/wl77s0q16q92p4vz3t767x980000gn/T//ccNmgrZY.o
 .text.prv_get_level_from_hdr
                0x0000000008001496       0x1e /var/folders/km/wl77s0q16q92p4vz3t767x980000gn/T//ccNmgrZY.o
 .text.prv_build_header
                0x00000000080014b4       0x38 /var/folders/km/wl77s0q16q92p4vz3t767x980000gn/T//ccNmgrZY.o
 .text.memfault_log_set_min_save_level
                0x00000000080014ec       0x20 /var/folders/km/wl77s0q16q92p4vz3t767x980000gn/T//ccNmgrZY.o
                0x00000000080014ec                memfault_log_set_min_save_level
 .text.prv_try_free_space
                0x000000000800150c       0xa8 /var/folders/km/wl77s0q16q92p4vz3t767x980000gn/T//ccNmgrZY.o
 .text.prv_read_log
                0x00000000080015b4      0x118 /var/folders/km/wl77s0q16q92p4vz3t767x980000gn/T//ccNmgrZY.o
 .text.memfault_log_read
                0x00000000080016cc       0x40 /var/folders/km/wl77s0q16q92p4vz3t767x980000gn/T//ccNmgrZY.o
                0x00000000080016cc                memfault_log_read
 .text.prv_should_log
                0x000000000800170c       0x3c /var/folders/km/wl77s0q16q92p4vz3t767x980000gn/T//ccNmgrZY.o
 .text.memfault_log_handle_saved_callback
                0x0000000008001748        0xe /var/folders/km/wl77s0q16q92p4vz3t767x980000gn/T//ccNmgrZY.o
                0x0000000008001748                memfault_log_handle_saved_callback
 .text.memfault_log_save
                0x0000000008001756       0x8c /var/folders/km/wl77s0q16q92p4vz3t767x980000gn/T//ccNmgrZY.o
                0x0000000008001756                memfault_log_save
 *fill*         0x00000000080017e2        0x2 
 .text.memfault_log_save_preformatted
                0x00000000080017e4       0xa0 /var/folders/km/wl77s0q16q92p4vz3t767x980000gn/T//ccNmgrZY.o
                0x00000000080017e4                memfault_log_save_preformatted
 .text.memfault_log_boot
                0x0000000008001884       0x64 /var/folders/km/wl77s0q16q92p4vz3t767x980000gn/T//ccNmgrZY.o
                0x0000000008001884                memfault_log_boot
 .text.memfault_log_reset
                0x00000000080018e8       0x28 /var/folders/km/wl77s0q16q92p4vz3t767x980000gn/T//ccNmgrZY.o
                0x00000000080018e8                memfault_log_reset
 .text          0x0000000008001910        0x0 /var/folders/km/wl77s0q16q92p4vz3t767x980000gn/T//ccBTLB8d.o
 .text.prv_check_or_init_struct
                0x0000000008001910       0x7c /var/folders/km/wl77s0q16q92p4vz3t767x980000gn/T//ccBTLB8d.o
 .text.prv_read_reset_info
                0x000000000800198c       0x74 /var/folders/km/wl77s0q16q92p4vz3t767x980000gn/T//ccBTLB8d.o
 .text.prv_record_reboot_event
                0x0000000008001a00       0x64 /var/folders/km/wl77s0q16q92p4vz3t767x980000gn/T//ccBTLB8d.o
 .text.memfault_reboot_tracking_boot
                0x0000000008001a64       0x5c /var/folders/km/wl77s0q16q92p4vz3t767x980000gn/T//ccBTLB8d.o
                0x0000000008001a64                memfault_reboot_tracking_boot
 .text.memfault_reboot_tracking_mark_reset_imminent
                0x0000000008001ac0       0x30 /var/folders/km/wl77s0q16q92p4vz3t767x980000gn/T//ccBTLB8d.o
                0x0000000008001ac0                memfault_reboot_tracking_mark_reset_imminent
 .text.memfault_reboot_tracking_read_reset_info
                0x0000000008001af0       0x36 /var/folders/km/wl77s0q16q92p4vz3t767x980000gn/T//ccBTLB8d.o
                0x0000000008001af0                memfault_reboot_tracking_read_reset_info
 *fill*         0x0000000008001b26        0x2 
 .text.memfault_reboot_tracking_reset_crash_count
                0x0000000008001b28       0x28 /var/folders/km/wl77s0q16q92p4vz3t767x980000gn/T//ccBTLB8d.o
                0x0000000008001b28                memfault_reboot_tracking_reset_crash_count
 .text.memfault_reboot_tracking_get_crash_count
                0x0000000008001b50       0x28 /var/folders/km/wl77s0q16q92p4vz3t767x980000gn/T//ccBTLB8d.o
                0x0000000008001b50                memfault_reboot_tracking_get_crash_count
 .text.memfault_reboot_tracking_clear_reset_info
                0x0000000008001b78       0x80 /var/folders/km/wl77s0q16q92p4vz3t767x980000gn/T//ccBTLB8d.o
                0x0000000008001b78                memfault_reboot_tracking_clear_reset_info
 .text.memfault_reboot_tracking_mark_coredump_saved
                0x0000000008001bf8       0x28 /var/folders/km/wl77s0q16q92p4vz3t767x980000gn/T//ccBTLB8d.o
                0x0000000008001bf8                memfault_reboot_tracking_mark_coredump_saved
 .text          0x0000000008001c20        0x0 /var/folders/km/wl77s0q16q92p4vz3t767x980000gn/T//ccDfPYmQ.o
 .text.prv_serialize_reboot_info
                0x0000000008001c20       0x92 /var/folders/km/wl77s0q16q92p4vz3t767x980000gn/T//ccDfPYmQ.o
 .text.prv_encode_cb
                0x0000000008001cb2       0x20 /var/folders/km/wl77s0q16q92p4vz3t767x980000gn/T//ccDfPYmQ.o
 *fill*         0x0000000008001cd2        0x2 
 .text.memfault_reboot_tracking_compute_worst_case_storage_size
                0x0000000008001cd4       0x44 /var/folders/km/wl77s0q16q92p4vz3t767x980000gn/T//ccDfPYmQ.o
                0x0000000008001cd4                memfault_reboot_tracking_compute_worst_case_storage_size
 .text.memfault_reboot_tracking_collect_reset_info
                0x0000000008001d18       0xd4 /var/folders/km/wl77s0q16q92p4vz3t767x980000gn/T//ccDfPYmQ.o
                0x0000000008001d18                memfault_reboot_tracking_collect_reset_info
 .text          0x0000000008001dec        0x0 /var/folders/km/wl77s0q16q92p4vz3t767x980000gn/T//ccWInlOB.o
 .text.memfault_sdk_assert_func_noreturn
                0x0000000008001dec        0x6 /var/folders/km/wl77s0q16q92p4vz3t767x980000gn/T//ccWInlOB.o
                0x0000000008001dec                memfault_sdk_assert_func_noreturn
 *fill*         0x0000000008001df2        0x2 
 .text.memfault_sdk_assert_func
                0x0000000008001df4       0x30 /var/folders/km/wl77s0q16q92p4vz3t767x980000gn/T//ccWInlOB.o
                0x0000000008001df4                memfault_sdk_assert_func
 .text          0x0000000008001e24        0x0 /var/folders/km/wl77s0q16q92p4vz3t767x980000gn/T//ccZFyo55.o
 .text.prv_encode_event_key_string_pair
                0x0000000008001e24       0x40 /var/folders/km/wl77s0q16q92p4vz3t767x980000gn/T//ccZFyo55.o
 .text.prv_encode_device_version_info
                0x0000000008001e64       0xa0 /var/folders/km/wl77s0q16q92p4vz3t767x980000gn/T//ccZFyo55.o
 .text.memfault_serializer_helper_encode_uint32_kv_pair
                0x0000000008001f04       0x3c /var/folders/km/wl77s0q16q92p4vz3t767x980000gn/T//ccZFyo55.o
                0x0000000008001f04                memfault_serializer_helper_encode_uint32_kv_pair
 .text.prv_encode_event_key_uint32_pair
                0x0000000008001f40       0x40 /var/folders/km/wl77s0q16q92p4vz3t767x980000gn/T//ccZFyo55.o
 .text.memfault_serializer_helper_encode_metadata
                0x0000000008001f80       0xdc /var/folders/km/wl77s0q16q92p4vz3t767x980000gn/T//ccZFyo55.o
                0x0000000008001f80                memfault_serializer_helper_encode_metadata
 .text.memfault_serializer_helper_encode_trace_event
                0x000000000800205c       0xe0 /var/folders/km/wl77s0q16q92p4vz3t767x980000gn/T//ccZFyo55.o
                0x000000000800205c                memfault_serializer_helper_encode_trace_event
 .text.prv_encoder_write_cb
                0x000000000800213c       0x26 /var/folders/km/wl77s0q16q92p4vz3t767x980000gn/T//ccZFyo55.o
 *fill*         0x0000000008002162        0x2 
 .text.memfault_serializer_helper_encode_to_storage
                0x0000000008002164       0x70 /var/folders/km/wl77s0q16q92p4vz3t767x980000gn/T//ccZFyo55.o
                0x0000000008002164                memfault_serializer_helper_encode_to_storage
 .text.memfault_serializer_helper_compute_size
                0x00000000080021d4       0x2a /var/folders/km/wl77s0q16q92p4vz3t767x980000gn/T//ccZFyo55.o
                0x00000000080021d4                memfault_serializer_helper_compute_size
 *fill*         0x00000000080021fe        0x2 
 .text.memfault_serializer_helper_check_storage_size
                0x0000000008002200       0x54 /var/folders/km/wl77s0q16q92p4vz3t767x980000gn/T//ccZFyo55.o
                0x0000000008002200                memfault_serializer_helper_check_storage_size
 .text          0x0000000008002254        0x0 /var/folders/km/wl77s0q16q92p4vz3t767x980000gn/T//ccsK4ZeF.o
 .text.memfault_trace_event_boot
                0x0000000008002254       0x4c /var/folders/km/wl77s0q16q92p4vz3t767x980000gn/T//ccsK4ZeF.o
                0x0000000008002254                memfault_trace_event_boot
 .text.prv_encode_cb
                0x00000000080022a0       0x20 /var/folders/km/wl77s0q16q92p4vz3t767x980000gn/T//ccsK4ZeF.o
 .text.prv_trace_event_capture_from_isr
                0x00000000080022c0       0x4c /var/folders/km/wl77s0q16q92p4vz3t767x980000gn/T//ccsK4ZeF.o
 .text.prv_trace_event_capture
                0x000000000800230c       0x90 /var/folders/km/wl77s0q16q92p4vz3t767x980000gn/T//ccsK4ZeF.o
 .text.memfault_trace_event_try_flush_isr_event
                0x000000000800239c       0x44 /var/folders/km/wl77s0q16q92p4vz3t767x980000gn/T//ccsK4ZeF.o
                0x000000000800239c                memfault_trace_event_try_flush_isr_event
 .text.memfault_trace_event_capture
                0x00000000080023e0       0x60 /var/folders/km/wl77s0q16q92p4vz3t767x980000gn/T//ccsK4ZeF.o
                0x00000000080023e0                memfault_trace_event_capture
 .text.memfault_trace_event_compute_worst_case_storage_size
                0x0000000008002440       0x58 /var/folders/km/wl77s0q16q92p4vz3t767x980000gn/T//ccsK4ZeF.o
                0x0000000008002440                memfault_trace_event_compute_worst_case_storage_size
 .text.memfault_trace_event_reset
                0x0000000008002498       0x28 /var/folders/km/wl77s0q16q92p4vz3t767x980000gn/T//ccsK4ZeF.o
                0x0000000008002498                memfault_trace_event_reset
 .text          0x00000000080024c0        0x0 /var/folders/km/wl77s0q16q92p4vz3t767x980000gn/T//ccaiJ7aW.o
 .text.prv_build_hdr
                0x00000000080024c0       0x40 /var/folders/km/wl77s0q16q92p4vz3t767x980000gn/T//ccaiJ7aW.o
 .text.prv_compute_single_message_chunk_size
                0x0000000008002500       0x1a /var/folders/km/wl77s0q16q92p4vz3t767x980000gn/T//ccaiJ7aW.o
 .text.memfault_chunk_transport_get_next_chunk
                0x000000000800251a      0x25e /var/folders/km/wl77s0q16q92p4vz3t767x980000gn/T//ccaiJ7aW.o
                0x000000000800251a                memfault_chunk_transport_get_next_chunk
 .text.memfault_chunk_transport_get_chunk_info
                0x0000000008002778       0x26 /var/folders/km/wl77s0q16q92p4vz3t767x980000gn/T//ccaiJ7aW.o
                0x0000000008002778                memfault_chunk_transport_get_chunk_info
 .text          0x000000000800279e        0x0 /var/folders/km/wl77s0q16q92p4vz3t767x980000gn/T//ccuucTV2.o
 .text.memfault_circular_buffer_init
                0x000000000800279e       0x4e /var/folders/km/wl77s0q16q92p4vz3t767x980000gn/T//ccuucTV2.o
                0x000000000800279e                memfault_circular_buffer_init
 .text.memfault_circular_buffer_read
                0x00000000080027ec       0xa2 /var/folders/km/wl77s0q16q92p4vz3t767x980000gn/T//ccuucTV2.o
                0x00000000080027ec                memfault_circular_buffer_read
 .text.memfault_circular_buffer_get_read_pointer
                0x000000000800288e       0x86 /var/folders/km/wl77s0q16q92p4vz3t767x980000gn/T//ccuucTV2.o
                0x000000000800288e                memfault_circular_buffer_get_read_pointer
 .text.memfault_circular_buffer_consume
                0x0000000008002914       0x56 /var/folders/km/wl77s0q16q92p4vz3t767x980000gn/T//ccuucTV2.o
                0x0000000008002914                memfault_circular_buffer_consume
 .text.memfault_circular_buffer_consume_from_end
                0x000000000800296a       0x3c /var/folders/km/wl77s0q16q92p4vz3t767x980000gn/T//ccuucTV2.o
                0x000000000800296a                memfault_circular_buffer_consume_from_end
 .text.prv_get_space_available
                0x00000000080029a6       0x1e /var/folders/km/wl77s0q16q92p4vz3t767x980000gn/T//ccuucTV2.o
 .text.memfault_circular_buffer_get_write_size
                0x00000000080029c4       0x22 /var/folders/km/wl77s0q16q92p4vz3t767x980000gn/T//ccuucTV2.o
                0x00000000080029c4                memfault_circular_buffer_get_write_size
 .text.prv_write_at_offset_from_end
                0x00000000080029e6       0xd6 /var/folders/km/wl77s0q16q92p4vz3t767x980000gn/T//ccuucTV2.o
 .text.memfault_circular_buffer_write
                0x0000000008002abc       0x22 /var/folders/km/wl77s0q16q92p4vz3t767x980000gn/T//ccuucTV2.o
                0x0000000008002abc                memfault_circular_buffer_write
 .text.memfault_circular_buffer_write_at_offset
                0x0000000008002ade       0x24 /var/folders/km/wl77s0q16q92p4vz3t767x980000gn/T//ccuucTV2.o
                0x0000000008002ade                memfault_circular_buffer_write_at_offset
 .text.memfault_circular_buffer_get_read_size
                0x0000000008002b02       0x22 /var/folders/km/wl77s0q16q92p4vz3t767x980000gn/T//ccuucTV2.o
                0x0000000008002b02                memfault_circular_buffer_get_read_size
 .text          0x0000000008002b24        0x0 /var/folders/km/wl77s0q16q92p4vz3t767x980000gn/T//cciFCqFB.o
 .text.memfault_crc16_ccitt_compute
                0x0000000008002b24       0x68 /var/folders/km/wl77s0q16q92p4vz3t767x980000gn/T//cciFCqFB.o
                0x0000000008002b24                memfault_crc16_ccitt_compute
 .text          0x0000000008002b8c        0x0 /var/folders/km/wl77s0q16q92p4vz3t767x980000gn/T//ccWttjin.o
 .text.memfault_cbor_encoder_init
                0x0000000008002b8c       0x4e /var/folders/km/wl77s0q16q92p4vz3t767x980000gn/T//ccWttjin.o
                0x0000000008002b8c                memfault_cbor_encoder_init
 .text.memfault_cbor_encoder_size_only_init
                0x0000000008002bda       0x1c /var/folders/km/wl77s0q16q92p4vz3t767x980000gn/T//ccWttjin.o
                0x0000000008002bda                memfault_cbor_encoder_size_only_init
 .text.memfault_cbor_encoder_deinit
                0x0000000008002bf6       0x2c /var/folders/km/wl77s0q16q92p4vz3t767x980000gn/T//ccWttjin.o
                0x0000000008002bf6                memfault_cbor_encoder_deinit
 .text.prv_add_to_result_buffer
                0x0000000008002c22       0x6a /var/folders/km/wl77s0q16q92p4vz3t767x980000gn/T//ccWttjin.o
 .text.prv_encode_unsigned_integer
                0x0000000008002c8c       0xf8 /var/folders/km/wl77s0q16q92p4vz3t767x980000gn/T//ccWttjin.o
 .text.prv_encode_uint64
                0x0000000008002d84       0x58 /var/folders/km/wl77s0q16q92p4vz3t767x980000gn/T//ccWttjin.o
 .text.memfault_cbor_encode_long_signed_integer
                0x0000000008002ddc       0x98 /var/folders/km/wl77s0q16q92p4vz3t767x980000gn/T//ccWttjin.o
                0x0000000008002ddc                memfault_cbor_encode_long_signed_integer
 .text.memfault_cbor_encode_uint64_as_double
                0x0000000008002e74       0x42 /var/folders/km/wl77s0q16q92p4vz3t767x980000gn/T//ccWttjin.o
                0x0000000008002e74                memfault_cbor_encode_uint64_as_double
 .text.memfault_cbor_encode_unsigned_integer
                0x0000000008002eb6       0x1e /var/folders/km/wl77s0q16q92p4vz3t767x980000gn/T//ccWttjin.o
                0x0000000008002eb6                memfault_cbor_encode_unsigned_integer
 .text.memfault_cbor_encode_signed_integer
                0x0000000008002ed4       0x38 /var/folders/km/wl77s0q16q92p4vz3t767x980000gn/T//ccWttjin.o
                0x0000000008002ed4                memfault_cbor_encode_signed_integer
 .text.memfault_cbor_encode_byte_string
                0x0000000008002f0c       0x40 /var/folders/km/wl77s0q16q92p4vz3t767x980000gn/T//ccWttjin.o
                0x0000000008002f0c                memfault_cbor_encode_byte_string
 .text.memfault_cbor_encode_string
                0x0000000008002f4c       0x46 /var/folders/km/wl77s0q16q92p4vz3t767x980000gn/T//ccWttjin.o
                0x0000000008002f4c                memfault_cbor_encode_string
 .text.memfault_cbor_encode_dictionary_begin
                0x0000000008002f92       0x1e /var/folders/km/wl77s0q16q92p4vz3t767x980000gn/T//ccWttjin.o
                0x0000000008002f92                memfault_cbor_encode_dictionary_begin
 .text.memfault_cbor_encode_array_begin
                0x0000000008002fb0       0x1e /var/folders/km/wl77s0q16q92p4vz3t767x980000gn/T//ccWttjin.o
                0x0000000008002fb0                memfault_cbor_encode_array_begin
 .text          0x0000000008002fce        0x0 /var/folders/km/wl77s0q16q92p4vz3t767x980000gn/T//ccePBP8N.o
 .text.memfault_encode_varint_u32
                0x0000000008002fce       0x4c /var/folders/km/wl77s0q16q92p4vz3t767x980000gn/T//ccePBP8N.o
                0x0000000008002fce                memfault_encode_varint_u32
 .text.memfault_encode_varint_si32
                0x000000000800301a       0x2a /var/folders/km/wl77s0q16q92p4vz3t767x980000gn/T//ccePBP8N.o
                0x000000000800301a                memfault_encode_varint_si32
 .text          0x0000000008003044        0x0 /var/folders/km/wl77s0q16q92p4vz3t767x980000gn/T//cci8uyUX.o
 .text.prv_write_block_with_address
                0x0000000008003044       0xc6 /var/folders/km/wl77s0q16q92p4vz3t767x980000gn/T//cci8uyUX.o
 .text.memfault_coredump_write_block
                0x000000000800310a       0x36 /var/folders/km/wl77s0q16q92p4vz3t767x980000gn/T//cci8uyUX.o
                0x000000000800310a                memfault_coredump_write_block
 .text.prv_region_type_to_storage_type
                0x0000000008003140       0x18 /var/folders/km/wl77s0q16q92p4vz3t767x980000gn/T//cci8uyUX.o
 .text.prv_get_machine_type
                0x0000000008003158       0x10 /var/folders/km/wl77s0q16q92p4vz3t767x980000gn/T//cci8uyUX.o
 .text.memfault_coredump_write_device_info_blocks
                0x0000000008003168      0x12a /var/folders/km/wl77s0q16q92p4vz3t767x980000gn/T//cci8uyUX.o
                0x0000000008003168                memfault_coredump_write_device_info_blocks
 *fill*         0x0000000008003292        0x2 
 .text.memfault_coredump_write_header
                0x0000000008003294       0x34 /var/folders/km/wl77s0q16q92p4vz3t767x980000gn/T//cci8uyUX.o
                0x0000000008003294                memfault_coredump_write_header
 .text.prv_write_trace_reason
                0x00000000080032c8       0x2c /var/folders/km/wl77s0q16q92p4vz3t767x980000gn/T//cci8uyUX.o
 .text.prv_insert_padding_if_necessary
                0x00000000080032f4       0x4c /var/folders/km/wl77s0q16q92p4vz3t767x980000gn/T//cci8uyUX.o
 .text.prv_get_info_and_header
                0x0000000008003340       0x64 /var/folders/km/wl77s0q16q92p4vz3t767x980000gn/T//cci8uyUX.o
 .text.prv_coredump_get_header
                0x00000000080033a4       0x1e /var/folders/km/wl77s0q16q92p4vz3t767x980000gn/T//cci8uyUX.o
 *fill*         0x00000000080033c2        0x2 
 .text.prv_coredump_header_is_valid
                0x00000000080033c4       0x34 /var/folders/km/wl77s0q16q92p4vz3t767x980000gn/T//cci8uyUX.o
 .text.prv_write_regions
                0x00000000080033f8       0x92 /var/folders/km/wl77s0q16q92p4vz3t767x980000gn/T//cci8uyUX.o
 .text.prv_write_storage
                0x000000000800348a       0x44 /var/folders/km/wl77s0q16q92p4vz3t767x980000gn/T//cci8uyUX.o
 .text.prv_write_storage_compute_space_only
                0x00000000080034ce       0x2a /var/folders/km/wl77s0q16q92p4vz3t767x980000gn/T//cci8uyUX.o
 .text.prv_write_coredump_sections
                0x00000000080034f8      0x1cc /var/folders/km/wl77s0q16q92p4vz3t767x980000gn/T//cci8uyUX.o
 .text.memfault_platform_coredump_save_begin
                0x00000000080036c4       0x10 /var/folders/km/wl77s0q16q92p4vz3t767x980000gn/T//cci8uyUX.o
                0x00000000080036c4                memfault_platform_coredump_save_begin
 .text.memfault_coredump_get_save_size
                0x00000000080036d4       0x28 /var/folders/km/wl77s0q16q92p4vz3t767x980000gn/T//cci8uyUX.o
                0x00000000080036d4                memfault_coredump_get_save_size
 .text.memfault_coredump_save
                0x00000000080036fc       0x28 /var/folders/km/wl77s0q16q92p4vz3t767x980000gn/T//cci8uyUX.o
                0x00000000080036fc                memfault_coredump_save
 .text.memfault_coredump_has_valid_coredump
                0x0000000008003724       0x68 /var/folders/km/wl77s0q16q92p4vz3t767x980000gn/T//cci8uyUX.o
                0x0000000008003724                memfault_coredump_has_valid_coredump
 .text.memfault_coredump_read
                0x000000000800378c       0x20 /var/folders/km/wl77s0q16q92p4vz3t767x980000gn/T//cci8uyUX.o
                0x000000000800378c                memfault_coredump_read
 .text          0x00000000080037ac        0x0 /var/folders/km/wl77s0q16q92p4vz3t767x980000gn/T//ccnGZE0i.o
 .text.memfault_coredump_get_arch_regions
                0x00000000080037ac       0x20 /var/folders/km/wl77s0q16q92p4vz3t767x980000gn/T//ccnGZE0i.o
                0x00000000080037ac                memfault_coredump_get_arch_regions
 .text          0x00000000080037cc        0x0 /var/folders/km/wl77s0q16q92p4vz3t767x980000gn/T//cc3F8Qh4.o
 .text.memfault_coredump_storage_compute_size_required
                0x00000000080037cc       0x6c /var/folders/km/wl77s0q16q92p4vz3t767x980000gn/T//cc3F8Qh4.o
                0x00000000080037cc                memfault_coredump_storage_compute_size_required
 .text.prv_read_psp_reg
                0x0000000008003838       0x1a /var/folders/km/wl77s0q16q92p4vz3t767x980000gn/T//cc3F8Qh4.o
 .text.prv_read_msp_reg
                0x0000000008003852       0x1a /var/folders/km/wl77s0q16q92p4vz3t767x980000gn/T//cc3F8Qh4.o
 .text.memfault_fault_handler
                0x000000000800386c      0x1bc /var/folders/km/wl77s0q16q92p4vz3t767x980000gn/T//cc3F8Qh4.o
                0x000000000800386c                memfault_fault_handler
 .text.memfault_hard_fault_handler
                0x0000000008003a28       0x1e /var/folders/km/wl77s0q16q92p4vz3t767x980000gn/T//cc3F8Qh4.o
                0x0000000008003a28                memfault_hard_fault_handler
 .text.memfault_mem_manage_handler
                0x0000000008003a46       0x1e /var/folders/km/wl77s0q16q92p4vz3t767x980000gn/T//cc3F8Qh4.o
                0x0000000008003a46                memfault_mem_manage_handler
 .text.memfault_bus_fault_handler
                0x0000000008003a64       0x1e /var/folders/km/wl77s0q16q92p4vz3t767x980000gn/T//cc3F8Qh4.o
                0x0000000008003a64                memfault_bus_fault_handler
 .text.memfault_usage_fault_handler
                0x0000000008003a82       0x1e /var/folders/km/wl77s0q16q92p4vz3t767x980000gn/T//cc3F8Qh4.o
                0x0000000008003a82                memfault_usage_fault_handler
 .text.memfault_nmi_handler
                0x0000000008003aa0       0x1e /var/folders/km/wl77s0q16q92p4vz3t767x980000gn/T//cc3F8Qh4.o
                0x0000000008003aa0                memfault_nmi_handler
 .text.MemfaultWatchdog_Handler
                0x0000000008003abe       0x1e /var/folders/km/wl77s0q16q92p4vz3t767x980000gn/T//cc3F8Qh4.o
                0x0000000008003abe                MemfaultWatchdog_Handler
 .text.prv_fault_handling_assert
                0x0000000008003adc       0x58 /var/folders/km/wl77s0q16q92p4vz3t767x980000gn/T//cc3F8Qh4.o
 .text.memfault_fault_handling_assert
                0x0000000008003b34       0x18 /var/folders/km/wl77s0q16q92p4vz3t767x980000gn/T//cc3F8Qh4.o
                0x0000000008003b34                memfault_fault_handling_assert
 .text          0x0000000008003b4c        0x0 /var/folders/km/wl77s0q16q92p4vz3t767x980000gn/T//cc9Esoeg.o
 .text.memfault_platform_coredump_get_regions
                0x0000000008003b4c       0x38 /var/folders/km/wl77s0q16q92p4vz3t767x980000gn/T//cc9Esoeg.o
                0x0000000008003b4c                memfault_platform_coredump_get_regions
 .text.memfault_platform_coredump_storage_get_info
                0x0000000008003b84       0x24 /var/folders/km/wl77s0q16q92p4vz3t767x980000gn/T//cc9Esoeg.o
                0x0000000008003b84                memfault_platform_coredump_storage_get_info
 .text.memfault_platform_coredump_storage_read
                0x0000000008003ba8       0x3c /var/folders/km/wl77s0q16q92p4vz3t767x980000gn/T//cc9Esoeg.o
                0x0000000008003ba8                memfault_platform_coredump_storage_read
 .text.memfault_platform_coredump_storage_erase
                0x0000000008003be4       0x3c /var/folders/km/wl77s0q16q92p4vz3t767x980000gn/T//cc9Esoeg.o
                0x0000000008003be4                memfault_platform_coredump_storage_erase
 .text.memfault_platform_coredump_storage_write
                0x0000000008003c20       0x3c /var/folders/km/wl77s0q16q92p4vz3t767x980000gn/T//cc9Esoeg.o
                0x0000000008003c20                memfault_platform_coredump_storage_write
 .text.memfault_platform_coredump_storage_clear
                0x0000000008003c5c       0x1e /var/folders/km/wl77s0q16q92p4vz3t767x980000gn/T//cc9Esoeg.o
                0x0000000008003c5c                memfault_platform_coredump_storage_clear
 .text          0x0000000008003c7a        0x0 libopencm3/lib/libopencm3_stm32f4.a(gpio_common_f0234.o)
 .text.gpio_mode_setup
                0x0000000008003c7a       0x44 libopencm3/lib/libopencm3_stm32f4.a(gpio_common_f0234.o)
                0x0000000008003c7a                gpio_mode_setup
 .text.gpio_set_output_options
                0x0000000008003cbe       0x36 libopencm3/lib/libopencm3_stm32f4.a(gpio_common_f0234.o)
                0x0000000008003cbe                gpio_set_output_options
 .text.gpio_set_af
                0x0000000008003cf4       0x54 libopencm3/lib/libopencm3_stm32f4.a(gpio_common_f0234.o)
                0x0000000008003cf4                gpio_set_af
 .text          0x0000000008003d48        0x0 libopencm3/lib/libopencm3_stm32f4.a(rcc_common_all.o)
 .text.rcc_peripheral_enable_clock
                0x0000000008003d48        0x8 libopencm3/lib/libopencm3_stm32f4.a(rcc_common_all.o)
                0x0000000008003d48                rcc_peripheral_enable_clock
 .text.rcc_peripheral_disable_clock
                0x0000000008003d50        0xa libopencm3/lib/libopencm3_stm32f4.a(rcc_common_all.o)
                0x0000000008003d50                rcc_peripheral_disable_clock
 .text.rcc_peripheral_reset
                0x0000000008003d5a        0x8 libopencm3/lib/libopencm3_stm32f4.a(rcc_common_all.o)
                0x0000000008003d5a                rcc_peripheral_reset
 .text.rcc_peripheral_clear_reset
                0x0000000008003d62        0xa libopencm3/lib/libopencm3_stm32f4.a(rcc_common_all.o)
                0x0000000008003d62                rcc_peripheral_clear_reset
 .text.rcc_periph_clock_enable
                0x0000000008003d6c       0x1a libopencm3/lib/libopencm3_stm32f4.a(rcc_common_all.o)
                0x0000000008003d6c                rcc_periph_clock_enable
 .text.rcc_periph_clock_disable
                0x0000000008003d86       0x1e libopencm3/lib/libopencm3_stm32f4.a(rcc_common_all.o)
                0x0000000008003d86                rcc_periph_clock_disable
 .text.rcc_periph_reset_pulse
                0x0000000008003da4       0x22 libopencm3/lib/libopencm3_stm32f4.a(rcc_common_all.o)
                0x0000000008003da4                rcc_periph_reset_pulse
 .text.rcc_periph_reset_hold
                0x0000000008003dc6       0x1a libopencm3/lib/libopencm3_stm32f4.a(rcc_common_all.o)
                0x0000000008003dc6                rcc_periph_reset_hold
 .text.rcc_periph_reset_release
                0x0000000008003de0       0x1e libopencm3/lib/libopencm3_stm32f4.a(rcc_common_all.o)
                0x0000000008003de0                rcc_periph_reset_release
 *fill*         0x0000000008003dfe        0x2 
 .text.rcc_set_mco
                0x0000000008003e00       0x14 libopencm3/lib/libopencm3_stm32f4.a(rcc_common_all.o)
                0x0000000008003e00                rcc_set_mco
 .text.rcc_osc_bypass_enable
                0x0000000008003e14       0x28 libopencm3/lib/libopencm3_stm32f4.a(rcc_common_all.o)
                0x0000000008003e14                rcc_osc_bypass_enable
 .text.rcc_osc_bypass_disable
                0x0000000008003e3c       0x28 libopencm3/lib/libopencm3_stm32f4.a(rcc_common_all.o)
                0x0000000008003e3c                rcc_osc_bypass_disable
 .text          0x0000000008003e64        0x0 libopencm3/lib/libopencm3_stm32f4.a(usart_common_all.o)
 .text.usart_set_baudrate
                0x0000000008003e64       0x2c libopencm3/lib/libopencm3_stm32f4.a(usart_common_all.o)
                0x0000000008003e64                usart_set_baudrate
 .text.usart_set_databits
                0x0000000008003e90       0x12 libopencm3/lib/libopencm3_stm32f4.a(usart_common_all.o)
                0x0000000008003e90                usart_set_databits
 .text.usart_set_stopbits
                0x0000000008003ea2        0xc libopencm3/lib/libopencm3_stm32f4.a(usart_common_all.o)
                0x0000000008003ea2                usart_set_stopbits
 .text.usart_set_parity
                0x0000000008003eae        0xc libopencm3/lib/libopencm3_stm32f4.a(usart_common_all.o)
                0x0000000008003eae                usart_set_parity
 .text.usart_set_mode
                0x0000000008003eba        0xc libopencm3/lib/libopencm3_stm32f4.a(usart_common_all.o)
                0x0000000008003eba                usart_set_mode
 .text.usart_set_flow_control
                0x0000000008003ec6        0xc libopencm3/lib/libopencm3_stm32f4.a(usart_common_all.o)
                0x0000000008003ec6                usart_set_flow_control
 .text.usart_enable
                0x0000000008003ed2        0xa libopencm3/lib/libopencm3_stm32f4.a(usart_common_all.o)
                0x0000000008003ed2                usart_enable
 .text.usart_disable
                0x0000000008003edc        0xa libopencm3/lib/libopencm3_stm32f4.a(usart_common_all.o)
                0x0000000008003edc                usart_disable
 .text.usart_send_blocking
                0x0000000008003ee6       0x16 libopencm3/lib/libopencm3_stm32f4.a(usart_common_all.o)
                0x0000000008003ee6                usart_send_blocking
 .text.usart_recv_blocking
                0x0000000008003efc       0x12 libopencm3/lib/libopencm3_stm32f4.a(usart_common_all.o)
                0x0000000008003efc                usart_recv_blocking
 .text.usart_enable_rx_dma
                0x0000000008003f0e        0xa libopencm3/lib/libopencm3_stm32f4.a(usart_common_all.o)
                0x0000000008003f0e                usart_enable_rx_dma
 .text.usart_disable_rx_dma
                0x0000000008003f18        0xa libopencm3/lib/libopencm3_stm32f4.a(usart_common_all.o)
                0x0000000008003f18                usart_disable_rx_dma
 .text.usart_enable_tx_dma
                0x0000000008003f22        0xa libopencm3/lib/libopencm3_stm32f4.a(usart_common_all.o)
                0x0000000008003f22                usart_enable_tx_dma
 .text.usart_disable_tx_dma
                0x0000000008003f2c        0xa libopencm3/lib/libopencm3_stm32f4.a(usart_common_all.o)
                0x0000000008003f2c                usart_disable_tx_dma
 .text.usart_enable_rx_interrupt
                0x0000000008003f36        0xa libopencm3/lib/libopencm3_stm32f4.a(usart_common_all.o)
                0x0000000008003f36                usart_enable_rx_interrupt
 .text.usart_disable_rx_interrupt
                0x0000000008003f40        0xa libopencm3/lib/libopencm3_stm32f4.a(usart_common_all.o)
                0x0000000008003f40                usart_disable_rx_interrupt
 .text.usart_enable_tx_interrupt
                0x0000000008003f4a        0xa libopencm3/lib/libopencm3_stm32f4.a(usart_common_all.o)
                0x0000000008003f4a                usart_enable_tx_interrupt
 .text.usart_disable_tx_interrupt
                0x0000000008003f54        0xa libopencm3/lib/libopencm3_stm32f4.a(usart_common_all.o)
                0x0000000008003f54                usart_disable_tx_interrupt
 .text.usart_enable_error_interrupt
                0x0000000008003f5e        0xa libopencm3/lib/libopencm3_stm32f4.a(usart_common_all.o)
                0x0000000008003f5e                usart_enable_error_interrupt
 .text.usart_disable_error_interrupt
                0x0000000008003f68        0xa libopencm3/lib/libopencm3_stm32f4.a(usart_common_all.o)
                0x0000000008003f68                usart_disable_error_interrupt
 .text          0x0000000008003f72        0x0 libopencm3/lib/libopencm3_stm32f4.a(usart_common_f124.o)
 .text.usart_send
                0x0000000008003f72        0x8 libopencm3/lib/libopencm3_stm32f4.a(usart_common_f124.o)
                0x0000000008003f72                usart_send
 .text.usart_recv
                0x0000000008003f7a        0x8 libopencm3/lib/libopencm3_stm32f4.a(usart_common_f124.o)
                0x0000000008003f7a                usart_recv
 .text.usart_wait_send_ready
                0x0000000008003f82        0x8 libopencm3/lib/libopencm3_stm32f4.a(usart_common_f124.o)
                0x0000000008003f82                usart_wait_send_ready
 .text.usart_wait_recv_ready
                0x0000000008003f8a        0x8 libopencm3/lib/libopencm3_stm32f4.a(usart_common_f124.o)
                0x0000000008003f8a                usart_wait_recv_ready
 .text.usart_get_flag
                0x0000000008003f92        0xc libopencm3/lib/libopencm3_stm32f4.a(usart_common_f124.o)
                0x0000000008003f92                usart_get_flag
 .text          0x0000000008003f9e        0x0 libopencm3/lib/libopencm3_stm32f4.a(vector.o)
 .text.blocking_handler
                0x0000000008003f9e        0x2 libopencm3/lib/libopencm3_stm32f4.a(vector.o)
                0x0000000008003f9e                exti0_isr
                0x0000000008003f9e                tim8_brk_tim12_isr
                0x0000000008003f9e                dma1_stream7_isr
                0x0000000008003f9e                usart3_isr
                0x0000000008003f9e                tim7_isr
                0x0000000008003f9e                dma2d_isr
                0x0000000008003f9e                uart8_isr
                0x0000000008003f9e                dma1_stream2_isr
                0x0000000008003f9e                otg_hs_isr
                0x0000000008003f9e                blocking_handler
                0x0000000008003f9e                tim5_isr
                0x0000000008003f9e                rtc_wkup_isr
                0x0000000008003f9e                otg_fs_isr
                0x0000000008003f9e                spi1_isr
                0x0000000008003f9e                i2c3_er_isr
                0x0000000008003f9e                exti2_isr
                0x0000000008003f9e                spi5_isr
                0x0000000008003f9e                usb_fs_wkup_isr
                0x0000000008003f9e                tamp_stamp_isr
                0x0000000008003f9e                can1_rx1_isr
                0x0000000008003f9e                dma2_stream0_isr
                0x0000000008003f9e                usart1_isr
                0x0000000008003f9e                i2c3_ev_isr
                0x0000000008003f9e                can2_rx0_isr
                0x0000000008003f9e                dma1_stream6_isr
                0x0000000008003f9e                can2_rx1_isr
                0x0000000008003f9e                can1_sce_isr
                0x0000000008003f9e                tim1_cc_isr
                0x0000000008003f9e                can1_tx_isr
                0x0000000008003f9e                tim1_up_tim10_isr
                0x0000000008003f9e                sdio_isr
                0x0000000008003f9e                eth_isr
                0x0000000008003f9e                spi6_isr
                0x0000000008003f9e                dma2_stream5_isr
                0x0000000008003f9e                pvd_isr
                0x0000000008003f9e                can1_rx0_isr
                0x0000000008003f9e                rcc_isr
                0x0000000008003f9e                dma2_stream3_isr
                0x0000000008003f9e                flash_isr
                0x0000000008003f9e                uart4_isr
                0x0000000008003f9e                lcd_tft_isr
                0x0000000008003f9e                rtc_alarm_isr
                0x0000000008003f9e                exti15_10_isr
                0x0000000008003f9e                hash_rng_isr
                0x0000000008003f9e                tim1_trg_com_tim11_isr
                0x0000000008003f9e                exti1_isr
                0x0000000008003f9e                i2c1_ev_isr
                0x0000000008003f9e                usart6_isr
                0x0000000008003f9e                spi2_isr
                0x0000000008003f9e                cryp_isr
                0x0000000008003f9e                nvic_wwdg_isr
                0x0000000008003f9e                dma1_stream1_isr
                0x0000000008003f9e                dma2_stream4_isr
                0x0000000008003f9e                exti3_isr
                0x0000000008003f9e                tim3_isr
                0x0000000008003f9e                usart2_isr
                0x0000000008003f9e                sai1_isr
                0x0000000008003f9e                fpu_isr
                0x0000000008003f9e                dma1_stream4_isr
                0x0000000008003f9e                i2c2_er_isr
                0x0000000008003f9e                i2c2_ev_isr
                0x0000000008003f9e                uart5_isr
                0x0000000008003f9e                dma2_stream6_isr
                0x0000000008003f9e                spi4_isr
                0x0000000008003f9e                adc_isr
                0x0000000008003f9e                dma2_stream7_isr
                0x0000000008003f9e                tim8_up_tim13_isr
                0x0000000008003f9e                fsmc_isr
                0x0000000008003f9e                exti4_isr
                0x0000000008003f9e                tim6_dac_isr
                0x0000000008003f9e                dma1_stream3_isr
                0x0000000008003f9e                tim8_trg_com_tim14_isr
                0x0000000008003f9e                lcd_tft_err_isr
                0x0000000008003f9e                can2_tx_isr
                0x0000000008003f9e                exti9_5_isr
                0x0000000008003f9e                tim1_brk_tim9_isr
                0x0000000008003f9e                uart7_isr
                0x0000000008003f9e                can2_sce_isr
                0x0000000008003f9e                tim4_isr
                0x0000000008003f9e                otg_hs_wkup_isr
                0x0000000008003f9e                i2c1_er_isr
                0x0000000008003f9e                dma1_stream0_isr
                0x0000000008003f9e                tim8_cc_isr
                0x0000000008003f9e                dcmi_isr
                0x0000000008003f9e                dma2_stream2_isr
                0x0000000008003f9e                eth_wkup_isr
                0x0000000008003f9e                otg_hs_ep1_out_isr
                0x0000000008003f9e                spi3_isr
                0x0000000008003f9e                dma1_stream5_isr
                0x0000000008003f9e                otg_hs_ep1_in_isr
                0x0000000008003f9e                tim2_isr
                0x0000000008003f9e                dma2_stream1_isr
 .text.null_handler
                0x0000000008003fa0        0x2 libopencm3/lib/libopencm3_stm32f4.a(vector.o)
                0x0000000008003fa0                null_handler
                0x0000000008003fa0                sv_call_handler
                0x0000000008003fa0                pend_sv_handler
                0x0000000008003fa0                debug_monitor_handler
                0x0000000008003fa0                sys_tick_handler
 *fill*         0x0000000008003fa2        0x2 
 .text.reset_handler
                0x0000000008003fa4       0x98 libopencm3/lib/libopencm3_stm32f4.a(vector.o)
                0x0000000008003fa4                reset_handler
 .text          0x000000000800403c        0x0 libopencm3/lib/libopencm3_stm32f4.a(rcc.o)
 .text.rcc_osc_ready_int_clear
                0x000000000800403c       0x5c libopencm3/lib/libopencm3_stm32f4.a(rcc.o)
                0x000000000800403c                rcc_osc_ready_int_clear
 .text.rcc_osc_ready_int_enable
                0x0000000008004098       0x5c libopencm3/lib/libopencm3_stm32f4.a(rcc.o)
                0x0000000008004098                rcc_osc_ready_int_enable
 .text.rcc_osc_ready_int_disable
                0x00000000080040f4       0x5c libopencm3/lib/libopencm3_stm32f4.a(rcc.o)
                0x00000000080040f4                rcc_osc_ready_int_disable
 .text.rcc_osc_ready_int_flag
                0x0000000008004150       0x60 libopencm3/lib/libopencm3_stm32f4.a(rcc.o)
                0x0000000008004150                rcc_osc_ready_int_flag
 .text.rcc_css_int_clear
                0x00000000080041b0       0x10 libopencm3/lib/libopencm3_stm32f4.a(rcc.o)
                0x00000000080041b0                rcc_css_int_clear
 .text.rcc_css_int_flag
                0x00000000080041c0       0x10 libopencm3/lib/libopencm3_stm32f4.a(rcc.o)
                0x00000000080041c0                rcc_css_int_flag
 .text.rcc_is_osc_ready
                0x00000000080041d0       0x5c libopencm3/lib/libopencm3_stm32f4.a(rcc.o)
                0x00000000080041d0                rcc_is_osc_ready
 .text.rcc_wait_for_osc_ready
                0x000000000800422c       0x10 libopencm3/lib/libopencm3_stm32f4.a(rcc.o)
                0x000000000800422c                rcc_wait_for_osc_ready
 .text.rcc_wait_for_sysclk_status
                0x000000000800423c       0x38 libopencm3/lib/libopencm3_stm32f4.a(rcc.o)
                0x000000000800423c                rcc_wait_for_sysclk_status
 .text.rcc_osc_on
                0x0000000008004274       0x58 libopencm3/lib/libopencm3_stm32f4.a(rcc.o)
                0x0000000008004274                rcc_osc_on
 .text.rcc_osc_off
                0x00000000080042cc       0x58 libopencm3/lib/libopencm3_stm32f4.a(rcc.o)
                0x00000000080042cc                rcc_osc_off
 .text.rcc_css_enable
                0x0000000008004324       0x10 libopencm3/lib/libopencm3_stm32f4.a(rcc.o)
                0x0000000008004324                rcc_css_enable
 .text.rcc_css_disable
                0x0000000008004334       0x10 libopencm3/lib/libopencm3_stm32f4.a(rcc.o)
                0x0000000008004334                rcc_css_disable
 .text.rcc_plli2s_config
                0x0000000008004344       0x1c libopencm3/lib/libopencm3_stm32f4.a(rcc.o)
                0x0000000008004344                rcc_plli2s_config
 .text.rcc_pllsai_config
                0x0000000008004360       0x2c libopencm3/lib/libopencm3_stm32f4.a(rcc.o)
                0x0000000008004360                rcc_pllsai_config
 .text.rcc_pllsai_postscalers
                0x000000000800438c       0x24 libopencm3/lib/libopencm3_stm32f4.a(rcc.o)
                0x000000000800438c                rcc_pllsai_postscalers
 .text.rcc_set_sysclk_source
                0x00000000080043b0       0x14 libopencm3/lib/libopencm3_stm32f4.a(rcc.o)
                0x00000000080043b0                rcc_set_sysclk_source
 .text.rcc_set_pll_source
                0x00000000080043c4       0x14 libopencm3/lib/libopencm3_stm32f4.a(rcc.o)
                0x00000000080043c4                rcc_set_pll_source
 .text.rcc_set_ppre2
                0x00000000080043d8       0x14 libopencm3/lib/libopencm3_stm32f4.a(rcc.o)
                0x00000000080043d8                rcc_set_ppre2
 .text.rcc_set_ppre1
                0x00000000080043ec       0x14 libopencm3/lib/libopencm3_stm32f4.a(rcc.o)
                0x00000000080043ec                rcc_set_ppre1
 .text.rcc_set_hpre
                0x0000000008004400       0x14 libopencm3/lib/libopencm3_stm32f4.a(rcc.o)
                0x0000000008004400                rcc_set_hpre
 .text.rcc_set_rtcpre
                0x0000000008004414       0x14 libopencm3/lib/libopencm3_stm32f4.a(rcc.o)
                0x0000000008004414                rcc_set_rtcpre
 .text.rcc_set_main_pll_hsi
                0x0000000008004428       0x44 libopencm3/lib/libopencm3_stm32f4.a(rcc.o)
                0x0000000008004428                rcc_set_main_pll_hsi
 .text.rcc_set_main_pll_hse
                0x000000000800446c       0x44 libopencm3/lib/libopencm3_stm32f4.a(rcc.o)
                0x000000000800446c                rcc_set_main_pll_hse
 .text.rcc_system_clock_source
                0x00000000080044b0       0x10 libopencm3/lib/libopencm3_stm32f4.a(rcc.o)
                0x00000000080044b0                rcc_system_clock_source
 .text.rcc_clock_setup_pll
                0x00000000080044c0       0xf4 libopencm3/lib/libopencm3_stm32f4.a(rcc.o)
                0x00000000080044c0                rcc_clock_setup_pll
 .text.rcc_clock_setup_hse_3v3
                0x00000000080045b4        0x4 libopencm3/lib/libopencm3_stm32f4.a(rcc.o)
                0x00000000080045b4                rcc_clock_setup_hse_3v3
 .text          0x00000000080045b8        0x0 libopencm3/lib/libopencm3_stm32f4.a(flash_common_all.o)
 .text.flash_prefetch_enable
                0x00000000080045b8       0x10 libopencm3/lib/libopencm3_stm32f4.a(flash_common_all.o)
                0x00000000080045b8                flash_prefetch_enable
 .text.flash_prefetch_disable
                0x00000000080045c8       0x10 libopencm3/lib/libopencm3_stm32f4.a(flash_common_all.o)
                0x00000000080045c8                flash_prefetch_disable
 .text.flash_set_ws
                0x00000000080045d8       0x14 libopencm3/lib/libopencm3_stm32f4.a(flash_common_all.o)
                0x00000000080045d8                flash_set_ws
 .text.flash_unlock_option_bytes
                0x00000000080045ec       0x18 libopencm3/lib/libopencm3_stm32f4.a(flash_common_all.o)
                0x00000000080045ec                flash_unlock_option_bytes
 .text          0x0000000008004604        0x0 libopencm3/lib/libopencm3_stm32f4.a(flash_common_idcache.o)
 .text.flash_dcache_enable
                0x0000000008004604       0x10 libopencm3/lib/libopencm3_stm32f4.a(flash_common_idcache.o)
                0x0000000008004604                flash_dcache_enable
 .text.flash_dcache_disable
                0x0000000008004614       0x10 libopencm3/lib/libopencm3_stm32f4.a(flash_common_idcache.o)
                0x0000000008004614                flash_dcache_disable
 .text.flash_icache_enable
                0x0000000008004624       0x10 libopencm3/lib/libopencm3_stm32f4.a(flash_common_idcache.o)
                0x0000000008004624                flash_icache_enable
 .text.flash_icache_disable
                0x0000000008004634       0x10 libopencm3/lib/libopencm3_stm32f4.a(flash_common_idcache.o)
                0x0000000008004634                flash_icache_disable
 .text.flash_dcache_reset
                0x0000000008004644       0x10 libopencm3/lib/libopencm3_stm32f4.a(flash_common_idcache.o)
                0x0000000008004644                flash_dcache_reset
 .text.flash_icache_reset
                0x0000000008004654       0x10 libopencm3/lib/libopencm3_stm32f4.a(flash_common_idcache.o)
                0x0000000008004654                flash_icache_reset
 .text          0x0000000008004664        0x0 libopencm3/lib/libopencm3_stm32f4.a(pwr.o)
 .text.pwr_set_vos_scale
                0x0000000008004664       0x18 libopencm3/lib/libopencm3_stm32f4.a(pwr.o)
                0x0000000008004664                pwr_set_vos_scale
 .text          0x000000000800467c        0x0 /Users/tyler/miniconda3/envs/memfault/bin/../lib/gcc/arm-none-eabi/8.3.1/../../../../arm-none-eabi/lib/thumb/v7e-m+fp/hard/libg_nano.a(lib_a-errno.o)
 .text.__errno  0x000000000800467c        0xc /Users/tyler/miniconda3/envs/memfault/bin/../lib/gcc/arm-none-eabi/8.3.1/../../../../arm-none-eabi/lib/thumb/v7e-m+fp/hard/libg_nano.a(lib_a-errno.o)
                0x000000000800467c                __errno
 .text          0x0000000008004688        0x0 /Users/tyler/miniconda3/envs/memfault/bin/../lib/gcc/arm-none-eabi/8.3.1/../../../../arm-none-eabi/lib/thumb/v7e-m+fp/hard/libg_nano.a(lib_a-impure.o)
 .text          0x0000000008004688        0x0 /Users/tyler/miniconda3/envs/memfault/bin/../lib/gcc/arm-none-eabi/8.3.1/../../../../arm-none-eabi/lib/thumb/v7e-m+fp/hard/libg_nano.a(lib_a-memcpy-stub.o)
 .text.memcpy   0x0000000008004688       0x1c /Users/tyler/miniconda3/envs/memfault/bin/../lib/gcc/arm-none-eabi/8.3.1/../../../../arm-none-eabi/lib/thumb/v7e-m+fp/hard/libg_nano.a(lib_a-memcpy-stub.o)
                0x0000000008004688                memcpy
 .text          0x00000000080046a4        0x0 /Users/tyler/miniconda3/envs/memfault/bin/../lib/gcc/arm-none-eabi/8.3.1/../../../../arm-none-eabi/lib/thumb/v7e-m+fp/hard/libg_nano.a(lib_a-memset.o)
 .text.memset   0x00000000080046a4       0x10 /Users/tyler/miniconda3/envs/memfault/bin/../lib/gcc/arm-none-eabi/8.3.1/../../../../arm-none-eabi/lib/thumb/v7e-m+fp/hard/libg_nano.a(lib_a-memset.o)
                0x00000000080046a4                memset
 .text          0x00000000080046b4        0x0 /Users/tyler/miniconda3/envs/memfault/bin/../lib/gcc/arm-none-eabi/8.3.1/../../../../arm-none-eabi/lib/thumb/v7e-m+fp/hard/libg_nano.a(lib_a-puts.o)
 .text._puts_r  0x00000000080046b4       0xdc /Users/tyler/miniconda3/envs/memfault/bin/../lib/gcc/arm-none-eabi/8.3.1/../../../../arm-none-eabi/lib/thumb/v7e-m+fp/hard/libg_nano.a(lib_a-puts.o)
                0x00000000080046b4                _puts_r
 .text.puts     0x0000000008004790       0x10 /Users/tyler/miniconda3/envs/memfault/bin/../lib/gcc/arm-none-eabi/8.3.1/../../../../arm-none-eabi/lib/thumb/v7e-m+fp/hard/libg_nano.a(lib_a-puts.o)
                0x0000000008004790                puts
 .text          0x00000000080047a0        0x0 /Users/tyler/miniconda3/envs/memfault/bin/../lib/gcc/arm-none-eabi/8.3.1/../../../../arm-none-eabi/lib/thumb/v7e-m+fp/hard/libg_nano.a(lib_a-snprintf.o)
 .text._snprintf_r
                0x00000000080047a0       0x5e /Users/tyler/miniconda3/envs/memfault/bin/../lib/gcc/arm-none-eabi/8.3.1/../../../../arm-none-eabi/lib/thumb/v7e-m+fp/hard/libg_nano.a(lib_a-snprintf.o)
                0x00000000080047a0                _sniprintf_r
                0x00000000080047a0                _snprintf_r
 *fill*         0x00000000080047fe        0x2 
 .text.snprintf
                0x0000000008004800       0x68 /Users/tyler/miniconda3/envs/memfault/bin/../lib/gcc/arm-none-eabi/8.3.1/../../../../arm-none-eabi/lib/thumb/v7e-m+fp/hard/libg_nano.a(lib_a-snprintf.o)
                0x0000000008004800                snprintf
                0x0000000008004800                sniprintf
 .text          0x0000000008004868       0x14 /Users/tyler/miniconda3/envs/memfault/bin/../lib/gcc/arm-none-eabi/8.3.1/../../../../arm-none-eabi/lib/thumb/v7e-m+fp/hard/libg_nano.a(lib_a-strcmp.o)
                0x0000000008004868                strcmp
 .text          0x000000000800487c       0x10 /Users/tyler/miniconda3/envs/memfault/bin/../lib/gcc/arm-none-eabi/8.3.1/../../../../arm-none-eabi/lib/thumb/v7e-m+fp/hard/libg_nano.a(lib_a-strlen.o)
                0x000000000800487c                strlen
 .text          0x000000000800488c        0x0 /Users/tyler/miniconda3/envs/memfault/bin/../lib/gcc/arm-none-eabi/8.3.1/../../../../arm-none-eabi/lib/thumb/v7e-m+fp/hard/libg_nano.a(lib_a-vsnprintf.o)
 .text._vsnprintf_r
                0x000000000800488c       0x58 /Users/tyler/miniconda3/envs/memfault/bin/../lib/gcc/arm-none-eabi/8.3.1/../../../../arm-none-eabi/lib/thumb/v7e-m+fp/hard/libg_nano.a(lib_a-vsnprintf.o)
                0x000000000800488c                _vsnprintf_r
                0x000000000800488c                _vsniprintf_r
 .text.vsnprintf
                0x00000000080048e4       0x1c /Users/tyler/miniconda3/envs/memfault/bin/../lib/gcc/arm-none-eabi/8.3.1/../../../../arm-none-eabi/lib/thumb/v7e-m+fp/hard/libg_nano.a(lib_a-vsnprintf.o)
                0x00000000080048e4                vsnprintf
                0x00000000080048e4                vsniprintf
 .text          0x0000000008004900        0x0 /Users/tyler/miniconda3/envs/memfault/bin/../lib/gcc/arm-none-eabi/8.3.1/../../../../arm-none-eabi/lib/thumb/v7e-m+fp/hard/libg_nano.a(lib_a-wbuf.o)
 .text.__swbuf_r
                0x0000000008004900       0xa4 /Users/tyler/miniconda3/envs/memfault/bin/../lib/gcc/arm-none-eabi/8.3.1/../../../../arm-none-eabi/lib/thumb/v7e-m+fp/hard/libg_nano.a(lib_a-wbuf.o)
                0x0000000008004900                __swbuf_r
 .text.__swbuf  0x00000000080049a4       0x10 /Users/tyler/miniconda3/envs/memfault/bin/../lib/gcc/arm-none-eabi/8.3.1/../../../../arm-none-eabi/lib/thumb/v7e-m+fp/hard/libg_nano.a(lib_a-wbuf.o)
                0x00000000080049a4                __swbuf
 .text          0x00000000080049b4        0x0 /Users/tyler/miniconda3/envs/memfault/bin/../lib/gcc/arm-none-eabi/8.3.1/../../../../arm-none-eabi/lib/thumb/v7e-m+fp/hard/libg_nano.a(lib_a-wsetup.o)
 .text.__swsetup_r
                0x00000000080049b4       0xdc /Users/tyler/miniconda3/envs/memfault/bin/../lib/gcc/arm-none-eabi/8.3.1/../../../../arm-none-eabi/lib/thumb/v7e-m+fp/hard/libg_nano.a(lib_a-wsetup.o)
                0x00000000080049b4                __swsetup_r
 .text          0x0000000008004a90        0x0 /Users/tyler/miniconda3/envs/memfault/bin/../lib/gcc/arm-none-eabi/8.3.1/../../../../arm-none-eabi/lib/thumb/v7e-m+fp/hard/libg_nano.a(lib_a-fflush.o)
 .text.__sflush_r
                0x0000000008004a90      0x10c /Users/tyler/miniconda3/envs/memfault/bin/../lib/gcc/arm-none-eabi/8.3.1/../../../../arm-none-eabi/lib/thumb/v7e-m+fp/hard/libg_nano.a(lib_a-fflush.o)
                0x0000000008004a90                __sflush_r
 .text._fflush_r
                0x0000000008004b9c       0x78 /Users/tyler/miniconda3/envs/memfault/bin/../lib/gcc/arm-none-eabi/8.3.1/../../../../arm-none-eabi/lib/thumb/v7e-m+fp/hard/libg_nano.a(lib_a-fflush.o)
                0x0000000008004b9c                _fflush_r
 .text.fflush   0x0000000008004c14       0x24 /Users/tyler/miniconda3/envs/memfault/bin/../lib/gcc/arm-none-eabi/8.3.1/../../../../arm-none-eabi/lib/thumb/v7e-m+fp/hard/libg_nano.a(lib_a-fflush.o)
                0x0000000008004c14                fflush
 .text          0x0000000008004c38        0x0 /Users/tyler/miniconda3/envs/memfault/bin/../lib/gcc/arm-none-eabi/8.3.1/../../../../arm-none-eabi/lib/thumb/v7e-m+fp/hard/libg_nano.a(lib_a-findfp.o)
 .text.std      0x0000000008004c38       0x48 /Users/tyler/miniconda3/envs/memfault/bin/../lib/gcc/arm-none-eabi/8.3.1/../../../../arm-none-eabi/lib/thumb/v7e-m+fp/hard/libg_nano.a(lib_a-findfp.o)
 .text._cleanup_r
                0x0000000008004c80        0xc /Users/tyler/miniconda3/envs/memfault/bin/../lib/gcc/arm-none-eabi/8.3.1/../../../../arm-none-eabi/lib/thumb/v7e-m+fp/hard/libg_nano.a(lib_a-findfp.o)
                0x0000000008004c80                _cleanup_r
 .text.__fp_lock
                0x0000000008004c8c       0x18 /Users/tyler/miniconda3/envs/memfault/bin/../lib/gcc/arm-none-eabi/8.3.1/../../../../arm-none-eabi/lib/thumb/v7e-m+fp/hard/libg_nano.a(lib_a-findfp.o)
 .text.__fp_unlock
                0x0000000008004ca4       0x18 /Users/tyler/miniconda3/envs/memfault/bin/../lib/gcc/arm-none-eabi/8.3.1/../../../../arm-none-eabi/lib/thumb/v7e-m+fp/hard/libg_nano.a(lib_a-findfp.o)
 .text.__sfmoreglue
                0x0000000008004cbc       0x2c /Users/tyler/miniconda3/envs/memfault/bin/../lib/gcc/arm-none-eabi/8.3.1/../../../../arm-none-eabi/lib/thumb/v7e-m+fp/hard/libg_nano.a(lib_a-findfp.o)
                0x0000000008004cbc                __sfmoreglue
 .text._cleanup
                0x0000000008004ce8        0xc /Users/tyler/miniconda3/envs/memfault/bin/../lib/gcc/arm-none-eabi/8.3.1/../../../../arm-none-eabi/lib/thumb/v7e-m+fp/hard/libg_nano.a(lib_a-findfp.o)
                0x0000000008004ce8                _cleanup
 .text.__sfp_lock_acquire
                0x0000000008004cf4        0xc /Users/tyler/miniconda3/envs/memfault/bin/../lib/gcc/arm-none-eabi/8.3.1/../../../../arm-none-eabi/lib/thumb/v7e-m+fp/hard/libg_nano.a(lib_a-findfp.o)
                0x0000000008004cf4                __sfp_lock_acquire
 .text.__sfp_lock_release
                0x0000000008004d00        0xc /Users/tyler/miniconda3/envs/memfault/bin/../lib/gcc/arm-none-eabi/8.3.1/../../../../arm-none-eabi/lib/thumb/v7e-m+fp/hard/libg_nano.a(lib_a-findfp.o)
                0x0000000008004d00                __sfp_lock_release
 .text.__sinit_lock_acquire
                0x0000000008004d0c        0xc /Users/tyler/miniconda3/envs/memfault/bin/../lib/gcc/arm-none-eabi/8.3.1/../../../../arm-none-eabi/lib/thumb/v7e-m+fp/hard/libg_nano.a(lib_a-findfp.o)
                0x0000000008004d0c                __sinit_lock_acquire
 .text.__sinit_lock_release
                0x0000000008004d18        0xc /Users/tyler/miniconda3/envs/memfault/bin/../lib/gcc/arm-none-eabi/8.3.1/../../../../arm-none-eabi/lib/thumb/v7e-m+fp/hard/libg_nano.a(lib_a-findfp.o)
                0x0000000008004d18                __sinit_lock_release
 .text.__sinit  0x0000000008004d24       0x70 /Users/tyler/miniconda3/envs/memfault/bin/../lib/gcc/arm-none-eabi/8.3.1/../../../../arm-none-eabi/lib/thumb/v7e-m+fp/hard/libg_nano.a(lib_a-findfp.o)
                0x0000000008004d24                __sinit
 .text.__sfp    0x0000000008004d94       0x8c /Users/tyler/miniconda3/envs/memfault/bin/../lib/gcc/arm-none-eabi/8.3.1/../../../../arm-none-eabi/lib/thumb/v7e-m+fp/hard/libg_nano.a(lib_a-findfp.o)
                0x0000000008004d94                __sfp
 .text.__fp_lock_all
                0x0000000008004e20       0x1c /Users/tyler/miniconda3/envs/memfault/bin/../lib/gcc/arm-none-eabi/8.3.1/../../../../arm-none-eabi/lib/thumb/v7e-m+fp/hard/libg_nano.a(lib_a-findfp.o)
                0x0000000008004e20                __fp_lock_all
 .text.__fp_unlock_all
                0x0000000008004e3c       0x1c /Users/tyler/miniconda3/envs/memfault/bin/../lib/gcc/arm-none-eabi/8.3.1/../../../../arm-none-eabi/lib/thumb/v7e-m+fp/hard/libg_nano.a(lib_a-findfp.o)
                0x0000000008004e3c                __fp_unlock_all
 .text          0x0000000008004e58        0x0 /Users/tyler/miniconda3/envs/memfault/bin/../lib/gcc/arm-none-eabi/8.3.1/../../../../arm-none-eabi/lib/thumb/v7e-m+fp/hard/libg_nano.a(lib_a-fwalk.o)
 .text._fwalk   0x0000000008004e58       0x38 /Users/tyler/miniconda3/envs/memfault/bin/../lib/gcc/arm-none-eabi/8.3.1/../../../../arm-none-eabi/lib/thumb/v7e-m+fp/hard/libg_nano.a(lib_a-fwalk.o)
                0x0000000008004e58                _fwalk
 .text._fwalk_reent
                0x0000000008004e90       0x3c /Users/tyler/miniconda3/envs/memfault/bin/../lib/gcc/arm-none-eabi/8.3.1/../../../../arm-none-eabi/lib/thumb/v7e-m+fp/hard/libg_nano.a(lib_a-fwalk.o)
                0x0000000008004e90                _fwalk_reent
 .text          0x0000000008004ecc        0x0 /Users/tyler/miniconda3/envs/memfault/bin/../lib/gcc/arm-none-eabi/8.3.1/../../../../arm-none-eabi/lib/thumb/v7e-m+fp/hard/libg_nano.a(lib_a-lock.o)
 .text.__retarget_lock_init
                0x0000000008004ecc        0x2 /Users/tyler/miniconda3/envs/memfault/bin/../lib/gcc/arm-none-eabi/8.3.1/../../../../arm-none-eabi/lib/thumb/v7e-m+fp/hard/libg_nano.a(lib_a-lock.o)
                0x0000000008004ecc                __retarget_lock_init
 .text.__retarget_lock_init_recursive
                0x0000000008004ece        0x2 /Users/tyler/miniconda3/envs/memfault/bin/../lib/gcc/arm-none-eabi/8.3.1/../../../../arm-none-eabi/lib/thumb/v7e-m+fp/hard/libg_nano.a(lib_a-lock.o)
                0x0000000008004ece                __retarget_lock_init_recursive
 .text.__retarget_lock_close
                0x0000000008004ed0        0x2 /Users/tyler/miniconda3/envs/memfault/bin/../lib/gcc/arm-none-eabi/8.3.1/../../../../arm-none-eabi/lib/thumb/v7e-m+fp/hard/libg_nano.a(lib_a-lock.o)
                0x0000000008004ed0                __retarget_lock_close
 .text.__retarget_lock_close_recursive
                0x0000000008004ed2        0x2 /Users/tyler/miniconda3/envs/memfault/bin/../lib/gcc/arm-none-eabi/8.3.1/../../../../arm-none-eabi/lib/thumb/v7e-m+fp/hard/libg_nano.a(lib_a-lock.o)
                0x0000000008004ed2                __retarget_lock_close_recursive
 .text.__retarget_lock_acquire
                0x0000000008004ed4        0x2 /Users/tyler/miniconda3/envs/memfault/bin/../lib/gcc/arm-none-eabi/8.3.1/../../../../arm-none-eabi/lib/thumb/v7e-m+fp/hard/libg_nano.a(lib_a-lock.o)
                0x0000000008004ed4                __retarget_lock_acquire
 .text.__retarget_lock_acquire_recursive
                0x0000000008004ed6        0x2 /Users/tyler/miniconda3/envs/memfault/bin/../lib/gcc/arm-none-eabi/8.3.1/../../../../arm-none-eabi/lib/thumb/v7e-m+fp/hard/libg_nano.a(lib_a-lock.o)
                0x0000000008004ed6                __retarget_lock_acquire_recursive
 .text.__retarget_lock_try_acquire
                0x0000000008004ed8        0x4 /Users/tyler/miniconda3/envs/memfault/bin/../lib/gcc/arm-none-eabi/8.3.1/../../../../arm-none-eabi/lib/thumb/v7e-m+fp/hard/libg_nano.a(lib_a-lock.o)
                0x0000000008004ed8                __retarget_lock_try_acquire
 .text.__retarget_lock_try_acquire_recursive
                0x0000000008004edc        0x4 /Users/tyler/miniconda3/envs/memfault/bin/../lib/gcc/arm-none-eabi/8.3.1/../../../../arm-none-eabi/lib/thumb/v7e-m+fp/hard/libg_nano.a(lib_a-lock.o)
                0x0000000008004edc                __retarget_lock_try_acquire_recursive
 .text.__retarget_lock_release
                0x0000000008004ee0        0x2 /Users/tyler/miniconda3/envs/memfault/bin/../lib/gcc/arm-none-eabi/8.3.1/../../../../arm-none-eabi/lib/thumb/v7e-m+fp/hard/libg_nano.a(lib_a-lock.o)
                0x0000000008004ee0                __retarget_lock_release
 .text.__retarget_lock_release_recursive
                0x0000000008004ee2        0x2 /Users/tyler/miniconda3/envs/memfault/bin/../lib/gcc/arm-none-eabi/8.3.1/../../../../arm-none-eabi/lib/thumb/v7e-m+fp/hard/libg_nano.a(lib_a-lock.o)
                0x0000000008004ee2                __retarget_lock_release_recursive
 .text          0x0000000008004ee4        0x0 /Users/tyler/miniconda3/envs/memfault/bin/../lib/gcc/arm-none-eabi/8.3.1/../../../../arm-none-eabi/lib/thumb/v7e-m+fp/hard/libg_nano.a(lib_a-makebuf.o)
 .text.__swhatbuf_r
                0x0000000008004ee4       0x48 /Users/tyler/miniconda3/envs/memfault/bin/../lib/gcc/arm-none-eabi/8.3.1/../../../../arm-none-eabi/lib/thumb/v7e-m+fp/hard/libg_nano.a(lib_a-makebuf.o)
                0x0000000008004ee4                __swhatbuf_r
 .text.__smakebuf_r
                0x0000000008004f2c       0x80 /Users/tyler/miniconda3/envs/memfault/bin/../lib/gcc/arm-none-eabi/8.3.1/../../../../arm-none-eabi/lib/thumb/v7e-m+fp/hard/libg_nano.a(lib_a-makebuf.o)
                0x0000000008004f2c                __smakebuf_r
 .text          0x0000000008004fac        0x0 /Users/tyler/miniconda3/envs/memfault/bin/../lib/gcc/arm-none-eabi/8.3.1/../../../../arm-none-eabi/lib/thumb/v7e-m+fp/hard/libg_nano.a(lib_a-nano-freer.o)
 .text._free_r  0x0000000008004fac       0x9c /Users/tyler/miniconda3/envs/memfault/bin/../lib/gcc/arm-none-eabi/8.3.1/../../../../arm-none-eabi/lib/thumb/v7e-m+fp/hard/libg_nano.a(lib_a-nano-freer.o)
                0x0000000008004fac                _free_r
 .text          0x0000000008005048        0x0 /Users/tyler/miniconda3/envs/memfault/bin/../lib/gcc/arm-none-eabi/8.3.1/../../../../arm-none-eabi/lib/thumb/v7e-m+fp/hard/libg_nano.a(lib_a-nano-mallocr.o)
 .text._malloc_r
                0x0000000008005048       0xb4 /Users/tyler/miniconda3/envs/memfault/bin/../lib/gcc/arm-none-eabi/8.3.1/../../../../arm-none-eabi/lib/thumb/v7e-m+fp/hard/libg_nano.a(lib_a-nano-mallocr.o)
                0x0000000008005048                _malloc_r
 .text          0x00000000080050fc        0x0 /Users/tyler/miniconda3/envs/memfault/bin/../lib/gcc/arm-none-eabi/8.3.1/../../../../arm-none-eabi/lib/thumb/v7e-m+fp/hard/libg_nano.a(lib_a-nano-svfprintf.o)
 .text.__ssputs_r
                0x00000000080050fc       0xb6 /Users/tyler/miniconda3/envs/memfault/bin/../lib/gcc/arm-none-eabi/8.3.1/../../../../arm-none-eabi/lib/thumb/v7e-m+fp/hard/libg_nano.a(lib_a-nano-svfprintf.o)
                0x00000000080050fc                __ssputs_r
 .text.__ssprint_r
                0x00000000080051b2       0xf0 /Users/tyler/miniconda3/envs/memfault/bin/../lib/gcc/arm-none-eabi/8.3.1/../../../../arm-none-eabi/lib/thumb/v7e-m+fp/hard/libg_nano.a(lib_a-nano-svfprintf.o)
                0x00000000080051b2                __ssprint_r
 *fill*         0x00000000080052a2        0x2 
 .text._svfprintf_r
                0x00000000080052a4      0x1f0 /Users/tyler/miniconda3/envs/memfault/bin/../lib/gcc/arm-none-eabi/8.3.1/../../../../arm-none-eabi/lib/thumb/v7e-m+fp/hard/libg_nano.a(lib_a-nano-svfprintf.o)
                0x00000000080052a4                _svfprintf_r
                0x00000000080052a4                _svfiprintf_r
 .text          0x0000000008005494        0x0 /Users/tyler/miniconda3/envs/memfault/bin/../lib/gcc/arm-none-eabi/8.3.1/../../../../arm-none-eabi/lib/thumb/v7e-m+fp/hard/libg_nano.a(lib_a-nano-vfprintf_i.o)
 .text._printf_common
                0x0000000008005494       0xea /Users/tyler/miniconda3/envs/memfault/bin/../lib/gcc/arm-none-eabi/8.3.1/../../../../arm-none-eabi/lib/thumb/v7e-m+fp/hard/libg_nano.a(lib_a-nano-vfprintf_i.o)
                0x0000000008005494                _printf_common
 *fill*         0x000000000800557e        0x2 
 .text._printf_i
                0x0000000008005580      0x228 /Users/tyler/miniconda3/envs/memfault/bin/../lib/gcc/arm-none-eabi/8.3.1/../../../../arm-none-eabi/lib/thumb/v7e-m+fp/hard/libg_nano.a(lib_a-nano-vfprintf_i.o)
                0x0000000008005580                _printf_i
 .text          0x00000000080057a8        0x0 /Users/tyler/miniconda3/envs/memfault/bin/../lib/gcc/arm-none-eabi/8.3.1/../../../../arm-none-eabi/lib/thumb/v7e-m+fp/hard/libg_nano.a(lib_a-sbrkr.o)
 .text._sbrk_r  0x00000000080057a8       0x20 /Users/tyler/miniconda3/envs/memfault/bin/../lib/gcc/arm-none-eabi/8.3.1/../../../../arm-none-eabi/lib/thumb/v7e-m+fp/hard/libg_nano.a(lib_a-sbrkr.o)
                0x00000000080057a8                _sbrk_r
 .text          0x00000000080057c8        0x0 /Users/tyler/miniconda3/envs/memfault/bin/../lib/gcc/arm-none-eabi/8.3.1/../../../../arm-none-eabi/lib/thumb/v7e-m+fp/hard/libg_nano.a(lib_a-stdio.o)
 .text.__sread  0x00000000080057c8       0x22 /Users/tyler/miniconda3/envs/memfault/bin/../lib/gcc/arm-none-eabi/8.3.1/../../../../arm-none-eabi/lib/thumb/v7e-m+fp/hard/libg_nano.a(lib_a-stdio.o)
                0x00000000080057c8                __sread
 .text.__seofread
                0x00000000080057ea        0x4 /Users/tyler/miniconda3/envs/memfault/bin/../lib/gcc/arm-none-eabi/8.3.1/../../../../arm-none-eabi/lib/thumb/v7e-m+fp/hard/libg_nano.a(lib_a-stdio.o)
                0x00000000080057ea                __seofread
 .text.__swrite
                0x00000000080057ee       0x38 /Users/tyler/miniconda3/envs/memfault/bin/../lib/gcc/arm-none-eabi/8.3.1/../../../../arm-none-eabi/lib/thumb/v7e-m+fp/hard/libg_nano.a(lib_a-stdio.o)
                0x00000000080057ee                __swrite
 .text.__sseek  0x0000000008005826       0x24 /Users/tyler/miniconda3/envs/memfault/bin/../lib/gcc/arm-none-eabi/8.3.1/../../../../arm-none-eabi/lib/thumb/v7e-m+fp/hard/libg_nano.a(lib_a-stdio.o)
                0x0000000008005826                __sseek
 .text.__sclose
                0x000000000800584a        0x8 /Users/tyler/miniconda3/envs/memfault/bin/../lib/gcc/arm-none-eabi/8.3.1/../../../../arm-none-eabi/lib/thumb/v7e-m+fp/hard/libg_nano.a(lib_a-stdio.o)
                0x000000000800584a                __sclose
 .text          0x0000000008005852        0x0 /Users/tyler/miniconda3/envs/memfault/bin/../lib/gcc/arm-none-eabi/8.3.1/../../../../arm-none-eabi/lib/thumb/v7e-m+fp/hard/libg_nano.a(lib_a-writer.o)
 *fill*         0x0000000008005852        0x2 
 .text._write_r
                0x0000000008005854       0x24 /Users/tyler/miniconda3/envs/memfault/bin/../lib/gcc/arm-none-eabi/8.3.1/../../../../arm-none-eabi/lib/thumb/v7e-m+fp/hard/libg_nano.a(lib_a-writer.o)
                0x0000000008005854                _write_r
 .text          0x0000000008005878        0x0 /Users/tyler/miniconda3/envs/memfault/bin/../lib/gcc/arm-none-eabi/8.3.1/../../../../arm-none-eabi/lib/thumb/v7e-m+fp/hard/libg_nano.a(lib_a-closer.o)
 .text._close_r
                0x0000000008005878       0x20 /Users/tyler/miniconda3/envs/memfault/bin/../lib/gcc/arm-none-eabi/8.3.1/../../../../arm-none-eabi/lib/thumb/v7e-m+fp/hard/libg_nano.a(lib_a-closer.o)
                0x0000000008005878                _close_r
 .text          0x0000000008005898        0x0 /Users/tyler/miniconda3/envs/memfault/bin/../lib/gcc/arm-none-eabi/8.3.1/../../../../arm-none-eabi/lib/thumb/v7e-m+fp/hard/libg_nano.a(lib_a-fstatr.o)
 .text._fstat_r
                0x0000000008005898       0x24 /Users/tyler/miniconda3/envs/memfault/bin/../lib/gcc/arm-none-eabi/8.3.1/../../../../arm-none-eabi/lib/thumb/v7e-m+fp/hard/libg_nano.a(lib_a-fstatr.o)
                0x0000000008005898                _fstat_r
 .text          0x00000000080058bc        0x0 /Users/tyler/miniconda3/envs/memfault/bin/../lib/gcc/arm-none-eabi/8.3.1/../../../../arm-none-eabi/lib/thumb/v7e-m+fp/hard/libg_nano.a(lib_a-isattyr.o)
 .text._isatty_r
                0x00000000080058bc       0x20 /Users/tyler/miniconda3/envs/memfault/bin/../lib/gcc/arm-none-eabi/8.3.1/../../../../arm-none-eabi/lib/thumb/v7e-m+fp/hard/libg_nano.a(lib_a-isattyr.o)
                0x00000000080058bc                _isatty_r
 .text          0x00000000080058dc        0x0 /Users/tyler/miniconda3/envs/memfault/bin/../lib/gcc/arm-none-eabi/8.3.1/../../../../arm-none-eabi/lib/thumb/v7e-m+fp/hard/libg_nano.a(lib_a-lseekr.o)
 .text._lseek_r
                0x00000000080058dc       0x24 /Users/tyler/miniconda3/envs/memfault/bin/../lib/gcc/arm-none-eabi/8.3.1/../../../../arm-none-eabi/lib/thumb/v7e-m+fp/hard/libg_nano.a(lib_a-lseekr.o)
                0x00000000080058dc                _lseek_r
 .text          0x0000000008005900       0xa0 /Users/tyler/miniconda3/envs/memfault/bin/../lib/gcc/arm-none-eabi/8.3.1/../../../../arm-none-eabi/lib/thumb/v7e-m+fp/hard/libg_nano.a(lib_a-memchr.o)
                0x0000000008005900                memchr
 .text          0x00000000080059a0        0x0 /Users/tyler/miniconda3/envs/memfault/bin/../lib/gcc/arm-none-eabi/8.3.1/../../../../arm-none-eabi/lib/thumb/v7e-m+fp/hard/libg_nano.a(lib_a-memmove.o)
 .text.memmove  0x00000000080059a0       0x34 /Users/tyler/miniconda3/envs/memfault/bin/../lib/gcc/arm-none-eabi/8.3.1/../../../../arm-none-eabi/lib/thumb/v7e-m+fp/hard/libg_nano.a(lib_a-memmove.o)
                0x00000000080059a0                memmove
 .text          0x00000000080059d4        0x0 /Users/tyler/miniconda3/envs/memfault/bin/../lib/gcc/arm-none-eabi/8.3.1/../../../../arm-none-eabi/lib/thumb/v7e-m+fp/hard/libg_nano.a(lib_a-mlock.o)
 .text.__malloc_lock
                0x00000000080059d4        0xc /Users/tyler/miniconda3/envs/memfault/bin/../lib/gcc/arm-none-eabi/8.3.1/../../../../arm-none-eabi/lib/thumb/v7e-m+fp/hard/libg_nano.a(lib_a-mlock.o)
                0x00000000080059d4                __malloc_lock
 .text.__malloc_unlock
                0x00000000080059e0        0xc /Users/tyler/miniconda3/envs/memfault/bin/../lib/gcc/arm-none-eabi/8.3.1/../../../../arm-none-eabi/lib/thumb/v7e-m+fp/hard/libg_nano.a(lib_a-mlock.o)
                0x00000000080059e0                __malloc_unlock
 .text          0x00000000080059ec        0x0 /Users/tyler/miniconda3/envs/memfault/bin/../lib/gcc/arm-none-eabi/8.3.1/../../../../arm-none-eabi/lib/thumb/v7e-m+fp/hard/libg_nano.a(lib_a-nano-reallocr.o)
 .text._realloc_r
                0x00000000080059ec       0x4c /Users/tyler/miniconda3/envs/memfault/bin/../lib/gcc/arm-none-eabi/8.3.1/../../../../arm-none-eabi/lib/thumb/v7e-m+fp/hard/libg_nano.a(lib_a-nano-reallocr.o)
                0x00000000080059ec                _realloc_r
 .text          0x0000000008005a38        0x0 /Users/tyler/miniconda3/envs/memfault/bin/../lib/gcc/arm-none-eabi/8.3.1/../../../../arm-none-eabi/lib/thumb/v7e-m+fp/hard/libg_nano.a(lib_a-readr.o)
 .text._read_r  0x0000000008005a38       0x24 /Users/tyler/miniconda3/envs/memfault/bin/../lib/gcc/arm-none-eabi/8.3.1/../../../../arm-none-eabi/lib/thumb/v7e-m+fp/hard/libg_nano.a(lib_a-readr.o)
                0x0000000008005a38                _read_r
 .text          0x0000000008005a5c        0x0 /Users/tyler/miniconda3/envs/memfault/bin/../lib/gcc/arm-none-eabi/8.3.1/../../../../arm-none-eabi/lib/thumb/v7e-m+fp/hard/libg_nano.a(lib_a-reent.o)
 .text.cleanup_glue
                0x0000000008005a5c       0x1a /Users/tyler/miniconda3/envs/memfault/bin/../lib/gcc/arm-none-eabi/8.3.1/../../../../arm-none-eabi/lib/thumb/v7e-m+fp/hard/libg_nano.a(lib_a-reent.o)
                0x0000000008005a5c                cleanup_glue
 *fill*         0x0000000008005a76        0x2 
 .text._reclaim_reent
                0x0000000008005a78       0xb8 /Users/tyler/miniconda3/envs/memfault/bin/../lib/gcc/arm-none-eabi/8.3.1/../../../../arm-none-eabi/lib/thumb/v7e-m+fp/hard/libg_nano.a(lib_a-reent.o)
                0x0000000008005a78                _reclaim_reent
 .text          0x0000000008005b30        0x0 /Users/tyler/miniconda3/envs/memfault/bin/../lib/gcc/arm-none-eabi/8.3.1/../../../../arm-none-eabi/lib/thumb/v7e-m+fp/hard/libg_nano.a(lib_a-nano-msizer.o)
 .text._malloc_usable_size_r
                0x0000000008005b30       0x10 /Users/tyler/miniconda3/envs/memfault/bin/../lib/gcc/arm-none-eabi/8.3.1/../../../../arm-none-eabi/lib/thumb/v7e-m+fp/hard/libg_nano.a(lib_a-nano-msizer.o)
                0x0000000008005b30                _malloc_usable_size_r
                0x0000000008005b40                . = ALIGN (0x4)
 *(.rodata*)
 .rodata        0x0000000008005b40       0x48 /var/folders/km/wl77s0q16q92p4vz3t767x980000gn/T//ccsAnyjm.o
 .rodata        0x0000000008005b88       0x8b /var/folders/km/wl77s0q16q92p4vz3t767x980000gn/T//cc5pDn8i.o
 *fill*         0x0000000008005c13        0x1 
 .rodata.s_shell_commands
                0x0000000008005c14       0x30 /var/folders/km/wl77s0q16q92p4vz3t767x980000gn/T//cc5pDn8i.o
 .rodata.g_shell_commands
                0x0000000008005c44        0x4 /var/folders/km/wl77s0q16q92p4vz3t767x980000gn/T//cc5pDn8i.o
                0x0000000008005c44                g_shell_commands
 .rodata.g_num_shell_commands