Archive member included to satisfy reference by file (symbol)

libopencm3/lib/libopencm3_stm32f4.a(gpio_common_f0234.o)
                              /var/folders/km/wl77s0q16q92p4vz3t767x980000gn/T//cc0nLmME.o (gpio_mode_setup)
libopencm3/lib/libopencm3_stm32f4.a(rcc_common_all.o)
                              /var/folders/km/wl77s0q16q92p4vz3t767x980000gn/T//ccFDsfoq.o (rcc_periph_clock_enable)
libopencm3/lib/libopencm3_stm32f4.a(usart_common_all.o)
                              /var/folders/km/wl77s0q16q92p4vz3t767x980000gn/T//ccyZWQs5.o (usart_set_baudrate)
libopencm3/lib/libopencm3_stm32f4.a(usart_common_f124.o)
                              libopencm3/lib/libopencm3_stm32f4.a(usart_common_all.o) (usart_send)
libopencm3/lib/libopencm3_stm32f4.a(vector.o)
                              (reset_handler)
libopencm3/lib/libopencm3_stm32f4.a(rcc.o)
                              libopencm3/lib/libopencm3_stm32f4.a(usart_common_all.o) (rcc_apb2_frequency)
libopencm3/lib/libopencm3_stm32f4.a(flash_common_all.o)
                              libopencm3/lib/libopencm3_stm32f4.a(rcc.o) (flash_set_ws)
libopencm3/lib/libopencm3_stm32f4.a(flash_common_idcache.o)
                              libopencm3/lib/libopencm3_stm32f4.a(rcc.o) (flash_dcache_enable)
libopencm3/lib/libopencm3_stm32f4.a(pwr.o)
                              libopencm3/lib/libopencm3_stm32f4.a(rcc.o) (pwr_set_vos_scale)
/Users/tyler/miniconda3/envs/memfault/bin/../lib/gcc/arm-none-eabi/8.3.1/../../../../arm-none-eabi/lib/thumb/v7e-m+fp/hard/libg_nano.a(lib_a-errno.o)
                              /var/folders/km/wl77s0q16q92p4vz3t767x980000gn/T//cc3Qb6Hd.o (__errno)
/Users/tyler/miniconda3/envs/memfault/bin/../lib/gcc/arm-none-eabi/8.3.1/../../../../arm-none-eabi/lib/thumb/v7e-m+fp/hard/libg_nano.a(lib_a-impure.o)
                              /Users/tyler/miniconda3/envs/memfault/bin/../lib/gcc/arm-none-eabi/8.3.1/../../../../arm-none-eabi/lib/thumb/v7e-m+fp/hard/libg_nano.a(lib_a-errno.o) (_impure_ptr)
/Users/tyler/miniconda3/envs/memfault/bin/../lib/gcc/arm-none-eabi/8.3.1/../../../../arm-none-eabi/lib/thumb/v7e-m+fp/hard/libg_nano.a(lib_a-memcpy-stub.o)
                              /var/folders/km/wl77s0q16q92p4vz3t767x980000gn/T//ccR7g9sR.o (memcpy)
/Users/tyler/miniconda3/envs/memfault/bin/../lib/gcc/arm-none-eabi/8.3.1/../../../../arm-none-eabi/lib/thumb/v7e-m+fp/hard/libg_nano.a(lib_a-memset.o)
                              /var/folders/km/wl77s0q16q92p4vz3t767x980000gn/T//ccIwgh9C.o (memset)
/Users/tyler/miniconda3/envs/memfault/bin/../lib/gcc/arm-none-eabi/8.3.1/../../../../arm-none-eabi/lib/thumb/v7e-m+fp/hard/libg_nano.a(lib_a-puts.o)
                              /var/folders/km/wl77s0q16q92p4vz3t767x980000gn/T//ccS6CQji.o (puts)
/Users/tyler/miniconda3/envs/memfault/bin/../lib/gcc/arm-none-eabi/8.3.1/../../../../arm-none-eabi/lib/thumb/v7e-m+fp/hard/libg_nano.a(lib_a-snprintf.o)
                              /var/folders/km/wl77s0q16q92p4vz3t767x980000gn/T//cc833kvj.o (snprintf)
/Users/tyler/miniconda3/envs/memfault/bin/../lib/gcc/arm-none-eabi/8.3.1/../../../../arm-none-eabi/lib/thumb/v7e-m+fp/hard/libg_nano.a(lib_a-strcmp.o)
                              /var/folders/km/wl77s0q16q92p4vz3t767x980000gn/T//ccIwgh9C.o (strcmp)
/Users/tyler/miniconda3/envs/memfault/bin/../lib/gcc/arm-none-eabi/8.3.1/../../../../arm-none-eabi/lib/thumb/v7e-m+fp/hard/libg_nano.a(lib_a-strlen.o)
                              /var/folders/km/wl77s0q16q92p4vz3t767x980000gn/T//ccUh6QxC.o (strlen)
/Users/tyler/miniconda3/envs/memfault/bin/../lib/gcc/arm-none-eabi/8.3.1/../../../../arm-none-eabi/lib/thumb/v7e-m+fp/hard/libg_nano.a(lib_a-vsnprintf.o)
                              /var/folders/km/wl77s0q16q92p4vz3t767x980000gn/T//cc833kvj.o (vsnprintf)
/Users/tyler/miniconda3/envs/memfault/bin/../lib/gcc/arm-none-eabi/8.3.1/../../../../arm-none-eabi/lib/thumb/v7e-m+fp/hard/libg_nano.a(lib_a-wbuf.o)
                              /Users/tyler/miniconda3/envs/memfault/bin/../lib/gcc/arm-none-eabi/8.3.1/../../../../arm-none-eabi/lib/thumb/v7e-m+fp/hard/libg_nano.a(lib_a-puts.o) (__swbuf_r)
/Users/tyler/miniconda3/envs/memfault/bin/../lib/gcc/arm-none-eabi/8.3.1/../../../../arm-none-eabi/lib/thumb/v7e-m+fp/hard/libg_nano.a(lib_a-wsetup.o)
                              /Users/tyler/miniconda3/envs/memfault/bin/../lib/gcc/arm-none-eabi/8.3.1/../../../../arm-none-eabi/lib/thumb/v7e-m+fp/hard/libg_nano.a(lib_a-puts.o) (__swsetup_r)
/Users/tyler/miniconda3/envs/memfault/bin/../lib/gcc/arm-none-eabi/8.3.1/../../../../arm-none-eabi/lib/thumb/v7e-m+fp/hard/libg_nano.a(lib_a-fflush.o)
                              /Users/tyler/miniconda3/envs/memfault/bin/../lib/gcc/arm-none-eabi/8.3.1/../../../../arm-none-eabi/lib/thumb/v7e-m+fp/hard/libg_nano.a(lib_a-wbuf.o) (_fflush_r)
/Users/tyler/miniconda3/envs/memfault/bin/../lib/gcc/arm-none-eabi/8.3.1/../../../../arm-none-eabi/lib/thumb/v7e-m+fp/hard/libg_nano.a(lib_a-findfp.o)
[...]
Memory Configuration

Name             Origin             Length             Attributes
ram              0x0000000020000000 0x0000000000010000 xrw
coredump         0x0000000020010000 0x0000000000014000 xrw
reboot           0x0000000020024000 0x0000000000000400 xrw
rom              0x0000000008000000 0x0000000000100000 xr
*default*        0x0000000000000000 0xffffffffffffffff

Linker script and memory map

START GROUP
LOAD /Users/tyler/miniconda3/envs/memfault/bin/../lib/gcc/arm-none-eabi/8.3.1/../../../../arm-none-eabi/lib/thumb/v7e-m+fp/hard/libc_nano.a
LOAD /Users/tyler/miniconda3/envs/memfault/bin/../lib/gcc/arm-none-eabi/8.3.1/thumb/v7e-m+fp/hard/libgcc.a
LOAD /Users/tyler/miniconda3/envs/memfault/bin/../lib/gcc/arm-none-eabi/8.3.1/../../../../arm-none-eabi/lib/thumb/v7e-m+fp/hard/libnosys.a
END GROUP
LOAD /var/folders/km/wl77s0q16q92p4vz3t767x980000gn/T//ccS6CQji.o
LOAD /var/folders/km/wl77s0q16q92p4vz3t767x980000gn/T//cc1C54pZ.o
LOAD /var/folders/km/wl77s0q16q92p4vz3t767x980000gn/T//ccIwgh9C.o
LOAD /var/folders/km/wl77s0q16q92p4vz3t767x980000gn/T//ccFDsfoq.o
LOAD /var/folders/km/wl77s0q16q92p4vz3t767x980000gn/T//cc0nLmME.o
LOAD /var/folders/km/wl77s0q16q92p4vz3t767x980000gn/T//ccyZWQs5.o
LOAD /var/folders/km/wl77s0q16q92p4vz3t767x980000gn/T//cc3Qb6Hd.o
LOAD /var/folders/km/wl77s0q16q92p4vz3t767x980000gn/T//ccFGuMPW.o
LOAD /var/folders/km/wl77s0q16q92p4vz3t767x980000gn/T//ccVwkKni.o
LOAD /var/folders/km/wl77s0q16q92p4vz3t767x980000gn/T//ccR7g9sR.o
LOAD /var/folders/km/wl77s0q16q92p4vz3t767x980000gn/T//cc0vMm1y.o
LOAD /var/folders/km/wl77s0q16q92p4vz3t767x980000gn/T//ccfPL1Zz.o
LOAD /var/folders/km/wl77s0q16q92p4vz3t767x980000gn/T//cc833kvj.o
LOAD /var/folders/km/wl77s0q16q92p4vz3t767x980000gn/T//ccBIcZYL.o
LOAD /var/folders/km/wl77s0q16q92p4vz3t767x980000gn/T//cc7YgBP4.o
LOAD /var/folders/km/wl77s0q16q92p4vz3t767x980000gn/T//ccP8gq9N.o
LOAD /var/folders/km/wl77s0q16q92p4vz3t767x980000gn/T//ccoOb96g.o
LOAD /var/folders/km/wl77s0q16q92p4vz3t767x980000gn/T//ccRsTmhY.o
LOAD /var/folders/km/wl77s0q16q92p4vz3t767x980000gn/T//cc9CRVBO.o
LOAD /var/folders/km/wl77s0q16q92p4vz3t767x980000gn/T//ccSzFiGI.o
LOAD /var/folders/km/wl77s0q16q92p4vz3t767x980000gn/T//cc0at1Nv.o
LOAD /var/folders/km/wl77s0q16q92p4vz3t767x980000gn/T//ccUh6QxC.o
LOAD /var/folders/km/wl77s0q16q92p4vz3t767x980000gn/T//ccxnw5KM.o
LOAD /var/folders/km/wl77s0q16q92p4vz3t767x980000gn/T//ccl0vBHY.o
LOAD /var/folders/km/wl77s0q16q92p4vz3t767x980000gn/T//ccqE4xKO.o
LOAD /var/folders/km/wl77s0q16q92p4vz3t767x980000gn/T//ccawrUKj.o
LOAD /var/folders/km/wl77s0q16q92p4vz3t767x980000gn/T//ccYw0rjs.o
LOAD libopencm3/lib/libopencm3_stm32f4.a
START GROUP
LOAD /Users/tyler/miniconda3/envs/memfault/bin/../lib/gcc/arm-none-eabi/8.3.1/thumb/v7e-m+fp/hard/libgcc.a
LOAD /Users/tyler/miniconda3/envs/memfault/bin/../lib/gcc/arm-none-eabi/8.3.1/../../../../arm-none-eabi/lib/thumb/v7e-m+fp/hard/libg_nano.a
LOAD /Users/tyler/miniconda3/envs/memfault/bin/../lib/gcc/arm-none-eabi/8.3.1/../../../../arm-none-eabi/lib/thumb/v7e-m+fp/hard/libc_nano.a
END GROUP
START GROUP
LOAD /Users/tyler/miniconda3/envs/memfault/bin/../lib/gcc/arm-none-eabi/8.3.1/thumb/v7e-m+fp/hard/libgcc.a
LOAD /Users/tyler/miniconda3/envs/memfault/bin/../lib/gcc/arm-none-eabi/8.3.1/../../../../arm-none-eabi/lib/thumb/v7e-m+fp/hard/libc_nano.a
END GROUP
                0x0000000000000000                . = ALIGN (0x80)

.text           0x0000000008000000     0x63c0
 *(.vectors)
 .vectors       0x0000000008000000      0x1ac libopencm3/lib/libopencm3_stm32f4.a(vector.o)
                0x0000000008000000                vector_table
 *(.text*)
 .text          0x00000000080001ac        0x0 /var/folders/km/wl77s0q16q92p4vz3t767x980000gn/T//ccS6CQji.o
 .text.main     0x00000000080001ac       0x50 /var/folders/km/wl77s0q16q92p4vz3t767x980000gn/T//ccS6CQji.o
                0x00000000080001ac                main
 .text.memfault_platform_log
                0x00000000080001fc       0x1a /var/folders/km/wl77s0q16q92p4vz3t767x980000gn/T//ccS6CQji.o
                0x00000000080001fc                memfault_platform_log
 *fill*         0x0000000008000216        0x2 
 .text.memfault_platform_get_device_info
                0x0000000008000218       0x24 /var/folders/km/wl77s0q16q92p4vz3t767x980000gn/T//ccS6CQji.o
                0x0000000008000218                memfault_platform_get_device_info
 .text.memfault_platform_reboot
                0x000000000800023c        0x8 /var/folders/km/wl77s0q16q92p4vz3t767x980000gn/T//ccS6CQji.o
                0x000000000800023c                memfault_platform_reboot
 .text          0x0000000008000244        0x0 /var/folders/km/wl77s0q16q92p4vz3t767x980000gn/T//cc1C54pZ.o
 .text.cli_command_coredump
                0x0000000008000244       0x20 /var/folders/km/wl77s0q16q92p4vz3t767x980000gn/T//cc1C54pZ.o
                0x0000000008000244                cli_command_coredump
 .text.cli_command_ping
                0x0000000008000264       0x20 /var/folders/km/wl77s0q16q92p4vz3t767x980000gn/T//cc1C54pZ.o
                0x0000000008000264                cli_command_ping
 .text.cli_command_assert
                0x0000000008000284       0x20 /var/folders/km/wl77s0q16q92p4vz3t767x980000gn/T//cc1C54pZ.o
                0x0000000008000284                cli_command_assert
 .text          0x00000000080002a4        0x0 /var/folders/km/wl77s0q16q92p4vz3t767x980000gn/T//ccIwgh9C.o
 .text.prv_booted
                0x00000000080002a4       0x20 /var/folders/km/wl77s0q16q92p4vz3t767x980000gn/T//ccIwgh9C.o
 .text.prv_send_char
                0x00000000080002c4       0x34 /var/folders/km/wl77s0q16q92p4vz3t767x980000gn/T//ccIwgh9C.o
 .text.prv_echo
                0x00000000080002f8       0x4e /var/folders/km/wl77s0q16q92p4vz3t767x980000gn/T//ccIwgh9C.o
 *fill*         0x0000000008000346        0x2 
 .text.prv_last_char
                0x0000000008000348       0x20 /var/folders/km/wl77s0q16q92p4vz3t767x980000gn/T//ccIwgh9C.o
 .text.prv_is_rx_buffer_full
                0x0000000008000368       0x20 /var/folders/km/wl77s0q16q92p4vz3t767x980000gn/T//ccIwgh9C.o
 .text.prv_reset_rx_buffer
                0x0000000008000388       0x24 /var/folders/km/wl77s0q16q92p4vz3t767x980000gn/T//ccIwgh9C.o
 .text.prv_echo_str
                0x00000000080003ac       0x2e /var/folders/km/wl77s0q16q92p4vz3t767x980000gn/T//ccIwgh9C.o
 *fill*         0x00000000080003da        0x2 
 .text.prv_send_prompt
                0x00000000080003dc       0x14 /var/folders/km/wl77s0q16q92p4vz3t767x980000gn/T//ccIwgh9C.o
 .text.prv_find_command
                0x00000000080003f0       0x58 /var/folders/km/wl77s0q16q92p4vz3t767x980000gn/T//ccIwgh9C.o
 .text.prv_process
                0x0000000008000448      0x114 /var/folders/km/wl77s0q16q92p4vz3t767x980000gn/T//ccIwgh9C.o
 .text.shell_boot
                0x000000000800055c       0x2c /var/folders/km/wl77s0q16q92p4vz3t767x980000gn/T//ccIwgh9C.o
                0x000000000800055c                shell_boot
 .text.shell_receive_char
                0x0000000008000588       0x8c /var/folders/km/wl77s0q16q92p4vz3t767x980000gn/T//ccIwgh9C.o
                0x0000000008000588                shell_receive_char
 .text.shell_put_line
                0x0000000008000614       0x1c /var/folders/km/wl77s0q16q92p4vz3t767x980000gn/T//ccIwgh9C.o
                0x0000000008000614                shell_put_line
 .text.shell_help_handler
                0x0000000008000630       0x68 /var/folders/km/wl77s0q16q92p4vz3t767x980000gn/T//ccIwgh9C.o
                0x0000000008000630                shell_help_handler
 .text          0x0000000008000698        0x0 /var/folders/km/wl77s0q16q92p4vz3t767x980000gn/T//ccFDsfoq.o
 .text.clock_setup
                0x0000000008000698       0x20 /var/folders/km/wl77s0q16q92p4vz3t767x980000gn/T//ccFDsfoq.o
                0x0000000008000698                clock_setup
 .text          0x00000000080006b8        0x0 /var/folders/km/wl77s0q16q92p4vz3t767x980000gn/T//cc0nLmME.o
 .text.gpio_setup
                0x00000000080006b8       0x34 /var/folders/km/wl77s0q16q92p4vz3t767x980000gn/T//cc0nLmME.o
                0x00000000080006b8                gpio_setup
 .text          0x00000000080006ec        0x0 /var/folders/km/wl77s0q16q92p4vz3t767x980000gn/T//ccyZWQs5.o
 .text.usart_setup
                0x00000000080006ec       0x44 /var/folders/km/wl77s0q16q92p4vz3t767x980000gn/T//ccyZWQs5.o
                0x00000000080006ec                usart_setup
 .text.usart_teardown
                0x0000000008000730       0x14 /var/folders/km/wl77s0q16q92p4vz3t767x980000gn/T//ccyZWQs5.o
                0x0000000008000730                usart_teardown
 .text.usart_putc
                0x0000000008000744       0x24 /var/folders/km/wl77s0q16q92p4vz3t767x980000gn/T//ccyZWQs5.o
                0x0000000008000744                usart_putc
 .text.usart_getc
                0x0000000008000768       0x20 /var/folders/km/wl77s0q16q92p4vz3t767x980000gn/T//ccyZWQs5.o
                0x0000000008000768                usart_getc
 .text          0x0000000008000788        0x0 /var/folders/km/wl77s0q16q92p4vz3t767x980000gn/T//cc3Qb6Hd.o
 .text._sbrk    0x0000000008000788       0x40 /var/folders/km/wl77s0q16q92p4vz3t767x980000gn/T//cc3Qb6Hd.o
                0x0000000008000788                _sbrk
 .text._close   0x00000000080007c8       0x18 /var/folders/km/wl77s0q16q92p4vz3t767x980000gn/T//cc3Qb6Hd.o
                0x00000000080007c8                _close
 .text._fstat   0x00000000080007e0       0x20 /var/folders/km/wl77s0q16q92p4vz3t767x980000gn/T//cc3Qb6Hd.o
                0x00000000080007e0                _fstat
 .text._isatty  0x0000000008000800       0x16 /var/folders/km/wl77s0q16q92p4vz3t767x980000gn/T//cc3Qb6Hd.o
                0x0000000008000800                _isatty
 .text._lseek   0x0000000008000816       0x1a /var/folders/km/wl77s0q16q92p4vz3t767x980000gn/T//cc3Qb6Hd.o
                0x0000000008000816                _lseek
 .text._exit    0x0000000008000830        0xc /var/folders/km/wl77s0q16q92p4vz3t767x980000gn/T//cc3Qb6Hd.o
                0x0000000008000830                _exit
 .text._kill    0x000000000800083c       0x16 /var/folders/km/wl77s0q16q92p4vz3t767x980000gn/T//cc3Qb6Hd.o
                0x000000000800083c                _kill
 .text._getpid  0x0000000008000852       0x12 /var/folders/km/wl77s0q16q92p4vz3t767x980000gn/T//cc3Qb6Hd.o
                0x0000000008000852                _getpid
 .text._write   0x0000000008000864       0x70 /var/folders/km/wl77s0q16q92p4vz3t767x980000gn/T//cc3Qb6Hd.o
                0x0000000008000864                _write
 .text._read    0x00000000080008d4       0x1c /var/folders/km/wl77s0q16q92p4vz3t767x980000gn/T//cc3Qb6Hd.o
                0x00000000080008d4                _read
 .text          0x00000000080008f0        0x0 /var/folders/km/wl77s0q16q92p4vz3t767x980000gn/T//ccFGuMPW.o
 .text.memfault_arch_is_inside_isr
                0x00000000080008f0       0x2c /var/folders/km/wl77s0q16q92p4vz3t767x980000gn/T//ccFGuMPW.o
                0x00000000080008f0                memfault_arch_is_inside_isr
 .text.memfault_platform_halt_if_debugging
                0x000000000800091c       0x30 /var/folders/km/wl77s0q16q92p4vz3t767x980000gn/T//ccFGuMPW.o
                0x000000000800091c                memfault_platform_halt_if_debugging
 .text          0x000000000800094c        0x0 /var/folders/km/wl77s0q16q92p4vz3t767x980000gn/T//ccVwkKni.o
 .text          0x000000000800094c        0x0 /var/folders/km/wl77s0q16q92p4vz3t767x980000gn/T//ccR7g9sR.o
 .text.prv_get_build_id_start_pointer
                0x000000000800094c       0x40 /var/folders/km/wl77s0q16q92p4vz3t767x980000gn/T//ccR7g9sR.o
 .text.memfault_build_info_read
                0x000000000800098c       0x2e /var/folders/km/wl77s0q16q92p4vz3t767x980000gn/T//ccR7g9sR.o
                0x000000000800098c                memfault_build_info_read
 .text.prv_nib_to_hex_ascii
                0x00000000080009ba       0x2a /var/folders/km/wl77s0q16q92p4vz3t767x980000gn/T//ccR7g9sR.o
 .text.memfault_build_info_dump
                0x00000000080009e4      0x100 /var/folders/km/wl77s0q16q92p4vz3t767x980000gn/T//ccR7g9sR.o
                0x00000000080009e4                memfault_build_info_dump
 .text          0x0000000008000ae4        0x0 /var/folders/km/wl77s0q16q92p4vz3t767x980000gn/T//cc0vMm1y.o
 .text.prv_data_source_has_event_stub
                0x0000000008000ae4       0x1c /var/folders/km/wl77s0q16q92p4vz3t767x980000gn/T//cc0vMm1y.o
 .text.prv_data_source_read_stub
                0x0000000008000b00       0x1a /var/folders/km/wl77s0q16q92p4vz3t767x980000gn/T//cc0vMm1y.o
 .text.prv_data_source_mark_event_read_stub
                0x0000000008000b1a        0xe /var/folders/km/wl77s0q16q92p4vz3t767x980000gn/T//cc0vMm1y.o
 .text.memfault_data_source_rle_encoder_set_active
                0x0000000008000b28       0x16 /var/folders/km/wl77s0q16q92p4vz3t767x980000gn/T//cc0vMm1y.o
                0x0000000008000b28                memfault_data_source_rle_encoder_set_active
 *fill*         0x0000000008000b3e        0x2 
 .text.prv_reset_packetizer_state
                0x0000000008000b40       0x1c /var/folders/km/wl77s0q16q92p4vz3t767x980000gn/T//cc0vMm1y.o
 .text.prv_data_source_chunk_transport_msg_reader
                0x0000000008000b5c       0xec /var/folders/km/wl77s0q16q92p4vz3t767x980000gn/T//cc0vMm1y.o
 .text.prv_get_source_with_data
                0x0000000008000c48       0x94 /var/folders/km/wl77s0q16q92p4vz3t767x980000gn/T//cc0vMm1y.o
 .text.prv_more_messages_to_send
                0x0000000008000cdc       0x4e /var/folders/km/wl77s0q16q92p4vz3t767x980000gn/T//cc0vMm1y.o
 *fill*         0x0000000008000d2a        0x2 
 .text.prv_load_next_message_to_send
                0x0000000008000d2c       0x74 /var/folders/km/wl77s0q16q92p4vz3t767x980000gn/T//cc0vMm1y.o
 .text.prv_mark_message_send_complete_and_cleanup
                0x0000000008000da0       0x18 /var/folders/km/wl77s0q16q92p4vz3t767x980000gn/T//cc0vMm1y.o
 .text.memfault_packetizer_abort
                0x0000000008000db8        0xc /var/folders/km/wl77s0q16q92p4vz3t767x980000gn/T//cc0vMm1y.o
                0x0000000008000db8                memfault_packetizer_abort
 .text.memfault_packetizer_get_next
                0x0000000008000dc4       0xb4 /var/folders/km/wl77s0q16q92p4vz3t767x980000gn/T//cc0vMm1y.o
                0x0000000008000dc4                memfault_packetizer_get_next
 .text.memfault_packetizer_begin
                0x0000000008000e78       0x94 /var/folders/km/wl77s0q16q92p4vz3t767x980000gn/T//cc0vMm1y.o
                0x0000000008000e78                memfault_packetizer_begin
 .text.memfault_packetizer_data_available
                0x0000000008000f0c       0x20 /var/folders/km/wl77s0q16q92p4vz3t767x980000gn/T//cc0vMm1y.o
                0x0000000008000f0c                memfault_packetizer_data_available
 .text.memfault_packetizer_get_chunk
                0x0000000008000f2c       0x70 /var/folders/km/wl77s0q16q92p4vz3t767x980000gn/T//cc0vMm1y.o
                0x0000000008000f2c                memfault_packetizer_get_chunk
 .text          0x0000000008000f9c        0x0 /var/folders/km/wl77s0q16q92p4vz3t767x980000gn/T//ccfPL1Zz.o
 .text.memfault_platform_time_get_current
                0x0000000008000f9c       0x16 /var/folders/km/wl77s0q16q92p4vz3t767x980000gn/T//ccfPL1Zz.o
                0x0000000008000f9c                memfault_platform_time_get_current
 .text.memfault_lock
                0x0000000008000fb2        0xe /var/folders/km/wl77s0q16q92p4vz3t767x980000gn/T//ccfPL1Zz.o
                0x0000000008000fb2                memfault_lock
 .text.memfault_unlock
                0x0000000008000fc0        0xe /var/folders/km/wl77s0q16q92p4vz3t767x980000gn/T//ccfPL1Zz.o
                0x0000000008000fc0                memfault_unlock
 .text.memfault_event_storage_request_persist_callback
                0x0000000008000fce       0x14 /var/folders/km/wl77s0q16q92p4vz3t767x980000gn/T//ccfPL1Zz.o
                0x0000000008000fce                memfault_event_storage_request_persist_callback
 .text.prv_nonvolatile_event_storage_enabled
                0x0000000008000fe2       0x10 /var/folders/km/wl77s0q16q92p4vz3t767x980000gn/T//ccfPL1Zz.o
 *fill*         0x0000000008000ff2        0x2 
 .text.prv_invoke_request_persist_callback
                0x0000000008000ff4       0x38 /var/folders/km/wl77s0q16q92p4vz3t767x980000gn/T//ccfPL1Zz.o
 .text.prv_has_event_ram
                0x000000000800102c       0x68 /var/folders/km/wl77s0q16q92p4vz3t767x980000gn/T//ccfPL1Zz.o
 .text.prv_event_storage_read_ram
                0x0000000008001094       0x40 /var/folders/km/wl77s0q16q92p4vz3t767x980000gn/T//ccfPL1Zz.o
 .text.prv_event_storage_mark_event_read_ram
                0x00000000080010d4       0x34 /var/folders/km/wl77s0q16q92p4vz3t767x980000gn/T//ccfPL1Zz.o
 .text.prv_event_storage_storage_begin_write
                0x0000000008001108       0x68 /var/folders/km/wl77s0q16q92p4vz3t767x980000gn/T//ccfPL1Zz.o
 .text.prv_event_storage_storage_append_data
                0x0000000008001170       0x44 /var/folders/km/wl77s0q16q92p4vz3t767x980000gn/T//ccfPL1Zz.o
 .text.prv_event_storage_storage_finish_write
                0x00000000080011b4       0x78 /var/folders/km/wl77s0q16q92p4vz3t767x980000gn/T//ccfPL1Zz.o
 .text.prv_get_size_cb
                0x000000000800122c       0x20 /var/folders/km/wl77s0q16q92p4vz3t767x980000gn/T//ccfPL1Zz.o
 .text.memfault_events_storage_boot
                0x000000000800124c       0x40 /var/folders/km/wl77s0q16q92p4vz3t767x980000gn/T//ccfPL1Zz.o
                0x000000000800124c                memfault_events_storage_boot
 .text.prv_save_event_to_persistent_storage
                0x000000000800128c       0x4c /var/folders/km/wl77s0q16q92p4vz3t767x980000gn/T//ccfPL1Zz.o
 .text.prv_nv_event_storage_enabled
                0x00000000080012d8       0x80 /var/folders/km/wl77s0q16q92p4vz3t767x980000gn/T//ccfPL1Zz.o
 .text.memfault_event_storage_persist
                0x0000000008001358       0x3a /var/folders/km/wl77s0q16q92p4vz3t767x980000gn/T//ccfPL1Zz.o
                0x0000000008001358                memfault_event_storage_persist
 *fill*         0x0000000008001392        0x2 
 .text.prv_nv_event_storage_mark_read_cb
                0x0000000008001394       0x34 /var/folders/km/wl77s0q16q92p4vz3t767x980000gn/T//ccfPL1Zz.o
 .text.prv_get_active_event_storage_source
                0x00000000080013c8       0x40 /var/folders/km/wl77s0q16q92p4vz3t767x980000gn/T//ccfPL1Zz.o
 .text.prv_has_event
                0x0000000008001408       0x20 /var/folders/km/wl77s0q16q92p4vz3t767x980000gn/T//ccfPL1Zz.o
 .text.prv_event_storage_read
                0x0000000008001428       0x28 /var/folders/km/wl77s0q16q92p4vz3t767x980000gn/T//ccfPL1Zz.o
 .text.prv_event_storage_mark_event_read
                0x0000000008001450       0x1a /var/folders/km/wl77s0q16q92p4vz3t767x980000gn/T//ccfPL1Zz.o
 .text          0x000000000800146a        0x0 /var/folders/km/wl77s0q16q92p4vz3t767x980000gn/T//cc833kvj.o
 .text.prv_get_level_from_hdr
                0x000000000800146a       0x1e /var/folders/km/wl77s0q16q92p4vz3t767x980000gn/T//cc833kvj.o
 .text.prv_build_header
                0x0000000008001488       0x38 /var/folders/km/wl77s0q16q92p4vz3t767x980000gn/T//cc833kvj.o
 .text.memfault_log_set_min_save_level
                0x00000000080014c0       0x20 /var/folders/km/wl77s0q16q92p4vz3t767x980000gn/T//cc833kvj.o
                0x00000000080014c0                memfault_log_set_min_save_level
 .text.prv_try_free_space
                0x00000000080014e0       0xa8 /var/folders/km/wl77s0q16q92p4vz3t767x980000gn/T//cc833kvj.o
 .text.prv_read_log
                0x0000000008001588      0x118 /var/folders/km/wl77s0q16q92p4vz3t767x980000gn/T//cc833kvj.o
 .text.memfault_log_read
                0x00000000080016a0       0x40 /var/folders/km/wl77s0q16q92p4vz3t767x980000gn/T//cc833kvj.o
                0x00000000080016a0                memfault_log_read
 .text.prv_should_log
                0x00000000080016e0       0x3c /var/folders/km/wl77s0q16q92p4vz3t767x980000gn/T//cc833kvj.o
 .text.memfault_log_handle_saved_callback
                0x000000000800171c        0xe /var/folders/km/wl77s0q16q92p4vz3t767x980000gn/T//cc833kvj.o
                0x000000000800171c                memfault_log_handle_saved_callback
 .text.memfault_log_save
                0x000000000800172a       0x8c /var/folders/km/wl77s0q16q92p4vz3t767x980000gn/T//cc833kvj.o
                0x000000000800172a                memfault_log_save
 *fill*         0x00000000080017b6        0x2 
 .text.memfault_log_save_preformatted
                0x00000000080017b8       0xa0 /var/folders/km/wl77s0q16q92p4vz3t767x980000gn/T//cc833kvj.o
                0x00000000080017b8                memfault_log_save_preformatted
 .text.memfault_log_boot
                0x0000000008001858       0x64 /var/folders/km/wl77s0q16q92p4vz3t767x980000gn/T//cc833kvj.o
                0x0000000008001858                memfault_log_boot
 .text.memfault_log_reset
                0x00000000080018bc       0x28 /var/folders/km/wl77s0q16q92p4vz3t767x980000gn/T//cc833kvj.o
                0x00000000080018bc                memfault_log_reset
 .text          0x00000000080018e4        0x0 /var/folders/km/wl77s0q16q92p4vz3t767x980000gn/T//ccBIcZYL.o
 .text.prv_check_or_init_struct
                0x00000000080018e4       0x7c /var/folders/km/wl77s0q16q92p4vz3t767x980000gn/T//ccBIcZYL.o
 .text.prv_read_reset_info
                0x0000000008001960       0x74 /var/folders/km/wl77s0q16q92p4vz3t767x980000gn/T//ccBIcZYL.o
 .text.prv_record_reboot_event
                0x00000000080019d4       0x64 /var/folders/km/wl77s0q16q92p4vz3t767x980000gn/T//ccBIcZYL.o
 .text.memfault_reboot_tracking_boot
                0x0000000008001a38       0x5c /var/folders/km/wl77s0q16q92p4vz3t767x980000gn/T//ccBIcZYL.o
                0x0000000008001a38                memfault_reboot_tracking_boot
 .text.memfault_reboot_tracking_mark_reset_imminent
                0x0000000008001a94       0x30 /var/folders/km/wl77s0q16q92p4vz3t767x980000gn/T//ccBIcZYL.o
                0x0000000008001a94                memfault_reboot_tracking_mark_reset_imminent
 .text.memfault_reboot_tracking_read_reset_info
                0x0000000008001ac4       0x36 /var/folders/km/wl77s0q16q92p4vz3t767x980000gn/T//ccBIcZYL.o
                0x0000000008001ac4                memfault_reboot_tracking_read_reset_info
 *fill*         0x0000000008001afa        0x2 
 .text.memfault_reboot_tracking_reset_crash_count
                0x0000000008001afc       0x28 /var/folders/km/wl77s0q16q92p4vz3t767x980000gn/T//ccBIcZYL.o
                0x0000000008001afc                memfault_reboot_tracking_reset_crash_count
 .text.memfault_reboot_tracking_get_crash_count
                0x0000000008001b24       0x28 /var/folders/km/wl77s0q16q92p4vz3t767x980000gn/T//ccBIcZYL.o
                0x0000000008001b24                memfault_reboot_tracking_get_crash_count
 .text.memfault_reboot_tracking_clear_reset_info
                0x0000000008001b4c       0x80 /var/folders/km/wl77s0q16q92p4vz3t767x980000gn/T//ccBIcZYL.o
                0x0000000008001b4c                memfault_reboot_tracking_clear_reset_info
 .text.memfault_reboot_tracking_mark_coredump_saved
                0x0000000008001bcc       0x28 /var/folders/km/wl77s0q16q92p4vz3t767x980000gn/T//ccBIcZYL.o
                0x0000000008001bcc                memfault_reboot_tracking_mark_coredump_saved
 .text          0x0000000008001bf4        0x0 /var/folders/km/wl77s0q16q92p4vz3t767x980000gn/T//cc7YgBP4.o
 .text.prv_serialize_reboot_info
                0x0000000008001bf4       0x92 /var/folders/km/wl77s0q16q92p4vz3t767x980000gn/T//cc7YgBP4.o
 .text.prv_encode_cb
                0x0000000008001c86       0x20 /var/folders/km/wl77s0q16q92p4vz3t767x980000gn/T//cc7YgBP4.o
 *fill*         0x0000000008001ca6        0x2 
 .text.memfault_reboot_tracking_compute_worst_case_storage_size
                0x0000000008001ca8       0x44 /var/folders/km/wl77s0q16q92p4vz3t767x980000gn/T//cc7YgBP4.o
                0x0000000008001ca8                memfault_reboot_tracking_compute_worst_case_storage_size
 .text.memfault_reboot_tracking_collect_reset_info
                0x0000000008001cec       0xd4 /var/folders/km/wl77s0q16q92p4vz3t767x980000gn/T//cc7YgBP4.o
                0x0000000008001cec                memfault_reboot_tracking_collect_reset_info
 .text          0x0000000008001dc0        0x0 /var/folders/km/wl77s0q16q92p4vz3t767x980000gn/T//ccP8gq9N.o
 .text.memfault_sdk_assert_func_noreturn
                0x0000000008001dc0        0x6 /var/folders/km/wl77s0q16q92p4vz3t767x980000gn/T//ccP8gq9N.o
                0x0000000008001dc0                memfault_sdk_assert_func_noreturn
 *fill*         0x0000000008001dc6        0x2 
 .text.memfault_sdk_assert_func
                0x0000000008001dc8       0x30 /var/folders/km/wl77s0q16q92p4vz3t767x980000gn/T//ccP8gq9N.o
                0x0000000008001dc8                memfault_sdk_assert_func
 .text          0x0000000008001df8        0x0 /var/folders/km/wl77s0q16q92p4vz3t767x980000gn/T//ccoOb96g.o
 .text.prv_encode_event_key_string_pair
                0x0000000008001df8       0x40 /var/folders/km/wl77s0q16q92p4vz3t767x980000gn/T//ccoOb96g.o
 .text.prv_encode_device_version_info
                0x0000000008001e38       0xa0 /var/folders/km/wl77s0q16q92p4vz3t767x980000gn/T//ccoOb96g.o
 .text.memfault_serializer_helper_encode_uint32_kv_pair
                0x0000000008001ed8       0x3c /var/folders/km/wl77s0q16q92p4vz3t767x980000gn/T//ccoOb96g.o
                0x0000000008001ed8                memfault_serializer_helper_encode_uint32_kv_pair
 .text.prv_encode_event_key_uint32_pair
                0x0000000008001f14       0x40 /var/folders/km/wl77s0q16q92p4vz3t767x980000gn/T//ccoOb96g.o
 .text.memfault_serializer_helper_encode_metadata
                0x0000000008001f54       0xdc /var/folders/km/wl77s0q16q92p4vz3t767x980000gn/T//ccoOb96g.o
                0x0000000008001f54                memfault_serializer_helper_encode_metadata
 .text.memfault_serializer_helper_encode_trace_event
                0x0000000008002030       0xe0 /var/folders/km/wl77s0q16q92p4vz3t767x980000gn/T//ccoOb96g.o
                0x0000000008002030                memfault_serializer_helper_encode_trace_event
 .text.prv_encoder_write_cb
                0x0000000008002110       0x26 /var/folders/km/wl77s0q16q92p4vz3t767x980000gn/T//ccoOb96g.o
 *fill*         0x0000000008002136        0x2 
 .text.memfault_serializer_helper_encode_to_storage
                0x0000000008002138       0x70 /var/folders/km/wl77s0q16q92p4vz3t767x980000gn/T//ccoOb96g.o
                0x0000000008002138                memfault_serializer_helper_encode_to_storage
 .text.memfault_serializer_helper_compute_size
                0x00000000080021a8       0x2a /var/folders/km/wl77s0q16q92p4vz3t767x980000gn/T//ccoOb96g.o
                0x00000000080021a8                memfault_serializer_helper_compute_size
 *fill*         0x00000000080021d2        0x2 
 .text.memfault_serializer_helper_check_storage_size
                0x00000000080021d4       0x54 /var/folders/km/wl77s0q16q92p4vz3t767x980000gn/T//ccoOb96g.o
                0x00000000080021d4                memfault_serializer_helper_check_storage_size
 .text          0x0000000008002228        0x0 /var/folders/km/wl77s0q16q92p4vz3t767x980000gn/T//ccRsTmhY.o
 .text.memfault_trace_event_boot
                0x0000000008002228       0x4c /var/folders/km/wl77s0q16q92p4vz3t767x980000gn/T//ccRsTmhY.o
                0x0000000008002228                memfault_trace_event_boot
 .text.prv_encode_cb
                0x0000000008002274       0x20 /var/folders/km/wl77s0q16q92p4vz3t767x980000gn/T//ccRsTmhY.o
 .text.prv_trace_event_capture_from_isr
                0x0000000008002294       0x4c /var/folders/km/wl77s0q16q92p4vz3t767x980000gn/T//ccRsTmhY.o
 .text.prv_trace_event_capture
                0x00000000080022e0       0x90 /var/folders/km/wl77s0q16q92p4vz3t767x980000gn/T//ccRsTmhY.o
 .text.memfault_trace_event_try_flush_isr_event
                0x0000000008002370       0x44 /var/folders/km/wl77s0q16q92p4vz3t767x980000gn/T//ccRsTmhY.o
                0x0000000008002370                memfault_trace_event_try_flush_isr_event
 .text.memfault_trace_event_capture
                0x00000000080023b4       0x60 /var/folders/km/wl77s0q16q92p4vz3t767x980000gn/T//ccRsTmhY.o
                0x00000000080023b4                memfault_trace_event_capture
 .text.memfault_trace_event_compute_worst_case_storage_size
                0x0000000008002414       0x58 /var/folders/km/wl77s0q16q92p4vz3t767x980000gn/T//ccRsTmhY.o
                0x0000000008002414                memfault_trace_event_compute_worst_case_storage_size
 .text.memfault_trace_event_reset
                0x000000000800246c       0x28 /var/folders/km/wl77s0q16q92p4vz3t767x980000gn/T//ccRsTmhY.o
                0x000000000800246c                memfault_trace_event_reset
 .text          0x0000000008002494        0x0 /var/folders/km/wl77s0q16q92p4vz3t767x980000gn/T//cc9CRVBO.o
 .text.prv_build_hdr
                0x0000000008002494       0x40 /var/folders/km/wl77s0q16q92p4vz3t767x980000gn/T//cc9CRVBO.o
 .text.prv_compute_single_message_chunk_size
                0x00000000080024d4       0x1a /var/folders/km/wl77s0q16q92p4vz3t767x980000gn/T//cc9CRVBO.o
 .text.memfault_chunk_transport_get_next_chunk
                0x00000000080024ee      0x25e /var/folders/km/wl77s0q16q92p4vz3t767x980000gn/T//cc9CRVBO.o
                0x00000000080024ee                memfault_chunk_transport_get_next_chunk
 .text.memfault_chunk_transport_get_chunk_info
                0x000000000800274c       0x26 /var/folders/km/wl77s0q16q92p4vz3t767x980000gn/T//cc9CRVBO.o
                0x000000000800274c                memfault_chunk_transport_get_chunk_info
 .text          0x0000000008002772        0x0 /var/folders/km/wl77s0q16q92p4vz3t767x980000gn/T//ccSzFiGI.o
 .text.memfault_circular_buffer_init
                0x0000000008002772       0x4e /var/folders/km/wl77s0q16q92p4vz3t767x980000gn/T//ccSzFiGI.o
                0x0000000008002772                memfault_circular_buffer_init
 .text.memfault_circular_buffer_read
                0x00000000080027c0       0xa2 /var/folders/km/wl77s0q16q92p4vz3t767x980000gn/T//ccSzFiGI.o
                0x00000000080027c0                memfault_circular_buffer_read
 .text.memfault_circular_buffer_get_read_pointer
                0x0000000008002862       0x86 /var/folders/km/wl77s0q16q92p4vz3t767x980000gn/T//ccSzFiGI.o
                0x0000000008002862                memfault_circular_buffer_get_read_pointer
 .text.memfault_circular_buffer_consume
                0x00000000080028e8       0x56 /var/folders/km/wl77s0q16q92p4vz3t767x980000gn/T//ccSzFiGI.o
                0x00000000080028e8                memfault_circular_buffer_consume
 .text.memfault_circular_buffer_consume_from_end
                0x000000000800293e       0x3c /var/folders/km/wl77s0q16q92p4vz3t767x980000gn/T//ccSzFiGI.o
                0x000000000800293e                memfault_circular_buffer_consume_from_end
 .text.prv_get_space_available
                0x000000000800297a       0x1e /var/folders/km/wl77s0q16q92p4vz3t767x980000gn/T//ccSzFiGI.o
 .text.memfault_circular_buffer_get_write_size
                0x0000000008002998       0x22 /var/folders/km/wl77s0q16q92p4vz3t767x980000gn/T//ccSzFiGI.o
                0x0000000008002998                memfault_circular_buffer_get_write_size
 .text.prv_write_at_offset_from_end
                0x00000000080029ba       0xd6 /var/folders/km/wl77s0q16q92p4vz3t767x980000gn/T//ccSzFiGI.o
 .text.memfault_circular_buffer_write
                0x0000000008002a90       0x22 /var/folders/km/wl77s0q16q92p4vz3t767x980000gn/T//ccSzFiGI.o
                0x0000000008002a90                memfault_circular_buffer_write
 .text.memfault_circular_buffer_write_at_offset
                0x0000000008002ab2       0x24 /var/folders/km/wl77s0q16q92p4vz3t767x980000gn/T//ccSzFiGI.o
                0x0000000008002ab2                memfault_circular_buffer_write_at_offset
 .text.memfault_circular_buffer_get_read_size
                0x0000000008002ad6       0x22 /var/folders/km/wl77s0q16q92p4vz3t767x980000gn/T//ccSzFiGI.o
                0x0000000008002ad6                memfault_circular_buffer_get_read_size
 .text          0x0000000008002af8        0x0 /var/folders/km/wl77s0q16q92p4vz3t767x980000gn/T//cc0at1Nv.o
 .text.memfault_crc16_ccitt_compute
                0x0000000008002af8       0x68 /var/folders/km/wl77s0q16q92p4vz3t767x980000gn/T//cc0at1Nv.o
                0x0000000008002af8                memfault_crc16_ccitt_compute
 .text          0x0000000008002b60        0x0 /var/folders/km/wl77s0q16q92p4vz3t767x980000gn/T//ccUh6QxC.o
 .text.memfault_cbor_encoder_init
                0x0000000008002b60       0x4e /var/folders/km/wl77s0q16q92p4vz3t767x980000gn/T//ccUh6QxC.o
                0x0000000008002b60                memfault_cbor_encoder_init
 .text.memfault_cbor_encoder_size_only_init
                0x0000000008002bae       0x1c /var/folders/km/wl77s0q16q92p4vz3t767x980000gn/T//ccUh6QxC.o
                0x0000000008002bae                memfault_cbor_encoder_size_only_init
 .text.memfault_cbor_encoder_deinit
                0x0000000008002bca       0x2c /var/folders/km/wl77s0q16q92p4vz3t767x980000gn/T//ccUh6QxC.o
                0x0000000008002bca                memfault_cbor_encoder_deinit
 .text.prv_add_to_result_buffer
                0x0000000008002bf6       0x6a /var/folders/km/wl77s0q16q92p4vz3t767x980000gn/T//ccUh6QxC.o
 .text.prv_encode_unsigned_integer
                0x0000000008002c60       0xf8 /var/folders/km/wl77s0q16q92p4vz3t767x980000gn/T//ccUh6QxC.o
 .text.prv_encode_uint64
                0x0000000008002d58       0x58 /var/folders/km/wl77s0q16q92p4vz3t767x980000gn/T//ccUh6QxC.o
 .text.memfault_cbor_encode_long_signed_integer
                0x0000000008002db0       0x98 /var/folders/km/wl77s0q16q92p4vz3t767x980000gn/T//ccUh6QxC.o
                0x0000000008002db0                memfault_cbor_encode_long_signed_integer
 .text.memfault_cbor_encode_uint64_as_double
                0x0000000008002e48       0x42 /var/folders/km/wl77s0q16q92p4vz3t767x980000gn/T//ccUh6QxC.o
                0x0000000008002e48                memfault_cbor_encode_uint64_as_double
 .text.memfault_cbor_encode_unsigned_integer
                0x0000000008002e8a       0x1e /var/folders/km/wl77s0q16q92p4vz3t767x980000gn/T//ccUh6QxC.o
                0x0000000008002e8a                memfault_cbor_encode_unsigned_integer
 .text.memfault_cbor_encode_signed_integer
                0x0000000008002ea8       0x38 /var/folders/km/wl77s0q16q92p4vz3t767x980000gn/T//ccUh6QxC.o
                0x0000000008002ea8                memfault_cbor_encode_signed_integer
 .text.memfault_cbor_encode_byte_string
                0x0000000008002ee0       0x40 /var/folders/km/wl77s0q16q92p4vz3t767x980000gn/T//ccUh6QxC.o
                0x0000000008002ee0                memfault_cbor_encode_byte_string
 .text.memfault_cbor_encode_string
                0x0000000008002f20       0x46 /var/folders/km/wl77s0q16q92p4vz3t767x980000gn/T//ccUh6QxC.o
                0x0000000008002f20                memfault_cbor_encode_string
 .text.memfault_cbor_encode_dictionary_begin
                0x0000000008002f66       0x1e /var/folders/km/wl77s0q16q92p4vz3t767x980000gn/T//ccUh6QxC.o
                0x0000000008002f66                memfault_cbor_encode_dictionary_begin
 .text.memfault_cbor_encode_array_begin
                0x0000000008002f84       0x1e /var/folders/km/wl77s0q16q92p4vz3t767x980000gn/T//ccUh6QxC.o
                0x0000000008002f84                memfault_cbor_encode_array_begin
 .text          0x0000000008002fa2        0x0 /var/folders/km/wl77s0q16q92p4vz3t767x980000gn/T//ccxnw5KM.o
 .text.memfault_encode_varint_u32
                0x0000000008002fa2       0x4c /var/folders/km/wl77s0q16q92p4vz3t767x980000gn/T//ccxnw5KM.o
                0x0000000008002fa2                memfault_encode_varint_u32
 .text.memfault_encode_varint_si32
                0x0000000008002fee       0x2a /var/folders/km/wl77s0q16q92p4vz3t767x980000gn/T//ccxnw5KM.o
                0x0000000008002fee                memfault_encode_varint_si32
 .text          0x0000000008003018        0x0 /var/folders/km/wl77s0q16q92p4vz3t767x980000gn/T//ccl0vBHY.o
 .text.prv_write_block_with_address
                0x0000000008003018       0xc6 /var/folders/km/wl77s0q16q92p4vz3t767x980000gn/T//ccl0vBHY.o
 .text.memfault_coredump_write_block
                0x00000000080030de       0x36 /var/folders/km/wl77s0q16q92p4vz3t767x980000gn/T//ccl0vBHY.o
                0x00000000080030de                memfault_coredump_write_block
 .text.prv_region_type_to_storage_type
                0x0000000008003114       0x18 /var/folders/km/wl77s0q16q92p4vz3t767x980000gn/T//ccl0vBHY.o
 .text.prv_get_machine_type
                0x000000000800312c       0x10 /var/folders/km/wl77s0q16q92p4vz3t767x980000gn/T//ccl0vBHY.o
 .text.memfault_coredump_write_device_info_blocks
                0x000000000800313c      0x12a /var/folders/km/wl77s0q16q92p4vz3t767x980000gn/T//ccl0vBHY.o
                0x000000000800313c                memfault_coredump_write_device_info_blocks
 *fill*         0x0000000008003266        0x2 
 .text.memfault_coredump_write_header
                0x0000000008003268       0x34 /var/folders/km/wl77s0q16q92p4vz3t767x980000gn/T//ccl0vBHY.o
                0x0000000008003268                memfault_coredump_write_header
 .text.prv_write_trace_reason
                0x000000000800329c       0x2c /var/folders/km/wl77s0q16q92p4vz3t767x980000gn/T//ccl0vBHY.o
 .text.prv_insert_padding_if_necessary
                0x00000000080032c8       0x4c /var/folders/km/wl77s0q16q92p4vz3t767x980000gn/T//ccl0vBHY.o
 .text.prv_get_info_and_header
                0x0000000008003314       0x64 /var/folders/km/wl77s0q16q92p4vz3t767x980000gn/T//ccl0vBHY.o
 .text.prv_coredump_get_header
                0x0000000008003378       0x1e /var/folders/km/wl77s0q16q92p4vz3t767x980000gn/T//ccl0vBHY.o
 *fill*         0x0000000008003396        0x2 
 .text.prv_coredump_header_is_valid
                0x0000000008003398       0x34 /var/folders/km/wl77s0q16q92p4vz3t767x980000gn/T//ccl0vBHY.o
 .text.prv_write_regions
                0x00000000080033cc       0x92 /var/folders/km/wl77s0q16q92p4vz3t767x980000gn/T//ccl0vBHY.o
 .text.prv_write_storage
                0x000000000800345e       0x44 /var/folders/km/wl77s0q16q92p4vz3t767x980000gn/T//ccl0vBHY.o
 .text.prv_write_storage_compute_space_only
                0x00000000080034a2       0x2a /var/folders/km/wl77s0q16q92p4vz3t767x980000gn/T//ccl0vBHY.o
 .text.prv_write_coredump_sections
                0x00000000080034cc      0x1cc /var/folders/km/wl77s0q16q92p4vz3t767x980000gn/T//ccl0vBHY.o
 .text.memfault_platform_coredump_save_begin
                0x0000000008003698       0x10 /var/folders/km/wl77s0q16q92p4vz3t767x980000gn/T//ccl0vBHY.o
                0x0000000008003698                memfault_platform_coredump_save_begin
 .text.memfault_coredump_get_save_size
                0x00000000080036a8       0x28 /var/folders/km/wl77s0q16q92p4vz3t767x980000gn/T//ccl0vBHY.o
                0x00000000080036a8                memfault_coredump_get_save_size
 .text.memfault_coredump_save
                0x00000000080036d0       0x28 /var/folders/km/wl77s0q16q92p4vz3t767x980000gn/T//ccl0vBHY.o
                0x00000000080036d0                memfault_coredump_save
 .text.memfault_coredump_has_valid_coredump
                0x00000000080036f8       0x68 /var/folders/km/wl77s0q16q92p4vz3t767x980000gn/T//ccl0vBHY.o
                0x00000000080036f8                memfault_coredump_has_valid_coredump
 .text.memfault_coredump_read
                0x0000000008003760       0x20 /var/folders/km/wl77s0q16q92p4vz3t767x980000gn/T//ccl0vBHY.o
                0x0000000008003760                memfault_coredump_read
 .text          0x0000000008003780        0x0 /var/folders/km/wl77s0q16q92p4vz3t767x980000gn/T//ccqE4xKO.o
 .text.memfault_coredump_get_arch_regions
                0x0000000008003780       0x20 /var/folders/km/wl77s0q16q92p4vz3t767x980000gn/T//ccqE4xKO.o
                0x0000000008003780                memfault_coredump_get_arch_regions
 .text          0x00000000080037a0        0x0 /var/folders/km/wl77s0q16q92p4vz3t767x980000gn/T//ccawrUKj.o
 .text.memfault_coredump_storage_compute_size_required
                0x00000000080037a0       0x6c /var/folders/km/wl77s0q16q92p4vz3t767x980000gn/T//ccawrUKj.o
                0x00000000080037a0                memfault_coredump_storage_compute_size_required
 .text.prv_read_psp_reg
                0x000000000800380c       0x1a /var/folders/km/wl77s0q16q92p4vz3t767x980000gn/T//ccawrUKj.o
 .text.prv_read_msp_reg
                0x0000000008003826       0x1a /var/folders/km/wl77s0q16q92p4vz3t767x980000gn/T//ccawrUKj.o
 .text.memfault_fault_handler
                0x0000000008003840      0x1bc /var/folders/km/wl77s0q16q92p4vz3t767x980000gn/T//ccawrUKj.o
                0x0000000008003840                memfault_fault_handler
 .text.memfault_hard_fault_handler
                0x00000000080039fc       0x1e /var/folders/km/wl77s0q16q92p4vz3t767x980000gn/T//ccawrUKj.o
                0x00000000080039fc                memfault_hard_fault_handler
 .text.memfault_mem_manage_handler
                0x0000000008003a1a       0x1e /var/folders/km/wl77s0q16q92p4vz3t767x980000gn/T//ccawrUKj.o
                0x0000000008003a1a                memfault_mem_manage_handler
 .text.memfault_bus_fault_handler
                0x0000000008003a38       0x1e /var/folders/km/wl77s0q16q92p4vz3t767x980000gn/T//ccawrUKj.o
                0x0000000008003a38                memfault_bus_fault_handler
 .text.memfault_usage_fault_handler
                0x0000000008003a56       0x1e /var/folders/km/wl77s0q16q92p4vz3t767x980000gn/T//ccawrUKj.o
                0x0000000008003a56                memfault_usage_fault_handler
 .text.memfault_nmi_handler
                0x0000000008003a74       0x1e /var/folders/km/wl77s0q16q92p4vz3t767x980000gn/T//ccawrUKj.o
                0x0000000008003a74                memfault_nmi_handler
 .text.MemfaultWatchdog_Handler
                0x0000000008003a92       0x1e /var/folders/km/wl77s0q16q92p4vz3t767x980000gn/T//ccawrUKj.o
                0x0000000008003a92                MemfaultWatchdog_Handler
 .text.prv_fault_handling_assert
                0x0000000008003ab0       0x58 /var/folders/km/wl77s0q16q92p4vz3t767x980000gn/T//ccawrUKj.o
 .text.memfault_fault_handling_assert
                0x0000000008003b08       0x18 /var/folders/km/wl77s0q16q92p4vz3t767x980000gn/T//ccawrUKj.o
                0x0000000008003b08                memfault_fault_handling_assert
 .text          0x0000000008003b20        0x0 /var/folders/km/wl77s0q16q92p4vz3t767x980000gn/T//ccYw0rjs.o
 .text.memfault_platform_coredump_get_regions
                0x0000000008003b20       0x30 /var/folders/km/wl77s0q16q92p4vz3t767x980000gn/T//ccYw0rjs.o
                0x0000000008003b20                memfault_platform_coredump_get_regions
 .text.memfault_platform_coredump_storage_get_info
                0x0000000008003b50       0x24 /var/folders/km/wl77s0q16q92p4vz3t767x980000gn/T//ccYw0rjs.o
                0x0000000008003b50                memfault_platform_coredump_storage_get_info
 .text.memfault_platform_coredump_storage_read
                0x0000000008003b74       0x3c /var/folders/km/wl77s0q16q92p4vz3t767x980000gn/T//ccYw0rjs.o
                0x0000000008003b74                memfault_platform_coredump_storage_read
 .text.memfault_platform_coredump_storage_erase
                0x0000000008003bb0       0x3c /var/folders/km/wl77s0q16q92p4vz3t767x980000gn/T//ccYw0rjs.o
                0x0000000008003bb0                memfault_platform_coredump_storage_erase
 .text.memfault_platform_coredump_storage_write
                0x0000000008003bec       0x3c /var/folders/km/wl77s0q16q92p4vz3t767x980000gn/T//ccYw0rjs.o
                0x0000000008003bec                memfault_platform_coredump_storage_write
 .text.memfault_platform_coredump_storage_clear
                0x0000000008003c28       0x1e /var/folders/km/wl77s0q16q92p4vz3t767x980000gn/T//ccYw0rjs.o
                0x0000000008003c28                memfault_platform_coredump_storage_clear
 .text          0x0000000008003c46        0x0 libopencm3/lib/libopencm3_stm32f4.a(gpio_common_f0234.o)
 .text.gpio_mode_setup
                0x0000000008003c46       0x44 libopencm3/lib/libopencm3_stm32f4.a(gpio_common_f0234.o)
                0x0000000008003c46                gpio_mode_setup
 .text.gpio_set_output_options
                0x0000000008003c8a       0x36 libopencm3/lib/libopencm3_stm32f4.a(gpio_common_f0234.o)
                0x0000000008003c8a                gpio_set_output_options
 .text.gpio_set_af
                0x0000000008003cc0       0x54 libopencm3/lib/libopencm3_stm32f4.a(gpio_common_f0234.o)
                0x0000000008003cc0                gpio_set_af
 .text          0x0000000008003d14        0x0 libopencm3/lib/libopencm3_stm32f4.a(rcc_common_all.o)
 .text.rcc_peripheral_enable_clock
                0x0000000008003d14        0x8 libopencm3/lib/libopencm3_stm32f4.a(rcc_common_all.o)
                0x0000000008003d14                rcc_peripheral_enable_clock
 .text.rcc_peripheral_disable_clock
                0x0000000008003d1c        0xa libopencm3/lib/libopencm3_stm32f4.a(rcc_common_all.o)
                0x0000000008003d1c                rcc_peripheral_disable_clock
 .text.rcc_peripheral_reset
                0x0000000008003d26        0x8 libopencm3/lib/libopencm3_stm32f4.a(rcc_common_all.o)
                0x0000000008003d26                rcc_peripheral_reset
 .text.rcc_peripheral_clear_reset
                0x0000000008003d2e        0xa libopencm3/lib/libopencm3_stm32f4.a(rcc_common_all.o)
                0x0000000008003d2e                rcc_peripheral_clear_reset
 .text.rcc_periph_clock_enable
                0x0000000008003d38       0x1a libopencm3/lib/libopencm3_stm32f4.a(rcc_common_all.o)
                0x0000000008003d38                rcc_periph_clock_enable
 .text.rcc_periph_clock_disable
                0x0000000008003d52       0x1e libopencm3/lib/libopencm3_stm32f4.a(rcc_common_all.o)
                0x0000000008003d52                rcc_periph_clock_disable
 .text.rcc_periph_reset_pulse
                0x0000000008003d70       0x22 libopencm3/lib/libopencm3_stm32f4.a(rcc_common_all.o)
                0x0000000008003d70                rcc_periph_reset_pulse
 .text.rcc_periph_reset_hold
                0x0000000008003d92       0x1a libopencm3/lib/libopencm3_stm32f4.a(rcc_common_all.o)
                0x0000000008003d92                rcc_periph_reset_hold
 .text.rcc_periph_reset_release
                0x0000000008003dac       0x1e libopencm3/lib/libopencm3_stm32f4.a(rcc_common_all.o)
                0x0000000008003dac                rcc_periph_reset_release
 *fill*         0x0000000008003dca        0x2 
 .text.rcc_set_mco
                0x0000000008003dcc       0x14 libopencm3/lib/libopencm3_stm32f4.a(rcc_common_all.o)
                0x0000000008003dcc                rcc_set_mco
 .text.rcc_osc_bypass_enable
                0x0000000008003de0       0x28 libopencm3/lib/libopencm3_stm32f4.a(rcc_common_all.o)
                0x0000000008003de0                rcc_osc_bypass_enable
 .text.rcc_osc_bypass_disable
                0x0000000008003e08       0x28 libopencm3/lib/libopencm3_stm32f4.a(rcc_common_all.o)
                0x0000000008003e08                rcc_osc_bypass_disable
 .text          0x0000000008003e30        0x0 libopencm3/lib/libopencm3_stm32f4.a(usart_common_all.o)
 .text.usart_set_baudrate
                0x0000000008003e30       0x2c libopencm3/lib/libopencm3_stm32f4.a(usart_common_all.o)
                0x0000000008003e30                usart_set_baudrate
 .text.usart_set_databits
                0x0000000008003e5c       0x12 libopencm3/lib/libopencm3_stm32f4.a(usart_common_all.o)
                0x0000000008003e5c                usart_set_databits
 .text.usart_set_stopbits
                0x0000000008003e6e        0xc libopencm3/lib/libopencm3_stm32f4.a(usart_common_all.o)
                0x0000000008003e6e                usart_set_stopbits
 .text.usart_set_parity
                0x0000000008003e7a        0xc libopencm3/lib/libopencm3_stm32f4.a(usart_common_all.o)
                0x0000000008003e7a                usart_set_parity
 .text.usart_set_mode
                0x0000000008003e86        0xc libopencm3/lib/libopencm3_stm32f4.a(usart_common_all.o)
                0x0000000008003e86                usart_set_mode
 .text.usart_set_flow_control
                0x0000000008003e92        0xc libopencm3/lib/libopencm3_stm32f4.a(usart_common_all.o)
                0x0000000008003e92                usart_set_flow_control
 .text.usart_enable
                0x0000000008003e9e        0xa libopencm3/lib/libopencm3_stm32f4.a(usart_common_all.o)
                0x0000000008003e9e                usart_enable
 .text.usart_disable
                0x0000000008003ea8        0xa libopencm3/lib/libopencm3_stm32f4.a(usart_common_all.o)
                0x0000000008003ea8                usart_disable
 .text.usart_send_blocking
                0x0000000008003eb2       0x16 libopencm3/lib/libopencm3_stm32f4.a(usart_common_all.o)
                0x0000000008003eb2                usart_send_blocking
 .text.usart_recv_blocking
                0x0000000008003ec8       0x12 libopencm3/lib/libopencm3_stm32f4.a(usart_common_all.o)
                0x0000000008003ec8                usart_recv_blocking
 .text.usart_enable_rx_dma
                0x0000000008003eda        0xa libopencm3/lib/libopencm3_stm32f4.a(usart_common_all.o)
                0x0000000008003eda                usart_enable_rx_dma
 .text.usart_disable_rx_dma
                0x0000000008003ee4        0xa libopencm3/lib/libopencm3_stm32f4.a(usart_common_all.o)
                0x0000000008003ee4                usart_disable_rx_dma
 .text.usart_enable_tx_dma
                0x0000000008003eee        0xa libopencm3/lib/libopencm3_stm32f4.a(usart_common_all.o)
                0x0000000008003eee                usart_enable_tx_dma
 .text.usart_disable_tx_dma
                0x0000000008003ef8        0xa libopencm3/lib/libopencm3_stm32f4.a(usart_common_all.o)
                0x0000000008003ef8                usart_disable_tx_dma
 .text.usart_enable_rx_interrupt
                0x0000000008003f02        0xa libopencm3/lib/libopencm3_stm32f4.a(usart_common_all.o)
                0x0000000008003f02                usart_enable_rx_interrupt
 .text.usart_disable_rx_interrupt
                0x0000000008003f0c        0xa libopencm3/lib/libopencm3_stm32f4.a(usart_common_all.o)
                0x0000000008003f0c                usart_disable_rx_interrupt
 .text.usart_enable_tx_interrupt
                0x0000000008003f16        0xa libopencm3/lib/libopencm3_stm32f4.a(usart_common_all.o)
                0x0000000008003f16                usart_enable_tx_interrupt
 .text.usart_disable_tx_interrupt
                0x0000000008003f20        0xa libopencm3/lib/libopencm3_stm32f4.a(usart_common_all.o)
                0x0000000008003f20                usart_disable_tx_interrupt
 .text.usart_enable_error_interrupt
                0x0000000008003f2a        0xa libopencm3/lib/libopencm3_stm32f4.a(usart_common_all.o)
                0x0000000008003f2a                usart_enable_error_interrupt
 .text.usart_disable_error_interrupt
                0x0000000008003f34        0xa libopencm3/lib/libopencm3_stm32f4.a(usart_common_all.o)
                0x0000000008003f34                usart_disable_error_interrupt
 .text          0x0000000008003f3e        0x0 libopencm3/lib/libopencm3_stm32f4.a(usart_common_f124.o)
 .text.usart_send
                0x0000000008003f3e        0x8 libopencm3/lib/libopencm3_stm32f4.a(usart_common_f124.o)
                0x0000000008003f3e                usart_send
 .text.usart_recv
                0x0000000008003f46        0x8 libopencm3/lib/libopencm3_stm32f4.a(usart_common_f124.o)
                0x0000000008003f46                usart_recv
 .text.usart_wait_send_ready
                0x0000000008003f4e        0x8 libopencm3/lib/libopencm3_stm32f4.a(usart_common_f124.o)
                0x0000000008003f4e                usart_wait_send_ready
 .text.usart_wait_recv_ready
                0x0000000008003f56        0x8 libopencm3/lib/libopencm3_stm32f4.a(usart_common_f124.o)
                0x0000000008003f56                usart_wait_recv_ready
 .text.usart_get_flag
                0x0000000008003f5e        0xc libopencm3/lib/libopencm3_stm32f4.a(usart_common_f124.o)
                0x0000000008003f5e                usart_get_flag
 .text          0x0000000008003f6a        0x0 libopencm3/lib/libopencm3_stm32f4.a(vector.o)
 .text.blocking_handler
                0x0000000008003f6a        0x2 libopencm3/lib/libopencm3_stm32f4.a(vector.o)
                0x0000000008003f6a                exti0_isr
                0x0000000008003f6a                tim8_brk_tim12_isr
                0x0000000008003f6a                dma1_stream7_isr
                0x0000000008003f6a                usart3_isr
                0x0000000008003f6a                tim7_isr
                0x0000000008003f6a                dma2d_isr
                0x0000000008003f6a                uart8_isr
                0x0000000008003f6a                dma1_stream2_isr
                0x0000000008003f6a                otg_hs_isr
                0x0000000008003f6a                blocking_handler
                0x0000000008003f6a                tim5_isr
                0x0000000008003f6a                rtc_wkup_isr
                0x0000000008003f6a                otg_fs_isr
                0x0000000008003f6a                spi1_isr
                0x0000000008003f6a                i2c3_er_isr
                0x0000000008003f6a                exti2_isr
                0x0000000008003f6a                spi5_isr
                0x0000000008003f6a                usb_fs_wkup_isr
                0x0000000008003f6a                tamp_stamp_isr
                0x0000000008003f6a                can1_rx1_isr
                0x0000000008003f6a                dma2_stream0_isr
                0x0000000008003f6a                usart1_isr
                0x0000000008003f6a                i2c3_ev_isr
                0x0000000008003f6a                can2_rx0_isr
                0x0000000008003f6a                dma1_stream6_isr
                0x0000000008003f6a                can2_rx1_isr
                0x0000000008003f6a                can1_sce_isr
                0x0000000008003f6a                tim1_cc_isr
                0x0000000008003f6a                can1_tx_isr
                0x0000000008003f6a                tim1_up_tim10_isr
                0x0000000008003f6a                sdio_isr
                0x0000000008003f6a                eth_isr
                0x0000000008003f6a                spi6_isr
                0x0000000008003f6a                dma2_stream5_isr
                0x0000000008003f6a                pvd_isr
                0x0000000008003f6a                can1_rx0_isr
                0x0000000008003f6a                rcc_isr
                0x0000000008003f6a                dma2_stream3_isr
                0x0000000008003f6a                flash_isr
                0x0000000008003f6a                uart4_isr
                0x0000000008003f6a                lcd_tft_isr
                0x0000000008003f6a                rtc_alarm_isr
                0x0000000008003f6a                exti15_10_isr
                0x0000000008003f6a                hash_rng_isr
                0x0000000008003f6a                tim1_trg_com_tim11_isr
                0x0000000008003f6a                exti1_isr
                0x0000000008003f6a                i2c1_ev_isr
                0x0000000008003f6a                usart6_isr
                0x0000000008003f6a                spi2_isr
                0x0000000008003f6a                cryp_isr
                0x0000000008003f6a                nvic_wwdg_isr
                0x0000000008003f6a                dma1_stream1_isr
                0x0000000008003f6a                dma2_stream4_isr
                0x0000000008003f6a                exti3_isr
                0x0000000008003f6a                tim3_isr
                0x0000000008003f6a                usart2_isr
                0x0000000008003f6a                sai1_isr
                0x0000000008003f6a                fpu_isr
                0x0000000008003f6a                dma1_stream4_isr
                0x0000000008003f6a                i2c2_er_isr
                0x0000000008003f6a                i2c2_ev_isr
                0x0000000008003f6a                uart5_isr
                0x0000000008003f6a                dma2_stream6_isr
                0x0000000008003f6a                spi4_isr
                0x0000000008003f6a                adc_isr
                0x0000000008003f6a                dma2_stream7_isr
                0x0000000008003f6a                tim8_up_tim13_isr
                0x0000000008003f6a                fsmc_isr
                0x0000000008003f6a                exti4_isr
                0x0000000008003f6a                tim6_dac_isr
                0x0000000008003f6a                dma1_stream3_isr
                0x0000000008003f6a                tim8_trg_com_tim14_isr
                0x0000000008003f6a                lcd_tft_err_isr
                0x0000000008003f6a                can2_tx_isr
                0x0000000008003f6a                exti9_5_isr
                0x0000000008003f6a                tim1_brk_tim9_isr
                0x0000000008003f6a                uart7_isr
                0x0000000008003f6a                can2_sce_isr
                0x0000000008003f6a                tim4_isr
                0x0000000008003f6a                otg_hs_wkup_isr
                0x0000000008003f6a                i2c1_er_isr
                0x0000000008003f6a                dma1_stream0_isr
                0x0000000008003f6a                tim8_cc_isr
                0x0000000008003f6a                dcmi_isr
                0x0000000008003f6a                dma2_stream2_isr
                0x0000000008003f6a                eth_wkup_isr
                0x0000000008003f6a                otg_hs_ep1_out_isr
                0x0000000008003f6a                spi3_isr
                0x0000000008003f6a                dma1_stream5_isr
                0x0000000008003f6a                otg_hs_ep1_in_isr
                0x0000000008003f6a                tim2_isr
                0x0000000008003f6a                dma2_stream1_isr
 .text.null_handler
                0x0000000008003f6c        0x2 libopencm3/lib/libopencm3_stm32f4.a(vector.o)
                0x0000000008003f6c                null_handler
                0x0000000008003f6c                sv_call_handler
                0x0000000008003f6c                pend_sv_handler
                0x0000000008003f6c                debug_monitor_handler
                0x0000000008003f6c                sys_tick_handler
 *fill*         0x0000000008003f6e        0x2 
 .text.reset_handler
                0x0000000008003f70       0x98 libopencm3/lib/libopencm3_stm32f4.a(vector.o)
                0x0000000008003f70                reset_handler
 .text          0x0000000008004008        0x0 libopencm3/lib/libopencm3_stm32f4.a(rcc.o)
 .text.rcc_osc_ready_int_clear
                0x0000000008004008       0x5c libopencm3/lib/libopencm3_stm32f4.a(rcc.o)
                0x0000000008004008                rcc_osc_ready_int_clear
 .text.rcc_osc_ready_int_enable
                0x0000000008004064       0x5c libopencm3/lib/libopencm3_stm32f4.a(rcc.o)
                0x0000000008004064                rcc_osc_ready_int_enable
 .text.rcc_osc_ready_int_disable
                0x00000000080040c0       0x5c libopencm3/lib/libopencm3_stm32f4.a(rcc.o)
                0x00000000080040c0                rcc_osc_ready_int_disable
 .text.rcc_osc_ready_int_flag
                0x000000000800411c       0x60 libopencm3/lib/libopencm3_stm32f4.a(rcc.o)
                0x000000000800411c                rcc_osc_ready_int_flag
 .text.rcc_css_int_clear
                0x000000000800417c       0x10 libopencm3/lib/libopencm3_stm32f4.a(rcc.o)
                0x000000000800417c                rcc_css_int_clear
 .text.rcc_css_int_flag
                0x000000000800418c       0x10 libopencm3/lib/libopencm3_stm32f4.a(rcc.o)
                0x000000000800418c                rcc_css_int_flag
 .text.rcc_is_osc_ready
                0x000000000800419c       0x5c libopencm3/lib/libopencm3_stm32f4.a(rcc.o)
                0x000000000800419c                rcc_is_osc_ready
 .text.rcc_wait_for_osc_ready
                0x00000000080041f8       0x10 libopencm3/lib/libopencm3_stm32f4.a(rcc.o)
                0x00000000080041f8                rcc_wait_for_osc_ready
 .text.rcc_wait_for_sysclk_status
                0x0000000008004208       0x38 libopencm3/lib/libopencm3_stm32f4.a(rcc.o)
                0x0000000008004208                rcc_wait_for_sysclk_status
 .text.rcc_osc_on
                0x0000000008004240       0x58 libopencm3/lib/libopencm3_stm32f4.a(rcc.o)
                0x0000000008004240                rcc_osc_on
 .text.rcc_osc_off
                0x0000000008004298       0x58 libopencm3/lib/libopencm3_stm32f4.a(rcc.o)
                0x0000000008004298                rcc_osc_off
 .text.rcc_css_enable
                0x00000000080042f0       0x10 libopencm3/lib/libopencm3_stm32f4.a(rcc.o)
                0x00000000080042f0                rcc_css_enable
 .text.rcc_css_disable
                0x0000000008004300       0x10 libopencm3/lib/libopencm3_stm32f4.a(rcc.o)
                0x0000000008004300                rcc_css_disable
 .text.rcc_plli2s_config
                0x0000000008004310       0x1c libopencm3/lib/libopencm3_stm32f4.a(rcc.o)
                0x0000000008004310                rcc_plli2s_config
 .text.rcc_pllsai_config
                0x000000000800432c       0x2c libopencm3/lib/libopencm3_stm32f4.a(rcc.o)
                0x000000000800432c                rcc_pllsai_config
 .text.rcc_pllsai_postscalers
                0x0000000008004358       0x24 libopencm3/lib/libopencm3_stm32f4.a(rcc.o)
                0x0000000008004358                rcc_pllsai_postscalers
 .text.rcc_set_sysclk_source
                0x000000000800437c       0x14 libopencm3/lib/libopencm3_stm32f4.a(rcc.o)
                0x000000000800437c                rcc_set_sysclk_source
 .text.rcc_set_pll_source
                0x0000000008004390       0x14 libopencm3/lib/libopencm3_stm32f4.a(rcc.o)
                0x0000000008004390                rcc_set_pll_source
 .text.rcc_set_ppre2
                0x00000000080043a4       0x14 libopencm3/lib/libopencm3_stm32f4.a(rcc.o)
                0x00000000080043a4                rcc_set_ppre2
 .text.rcc_set_ppre1
                0x00000000080043b8       0x14 libopencm3/lib/libopencm3_stm32f4.a(rcc.o)
                0x00000000080043b8                rcc_set_ppre1
 .text.rcc_set_hpre
                0x00000000080043cc       0x14 libopencm3/lib/libopencm3_stm32f4.a(rcc.o)
                0x00000000080043cc                rcc_set_hpre
 .text.rcc_set_rtcpre
                0x00000000080043e0       0x14 libopencm3/lib/libopencm3_stm32f4.a(rcc.o)
                0x00000000080043e0                rcc_set_rtcpre
 .text.rcc_set_main_pll_hsi
                0x00000000080043f4       0x44 libopencm3/lib/libopencm3_stm32f4.a(rcc.o)
                0x00000000080043f4                rcc_set_main_pll_hsi
 .text.rcc_set_main_pll_hse
                0x0000000008004438       0x44 libopencm3/lib/libopencm3_stm32f4.a(rcc.o)
                0x0000000008004438                rcc_set_main_pll_hse
 .text.rcc_system_clock_source
                0x000000000800447c       0x10 libopencm3/lib/libopencm3_stm32f4.a(rcc.o)
                0x000000000800447c                rcc_system_clock_source
 .text.rcc_clock_setup_pll
                0x000000000800448c       0xf4 libopencm3/lib/libopencm3_stm32f4.a(rcc.o)
                0x000000000800448c                rcc_clock_setup_pll
 .text.rcc_clock_setup_hse_3v3
                0x0000000008004580        0x4 libopencm3/lib/libopencm3_stm32f4.a(rcc.o)
                0x0000000008004580                rcc_clock_setup_hse_3v3
 .text          0x0000000008004584        0x0 libopencm3/lib/libopencm3_stm32f4.a(flash_common_all.o)
 .text.flash_prefetch_enable
                0x0000000008004584       0x10 libopencm3/lib/libopencm3_stm32f4.a(flash_common_all.o)
                0x0000000008004584                flash_prefetch_enable
 .text.flash_prefetch_disable
                0x0000000008004594       0x10 libopencm3/lib/libopencm3_stm32f4.a(flash_common_all.o)
                0x0000000008004594                flash_prefetch_disable
 .text.flash_set_ws
                0x00000000080045a4       0x14 libopencm3/lib/libopencm3_stm32f4.a(flash_common_all.o)
                0x00000000080045a4                flash_set_ws
 .text.flash_unlock_option_bytes
                0x00000000080045b8       0x18 libopencm3/lib/libopencm3_stm32f4.a(flash_common_all.o)
                0x00000000080045b8                flash_unlock_option_bytes
 .text          0x00000000080045d0        0x0 libopencm3/lib/libopencm3_stm32f4.a(flash_common_idcache.o)
 .text.flash_dcache_enable
                0x00000000080045d0       0x10 libopencm3/lib/libopencm3_stm32f4.a(flash_common_idcache.o)
                0x00000000080045d0                flash_dcache_enable
 .text.flash_dcache_disable
                0x00000000080045e0       0x10 libopencm3/lib/libopencm3_stm32f4.a(flash_common_idcache.o)
                0x00000000080045e0                flash_dcache_disable
 .text.flash_icache_enable
                0x00000000080045f0       0x10 libopencm3/lib/libopencm3_stm32f4.a(flash_common_idcache.o)
                0x00000000080045f0                flash_icache_enable
 .text.flash_icache_disable
                0x0000000008004600       0x10 libopencm3/lib/libopencm3_stm32f4.a(flash_common_idcache.o)
                0x0000000008004600                flash_icache_disable
 .text.flash_dcache_reset
                0x0000000008004610       0x10 libopencm3/lib/libopencm3_stm32f4.a(flash_common_idcache.o)
                0x0000000008004610                flash_dcache_reset
 .text.flash_icache_reset
                0x0000000008004620       0x10 libopencm3/lib/libopencm3_stm32f4.a(flash_common_idcache.o)
                0x0000000008004620                flash_icache_reset
 .text          0x0000000008004630        0x0 libopencm3/lib/libopencm3_stm32f4.a(pwr.o)
 .text.pwr_set_vos_scale
                0x0000000008004630       0x18 libopencm3/lib/libopencm3_stm32f4.a(pwr.o)
                0x0000000008004630                pwr_set_vos_scale
 .text          0x0000000008004648        0x0 /Users/tyler/miniconda3/envs/memfault/bin/../lib/gcc/arm-none-eabi/8.3.1/../../../../arm-none-eabi/lib/thumb/v7e-m+fp/hard/libg_nano.a(lib_a-errno.o)
 .text.__errno  0x0000000008004648        0xc /Users/tyler/miniconda3/envs/memfault/bin/../lib/gcc/arm-none-eabi/8.3.1/../../../../arm-none-eabi/lib/thumb/v7e-m+fp/hard/libg_nano.a(lib_a-errno.o)
                0x0000000008004648                __errno
 .text          0x0000000008004654        0x0 /Users/tyler/miniconda3/envs/memfault/bin/../lib/gcc/arm-none-eabi/8.3.1/../../../../arm-none-eabi/lib/thumb/v7e-m+fp/hard/libg_nano.a(lib_a-impure.o)
 .text          0x0000000008004654        0x0 /Users/tyler/miniconda3/envs/memfault/bin/../lib/gcc/arm-none-eabi/8.3.1/../../../../arm-none-eabi/lib/thumb/v7e-m+fp/hard/libg_nano.a(lib_a-memcpy-stub.o)
 .text.memcpy   0x0000000008004654       0x1c /Users/tyler/miniconda3/envs/memfault/bin/../lib/gcc/arm-none-eabi/8.3.1/../../../../arm-none-eabi/lib/thumb/v7e-m+fp/hard/libg_nano.a(lib_a-memcpy-stub.o)
                0x0000000008004654                memcpy
 .text          0x0000000008004670        0x0 /Users/tyler/miniconda3/envs/memfault/bin/../lib/gcc/arm-none-eabi/8.3.1/../../../../arm-none-eabi/lib/thumb/v7e-m+fp/hard/libg_nano.a(lib_a-memset.o)
 .text.memset   0x0000000008004670       0x10 /Users/tyler/miniconda3/envs/memfault/bin/../lib/gcc/arm-none-eabi/8.3.1/../../../../arm-none-eabi/lib/thumb/v7e-m+fp/hard/libg_nano.a(lib_a-memset.o)
                0x0000000008004670                memset
 .text          0x0000000008004680        0x0 /Users/tyler/miniconda3/envs/memfault/bin/../lib/gcc/arm-none-eabi/8.3.1/../../../../arm-none-eabi/lib/thumb/v7e-m+fp/hard/libg_nano.a(lib_a-puts.o)
 .text._puts_r  0x0000000008004680       0xdc /Users/tyler/miniconda3/envs/memfault/bin/../lib/gcc/arm-none-eabi/8.3.1/../../../../arm-none-eabi/lib/thumb/v7e-m+fp/hard/libg_nano.a(lib_a-puts.o)
                0x0000000008004680                _puts_r
 .text.puts     0x000000000800475c       0x10 /Users/tyler/miniconda3/envs/memfault/bin/../lib/gcc/arm-none-eabi/8.3.1/../../../../arm-none-eabi/lib/thumb/v7e-m+fp/hard/libg_nano.a(lib_a-puts.o)
                0x000000000800475c                puts
 .text          0x000000000800476c        0x0 /Users/tyler/miniconda3/envs/memfault/bin/../lib/gcc/arm-none-eabi/8.3.1/../../../../arm-none-eabi/lib/thumb/v7e-m+fp/hard/libg_nano.a(lib_a-snprintf.o)
 .text._snprintf_r
                0x000000000800476c       0x5e /Users/tyler/miniconda3/envs/memfault/bin/../lib/gcc/arm-none-eabi/8.3.1/../../../../arm-none-eabi/lib/thumb/v7e-m+fp/hard/libg_nano.a(lib_a-snprintf.o)
                0x000000000800476c                _sniprintf_r
                0x000000000800476c                _snprintf_r
 *fill*         0x00000000080047ca        0x2 
 .text.snprintf
                0x00000000080047cc       0x68 /Users/tyler/miniconda3/envs/memfault/bin/../lib/gcc/arm-none-eabi/8.3.1/../../../../arm-none-eabi/lib/thumb/v7e-m+fp/hard/libg_nano.a(lib_a-snprintf.o)
                0x00000000080047cc                snprintf
                0x00000000080047cc                sniprintf
 .text          0x0000000008004834       0x14 /Users/tyler/miniconda3/envs/memfault/bin/../lib/gcc/arm-none-eabi/8.3.1/../../../../arm-none-eabi/lib/thumb/v7e-m+fp/hard/libg_nano.a(lib_a-strcmp.o)
                0x0000000008004834                strcmp
 .text          0x0000000008004848       0x10 /Users/tyler/miniconda3/envs/memfault/bin/../lib/gcc/arm-none-eabi/8.3.1/../../../../arm-none-eabi/lib/thumb/v7e-m+fp/hard/libg_nano.a(lib_a-strlen.o)
                0x0000000008004848                strlen
 .text          0x0000000008004858        0x0 /Users/tyler/miniconda3/envs/memfault/bin/../lib/gcc/arm-none-eabi/8.3.1/../../../../arm-none-eabi/lib/thumb/v7e-m+fp/hard/libg_nano.a(lib_a-vsnprintf.o)
 .text._vsnprintf_r
                0x0000000008004858       0x58 /Users/tyler/miniconda3/envs/memfault/bin/../lib/gcc/arm-none-eabi/8.3.1/../../../../arm-none-eabi/lib/thumb/v7e-m+fp/hard/libg_nano.a(lib_a-vsnprintf.o)
                0x0000000008004858                _vsnprintf_r
                0x0000000008004858                _vsniprintf_r
 .text.vsnprintf
                0x00000000080048b0       0x1c /Users/tyler/miniconda3/envs/memfault/bin/../lib/gcc/arm-none-eabi/8.3.1/../../../../arm-none-eabi/lib/thumb/v7e-m+fp/hard/libg_nano.a(lib_a-vsnprintf.o)
                0x00000000080048b0                vsnprintf
                0x00000000080048b0                vsniprintf
 .text          0x00000000080048cc        0x0 /Users/tyler/miniconda3/envs/memfault/bin/../lib/gcc/arm-none-eabi/8.3.1/../../../../arm-none-eabi/lib/thumb/v7e-m+fp/hard/libg_nano.a(lib_a-wbuf.o)
 .text.__swbuf_r
                0x00000000080048cc       0xa4 /Users/tyler/miniconda3/envs/memfault/bin/../lib/gcc/arm-none-eabi/8.3.1/../../../../arm-none-eabi/lib/thumb/v7e-m+fp/hard/libg_nano.a(lib_a-wbuf.o)
                0x00000000080048cc                __swbuf_r
 .text.__swbuf  0x0000000008004970       0x10 /Users/tyler/miniconda3/envs/memfault/bin/../lib/gcc/arm-none-eabi/8.3.1/../../../../arm-none-eabi/lib/thumb/v7e-m+fp/hard/libg_nano.a(lib_a-wbuf.o)
                0x0000000008004970                __swbuf
 .text          0x0000000008004980        0x0 /Users/tyler/miniconda3/envs/memfault/bin/../lib/gcc/arm-none-eabi/8.3.1/../../../../arm-none-eabi/lib/thumb/v7e-m+fp/hard/libg_nano.a(lib_a-wsetup.o)
 .text.__swsetup_r
                0x0000000008004980       0xdc /Users/tyler/miniconda3/envs/memfault/bin/../lib/gcc/arm-none-eabi/8.3.1/../../../../arm-none-eabi/lib/thumb/v7e-m+fp/hard/libg_nano.a(lib_a-wsetup.o)
                0x0000000008004980                __swsetup_r
 .text          0x0000000008004a5c        0x0 /Users/tyler/miniconda3/envs/memfault/bin/../lib/gcc/arm-none-eabi/8.3.1/../../../../arm-none-eabi/lib/thumb/v7e-m+fp/hard/libg_nano.a(lib_a-fflush.o)
 .text.__sflush_r
                0x0000000008004a5c      0x10c /Users/tyler/miniconda3/envs/memfault/bin/../lib/gcc/arm-none-eabi/8.3.1/../../../../arm-none-eabi/lib/thumb/v7e-m+fp/hard/libg_nano.a(lib_a-fflush.o)
                0x0000000008004a5c                __sflush_r
 .text._fflush_r
                0x0000000008004b68       0x78 /Users/tyler/miniconda3/envs/memfault/bin/../lib/gcc/arm-none-eabi/8.3.1/../../../../arm-none-eabi/lib/thumb/v7e-m+fp/hard/libg_nano.a(lib_a-fflush.o)
                0x0000000008004b68                _fflush_r
 .text.fflush   0x0000000008004be0       0x24 /Users/tyler/miniconda3/envs/memfault/bin/../lib/gcc/arm-none-eabi/8.3.1/../../../../arm-none-eabi/lib/thumb/v7e-m+fp/hard/libg_nano.a(lib_a-fflush.o)
                0x0000000008004be0                fflush
 .text          0x0000000008004c04        0x0 /Users/tyler/miniconda3/envs/memfault/bin/../lib/gcc/arm-none-eabi/8.3.1/../../../../arm-none-eabi/lib/thumb/v7e-m+fp/hard/libg_nano.a(lib_a-findfp.o)
 .text.std      0x0000000008004c04       0x48 /Users/tyler/miniconda3/envs/memfault/bin/../lib/gcc/arm-none-eabi/8.3.1/../../../../arm-none-eabi/lib/thumb/v7e-m+fp/hard/libg_nano.a(lib_a-findfp.o)
 .text._cleanup_r
                0x0000000008004c4c        0xc /Users/tyler/miniconda3/envs/memfault/bin/../lib/gcc/arm-none-eabi/8.3.1/../../../../arm-none-eabi/lib/thumb/v7e-m+fp/hard/libg_nano.a(lib_a-findfp.o)
                0x0000000008004c4c                _cleanup_r
 .text.__fp_lock
                0x0000000008004c58       0x18 /Users/tyler/miniconda3/envs/memfault/bin/../lib/gcc/arm-none-eabi/8.3.1/../../../../arm-none-eabi/lib/thumb/v7e-m+fp/hard/libg_nano.a(lib_a-findfp.o)
 .text.__fp_unlock
                0x0000000008004c70       0x18 /Users/tyler/miniconda3/envs/memfault/bin/../lib/gcc/arm-none-eabi/8.3.1/../../../../arm-none-eabi/lib/thumb/v7e-m+fp/hard/libg_nano.a(lib_a-findfp.o)
 .text.__sfmoreglue
                0x0000000008004c88       0x2c /Users/tyler/miniconda3/envs/memfault/bin/../lib/gcc/arm-none-eabi/8.3.1/../../../../arm-none-eabi/lib/thumb/v7e-m+fp/hard/libg_nano.a(lib_a-findfp.o)
                0x0000000008004c88                __sfmoreglue
 .text._cleanup
                0x0000000008004cb4        0xc /Users/tyler/miniconda3/envs/memfault/bin/../lib/gcc/arm-none-eabi/8.3.1/../../../../arm-none-eabi/lib/thumb/v7e-m+fp/hard/libg_nano.a(lib_a-findfp.o)
                0x0000000008004cb4                _cleanup
 .text.__sfp_lock_acquire
                0x0000000008004cc0        0xc /Users/tyler/miniconda3/envs/memfault/bin/../lib/gcc/arm-none-eabi/8.3.1/../../../../arm-none-eabi/lib/thumb/v7e-m+fp/hard/libg_nano.a(lib_a-findfp.o)
                0x0000000008004cc0                __sfp_lock_acquire
 .text.__sfp_lock_release
                0x0000000008004ccc        0xc /Users/tyler/miniconda3/envs/memfault/bin/../lib/gcc/arm-none-eabi/8.3.1/../../../../arm-none-eabi/lib/thumb/v7e-m+fp/hard/libg_nano.a(lib_a-findfp.o)
                0x0000000008004ccc                __sfp_lock_release
 .text.__sinit_lock_acquire
                0x0000000008004cd8        0xc /Users/tyler/miniconda3/envs/memfault/bin/../lib/gcc/arm-none-eabi/8.3.1/../../../../arm-none-eabi/lib/thumb/v7e-m+fp/hard/libg_nano.a(lib_a-findfp.o)
                0x0000000008004cd8                __sinit_lock_acquire
 .text.__sinit_lock_release
                0x0000000008004ce4        0xc /Users/tyler/miniconda3/envs/memfault/bin/../lib/gcc/arm-none-eabi/8.3.1/../../../../arm-none-eabi/lib/thumb/v7e-m+fp/hard/libg_nano.a(lib_a-findfp.o)
                0x0000000008004ce4                __sinit_lock_release
 .text.__sinit  0x0000000008004cf0       0x70 /Users/tyler/miniconda3/envs/memfault/bin/../lib/gcc/arm-none-eabi/8.3.1/../../../../arm-none-eabi/lib/thumb/v7e-m+fp/hard/libg_nano.a(lib_a-findfp.o)
                0x0000000008004cf0                __sinit
 .text.__sfp    0x0000000008004d60       0x8c /Users/tyler/miniconda3/envs/memfault/bin/../lib/gcc/arm-none-eabi/8.3.1/../../../../arm-none-eabi/lib/thumb/v7e-m+fp/hard/libg_nano.a(lib_a-findfp.o)
                0x0000000008004d60                __sfp
 .text.__fp_lock_all
                0x0000000008004dec       0x1c /Users/tyler/miniconda3/envs/memfault/bin/../lib/gcc/arm-none-eabi/8.3.1/../../../../arm-none-eabi/lib/thumb/v7e-m+fp/hard/libg_nano.a(lib_a-findfp.o)
                0x0000000008004dec                __fp_lock_all
 .text.__fp_unlock_all
                0x0000000008004e08       0x1c /Users/tyler/miniconda3/envs/memfault/bin/../lib/gcc/arm-none-eabi/8.3.1/../../../../arm-none-eabi/lib/thumb/v7e-m+fp/hard/libg_nano.a(lib_a-findfp.o)
                0x0000000008004e08                __fp_unlock_all
 .text          0x0000000008004e24        0x0 /Users/tyler/miniconda3/envs/memfault/bin/../lib/gcc/arm-none-eabi/8.3.1/../../../../arm-none-eabi/lib/thumb/v7e-m+fp/hard/libg_nano.a(lib_a-fwalk.o)
 .text._fwalk   0x0000000008004e24       0x38 /Users/tyler/miniconda3/envs/memfault/bin/../lib/gcc/arm-none-eabi/8.3.1/../../../../arm-none-eabi/lib/thumb/v7e-m+fp/hard/libg_nano.a(lib_a-fwalk.o)
                0x0000000008004e24                _fwalk
 .text._fwalk_reent
                0x0000000008004e5c       0x3c /Users/tyler/miniconda3/envs/memfault/bin/../lib/gcc/arm-none-eabi/8.3.1/../../../../arm-none-eabi/lib/thumb/v7e-m+fp/hard/libg_nano.a(lib_a-fwalk.o)
                0x0000000008004e5c                _fwalk_reent
 .text          0x0000000008004e98        0x0 /Users/tyler/miniconda3/envs/memfault/bin/../lib/gcc/arm-none-eabi/8.3.1/../../../../arm-none-eabi/lib/thumb/v7e-m+fp/hard/libg_nano.a(lib_a-lock.o)
 .text.__retarget_lock_init
                0x0000000008004e98        0x2 /Users/tyler/miniconda3/envs/memfault/bin/../lib/gcc/arm-none-eabi/8.3.1/../../../../arm-none-eabi/lib/thumb/v7e-m+fp/hard/libg_nano.a(lib_a-lock.o)
                0x0000000008004e98                __retarget_lock_init
 .text.__retarget_lock_init_recursive
                0x0000000008004e9a        0x2 /Users/tyler/miniconda3/envs/memfault/bin/../lib/gcc/arm-none-eabi/8.3.1/../../../../arm-none-eabi/lib/thumb/v7e-m+fp/hard/libg_nano.a(lib_a-lock.o)
                0x0000000008004e9a                __retarget_lock_init_recursive
 .text.__retarget_lock_close
                0x0000000008004e9c        0x2 /Users/tyler/miniconda3/envs/memfault/bin/../lib/gcc/arm-none-eabi/8.3.1/../../../../arm-none-eabi/lib/thumb/v7e-m+fp/hard/libg_nano.a(lib_a-lock.o)
                0x0000000008004e9c                __retarget_lock_close
 .text.__retarget_lock_close_recursive
                0x0000000008004e9e        0x2 /Users/tyler/miniconda3/envs/memfault/bin/../lib/gcc/arm-none-eabi/8.3.1/../../../../arm-none-eabi/lib/thumb/v7e-m+fp/hard/libg_nano.a(lib_a-lock.o)
                0x0000000008004e9e                __retarget_lock_close_recursive
 .text.__retarget_lock_acquire
                0x0000000008004ea0        0x2 /Users/tyler/miniconda3/envs/memfault/bin/../lib/gcc/arm-none-eabi/8.3.1/../../../../arm-none-eabi/lib/thumb/v7e-m+fp/hard/libg_nano.a(lib_a-lock.o)
                0x0000000008004ea0                __retarget_lock_acquire
 .text.__retarget_lock_acquire_recursive
                0x0000000008004ea2        0x2 /Users/tyler/miniconda3/envs/memfault/bin/../lib/gcc/arm-none-eabi/8.3.1/../../../../arm-none-eabi/lib/thumb/v7e-m+fp/hard/libg_nano.a(lib_a-lock.o)
                0x0000000008004ea2                __retarget_lock_acquire_recursive
 .text.__retarget_lock_try_acquire
                0x0000000008004ea4        0x4 /Users/tyler/miniconda3/envs/memfault/bin/../lib/gcc/arm-none-eabi/8.3.1/../../../../arm-none-eabi/lib/thumb/v7e-m+fp/hard/libg_nano.a(lib_a-lock.o)
                0x0000000008004ea4                __retarget_lock_try_acquire
 .text.__retarget_lock_try_acquire_recursive
                0x0000000008004ea8        0x4 /Users/tyler/miniconda3/envs/memfault/bin/../lib/gcc/arm-none-eabi/8.3.1/../../../../arm-none-eabi/lib/thumb/v7e-m+fp/hard/libg_nano.a(lib_a-lock.o)
                0x0000000008004ea8                __retarget_lock_try_acquire_recursive
 .text.__retarget_lock_release
                0x0000000008004eac        0x2 /Users/tyler/miniconda3/envs/memfault/bin/../lib/gcc/arm-none-eabi/8.3.1/../../../../arm-none-eabi/lib/thumb/v7e-m+fp/hard/libg_nano.a(lib_a-lock.o)
                0x0000000008004eac                __retarget_lock_release
 .text.__retarget_lock_release_recursive
                0x0000000008004eae        0x2 /Users/tyler/miniconda3/envs/memfault/bin/../lib/gcc/arm-none-eabi/8.3.1/../../../../arm-none-eabi/lib/thumb/v7e-m+fp/hard/libg_nano.a(lib_a-lock.o)
                0x0000000008004eae                __retarget_lock_release_recursive
 .text          0x0000000008004eb0        0x0 /Users/tyler/miniconda3/envs/memfault/bin/../lib/gcc/arm-none-eabi/8.3.1/../../../../arm-none-eabi/lib/thumb/v7e-m+fp/hard/libg_nano.a(lib_a-makebuf.o)
 .text.__swhatbuf_r
                0x0000000008004eb0       0x48 /Users/tyler/miniconda3/envs/memfault/bin/../lib/gcc/arm-none-eabi/8.3.1/../../../../arm-none-eabi/lib/thumb/v7e-m+fp/hard/libg_nano.a(lib_a-makebuf.o)
                0x0000000008004eb0                __swhatbuf_r
 .text.__smakebuf_r
                0x0000000008004ef8       0x80 /Users/tyler/miniconda3/envs/memfault/bin/../lib/gcc/arm-none-eabi/8.3.1/../../../../arm-none-eabi/lib/thumb/v7e-m+fp/hard/libg_nano.a(lib_a-makebuf.o)
                0x0000000008004ef8                __smakebuf_r
 .text          0x0000000008004f78        0x0 /Users/tyler/miniconda3/envs/memfault/bin/../lib/gcc/arm-none-eabi/8.3.1/../../../../arm-none-eabi/lib/thumb/v7e-m+fp/hard/libg_nano.a(lib_a-nano-freer.o)
 .text._free_r  0x0000000008004f78       0x9c /Users/tyler/miniconda3/envs/memfault/bin/../lib/gcc/arm-none-eabi/8.3.1/../../../../arm-none-eabi/lib/thumb/v7e-m+fp/hard/libg_nano.a(lib_a-nano-freer.o)
                0x0000000008004f78                _free_r
 .text          0x0000000008005014        0x0 /Users/tyler/miniconda3/envs/memfault/bin/../lib/gcc/arm-none-eabi/8.3.1/../../../../arm-none-eabi/lib/thumb/v7e-m+fp/hard/libg_nano.a(lib_a-nano-mallocr.o)
 .text._malloc_r
                0x0000000008005014       0xb4 /Users/tyler/miniconda3/envs/memfault/bin/../lib/gcc/arm-none-eabi/8.3.1/../../../../arm-none-eabi/lib/thumb/v7e-m+fp/hard/libg_nano.a(lib_a-nano-mallocr.o)
                0x0000000008005014                _malloc_r
 .text          0x00000000080050c8        0x0 /Users/tyler/miniconda3/envs/memfault/bin/../lib/gcc/arm-none-eabi/8.3.1/../../../../arm-none-eabi/lib/thumb/v7e-m+fp/hard/libg_nano.a(lib_a-nano-svfprintf.o)
 .text.__ssputs_r
                0x00000000080050c8       0xb6 /Users/tyler/miniconda3/envs/memfault/bin/../lib/gcc/arm-none-eabi/8.3.1/../../../../arm-none-eabi/lib/thumb/v7e-m+fp/hard/libg_nano.a(lib_a-nano-svfprintf.o)
                0x00000000080050c8                __ssputs_r
 .text.__ssprint_r
                0x000000000800517e       0xf0 /Users/tyler/miniconda3/envs/memfault/bin/../lib/gcc/arm-none-eabi/8.3.1/../../../../arm-none-eabi/lib/thumb/v7e-m+fp/hard/libg_nano.a(lib_a-nano-svfprintf.o)
                0x000000000800517e                __ssprint_r
 *fill*         0x000000000800526e        0x2 
 .text._svfprintf_r
                0x0000000008005270      0x1f0 /Users/tyler/miniconda3/envs/memfault/bin/../lib/gcc/arm-none-eabi/8.3.1/../../../../arm-none-eabi/lib/thumb/v7e-m+fp/hard/libg_nano.a(lib_a-nano-svfprintf.o)
                0x0000000008005270                _svfprintf_r
                0x0000000008005270                _svfiprintf_r
 .text          0x0000000008005460        0x0 /Users/tyler/miniconda3/envs/memfault/bin/../lib/gcc/arm-none-eabi/8.3.1/../../../../arm-none-eabi/lib/thumb/v7e-m+fp/hard/libg_nano.a(lib_a-nano-vfprintf_i.o)
 .text._printf_common
                0x0000000008005460       0xea /Users/tyler/miniconda3/envs/memfault/bin/../lib/gcc/arm-none-eabi/8.3.1/../../../../arm-none-eabi/lib/thumb/v7e-m+fp/hard/libg_nano.a(lib_a-nano-vfprintf_i.o)
                0x0000000008005460                _printf_common
 *fill*         0x000000000800554a        0x2 
 .text._printf_i
                0x000000000800554c      0x228 /Users/tyler/miniconda3/envs/memfault/bin/../lib/gcc/arm-none-eabi/8.3.1/../../../../arm-none-eabi/lib/thumb/v7e-m+fp/hard/libg_nano.a(lib_a-nano-vfprintf_i.o)
                0x000000000800554c                _printf_i
 .text          0x0000000008005774        0x0 /Users/tyler/miniconda3/envs/memfault/bin/../lib/gcc/arm-none-eabi/8.3.1/../../../../arm-none-eabi/lib/thumb/v7e-m+fp/hard/libg_nano.a(lib_a-sbrkr.o)
 .text._sbrk_r  0x0000000008005774       0x20 /Users/tyler/miniconda3/envs/memfault/bin/../lib/gcc/arm-none-eabi/8.3.1/../../../../arm-none-eabi/lib/thumb/v7e-m+fp/hard/libg_nano.a(lib_a-sbrkr.o)
                0x0000000008005774                _sbrk_r
 .text          0x0000000008005794        0x0 /Users/tyler/miniconda3/envs/memfault/bin/../lib/gcc/arm-none-eabi/8.3.1/../../../../arm-none-eabi/lib/thumb/v7e-m+fp/hard/libg_nano.a(lib_a-stdio.o)
 .text.__sread  0x0000000008005794       0x22 /Users/tyler/miniconda3/envs/memfault/bin/../lib/gcc/arm-none-eabi/8.3.1/../../../../arm-none-eabi/lib/thumb/v7e-m+fp/hard/libg_nano.a(lib_a-stdio.o)
                0x0000000008005794                __sread
 .text.__seofread
                0x00000000080057b6        0x4 /Users/tyler/miniconda3/envs/memfault/bin/../lib/gcc/arm-none-eabi/8.3.1/../../../../arm-none-eabi/lib/thumb/v7e-m+fp/hard/libg_nano.a(lib_a-stdio.o)
                0x00000000080057b6                __seofread
 .text.__swrite
                0x00000000080057ba       0x38 /Users/tyler/miniconda3/envs/memfault/bin/../lib/gcc/arm-none-eabi/8.3.1/../../../../arm-none-eabi/lib/thumb/v7e-m+fp/hard/libg_nano.a(lib_a-stdio.o)
                0x00000000080057ba                __swrite
 .text.__sseek  0x00000000080057f2       0x24 /Users/tyler/miniconda3/envs/memfault/bin/../lib/gcc/arm-none-eabi/8.3.1/../../../../arm-none-eabi/lib/thumb/v7e-m+fp/hard/libg_nano.a(lib_a-stdio.o)
                0x00000000080057f2                __sseek
 .text.__sclose
                0x0000000008005816        0x8 /Users/tyler/miniconda3/envs/memfault/bin/../lib/gcc/arm-none-eabi/8.3.1/../../../../arm-none-eabi/lib/thumb/v7e-m+fp/hard/libg_nano.a(lib_a-stdio.o)
                0x0000000008005816                __sclose
 .text          0x000000000800581e        0x0 /Users/tyler/miniconda3/envs/memfault/bin/../lib/gcc/arm-none-eabi/8.3.1/../../../../arm-none-eabi/lib/thumb/v7e-m+fp/hard/libg_nano.a(lib_a-writer.o)
 *fill*         0x000000000800581e        0x2 
 .text._write_r
                0x0000000008005820       0x24 /Users/tyler/miniconda3/envs/memfault/bin/../lib/gcc/arm-none-eabi/8.3.1/../../../../arm-none-eabi/lib/thumb/v7e-m+fp/hard/libg_nano.a(lib_a-writer.o)
                0x0000000008005820                _write_r
 .text          0x0000000008005844        0x0 /Users/tyler/miniconda3/envs/memfault/bin/../lib/gcc/arm-none-eabi/8.3.1/../../../../arm-none-eabi/lib/thumb/v7e-m+fp/hard/libg_nano.a(lib_a-closer.o)
 .text._close_r
                0x0000000008005844       0x20 /Users/tyler/miniconda3/envs/memfault/bin/../lib/gcc/arm-none-eabi/8.3.1/../../../../arm-none-eabi/lib/thumb/v7e-m+fp/hard/libg_nano.a(lib_a-closer.o)
                0x0000000008005844                _close_r
 .text          0x0000000008005864        0x0 /Users/tyler/miniconda3/envs/memfault/bin/../lib/gcc/arm-none-eabi/8.3.1/../../../../arm-none-eabi/lib/thumb/v7e-m+fp/hard/libg_nano.a(lib_a-fstatr.o)
 .text._fstat_r
                0x0000000008005864       0x24 /Users/tyler/miniconda3/envs/memfault/bin/../lib/gcc/arm-none-eabi/8.3.1/../../../../arm-none-eabi/lib/thumb/v7e-m+fp/hard/libg_nano.a(lib_a-fstatr.o)
                0x0000000008005864                _fstat_r
 .text          0x0000000008005888        0x0 /Users/tyler/miniconda3/envs/memfault/bin/../lib/gcc/arm-none-eabi/8.3.1/../../../../arm-none-eabi/lib/thumb/v7e-m+fp/hard/libg_nano.a(lib_a-isattyr.o)
 .text._isatty_r
                0x0000000008005888       0x20 /Users/tyler/miniconda3/envs/memfault/bin/../lib/gcc/arm-none-eabi/8.3.1/../../../../arm-none-eabi/lib/thumb/v7e-m+fp/hard/libg_nano.a(lib_a-isattyr.o)
                0x0000000008005888                _isatty_r
 .text          0x00000000080058a8        0x0 /Users/tyler/miniconda3/envs/memfault/bin/../lib/gcc/arm-none-eabi/8.3.1/../../../../arm-none-eabi/lib/thumb/v7e-m+fp/hard/libg_nano.a(lib_a-lseekr.o)
 .text._lseek_r
                0x00000000080058a8       0x24 /Users/tyler/miniconda3/envs/memfault/bin/../lib/gcc/arm-none-eabi/8.3.1/../../../../arm-none-eabi/lib/thumb/v7e-m+fp/hard/libg_nano.a(lib_a-lseekr.o)
                0x00000000080058a8                _lseek_r
 *fill*         0x00000000080058cc        0x4 
 .text          0x00000000080058d0       0xa0 /Users/tyler/miniconda3/envs/memfault/bin/../lib/gcc/arm-none-eabi/8.3.1/../../../../arm-none-eabi/lib/thumb/v7e-m+fp/hard/libg_nano.a(lib_a-memchr.o)
                0x00000000080058d0                memchr
 .text          0x0000000008005970        0x0 /Users/tyler/miniconda3/envs/memfault/bin/../lib/gcc/arm-none-eabi/8.3.1/../../../../arm-none-eabi/lib/thumb/v7e-m+fp/hard/libg_nano.a(lib_a-memmove.o)
 .text.memmove  0x0000000008005970       0x34 /Users/tyler/miniconda3/envs/memfault/bin/../lib/gcc/arm-none-eabi/8.3.1/../../../../arm-none-eabi/lib/thumb/v7e-m+fp/hard/libg_nano.a(lib_a-memmove.o)
                0x0000000008005970                memmove
 .text          0x00000000080059a4        0x0 /Users/tyler/miniconda3/envs/memfault/bin/../lib/gcc/arm-none-eabi/8.3.1/../../../../arm-none-eabi/lib/thumb/v7e-m+fp/hard/libg_nano.a(lib_a-mlock.o)
 .text.__malloc_lock
                0x00000000080059a4        0xc /Users/tyler/miniconda3/envs/memfault/bin/../lib/gcc/arm-none-eabi/8.3.1/../../../../arm-none-eabi/lib/thumb/v7e-m+fp/hard/libg_nano.a(lib_a-mlock.o)
                0x00000000080059a4                __malloc_lock
 .text.__malloc_unlock
                0x00000000080059b0        0xc /Users/tyler/miniconda3/envs/memfault/bin/../lib/gcc/arm-none-eabi/8.3.1/../../../../arm-none-eabi/lib/thumb/v7e-m+fp/hard/libg_nano.a(lib_a-mlock.o)
                0x00000000080059b0                __malloc_unlock
 .text          0x00000000080059bc        0x0 /Users/tyler/miniconda3/envs/memfault/bin/../lib/gcc/arm-none-eabi/8.3.1/../../../../arm-none-eabi/lib/thumb/v7e-m+fp/hard/libg_nano.a(lib_a-nano-reallocr.o)
 .text._realloc_r
                0x00000000080059bc       0x4c /Users/tyler/miniconda3/envs/memfault/bin/../lib/gcc/arm-none-eabi/8.3.1/../../../../arm-none-eabi/lib/thumb/v7e-m+fp/hard/libg_nano.a(lib_a-nano-reallocr.o)
                0x00000000080059bc                _realloc_r
 .text          0x0000000008005a08        0x0 /Users/tyler/miniconda3/envs/memfault/bin/../lib/gcc/arm-none-eabi/8.3.1/../../../../arm-none-eabi/lib/thumb/v7e-m+fp/hard/libg_nano.a(lib_a-readr.o)
 .text._read_r  0x0000000008005a08       0x24 /Users/tyler/miniconda3/envs/memfault/bin/../lib/gcc/arm-none-eabi/8.3.1/../../../../arm-none-eabi/lib/thumb/v7e-m+fp/hard/libg_nano.a(lib_a-readr.o)
                0x0000000008005a08                _read_r
 .text          0x0000000008005a2c        0x0 /Users/tyler/miniconda3/envs/memfault/bin/../lib/gcc/arm-none-eabi/8.3.1/../../../../arm-none-eabi/lib/thumb/v7e-m+fp/hard/libg_nano.a(lib_a-reent.o)
 .text.cleanup_glue
                0x0000000008005a2c       0x1a /Users/tyler/miniconda3/envs/memfault/bin/../lib/gcc/arm-none-eabi/8.3.1/../../../../arm-none-eabi/lib/thumb/v7e-m+fp/hard/libg_nano.a(lib_a-reent.o)
                0x0000000008005a2c                cleanup_glue
 *fill*         0x0000000008005a46        0x2 
 .text._reclaim_reent
                0x0000000008005a48       0xb8 /Users/tyler/miniconda3/envs/memfault/bin/../lib/gcc/arm-none-eabi/8.3.1/../../../../arm-none-eabi/lib/thumb/v7e-m+fp/hard/libg_nano.a(lib_a-reent.o)
                0x0000000008005a48                _reclaim_reent
 .text          0x0000000008005b00        0x0 /Users/tyler/miniconda3/envs/memfault/bin/../lib/gcc/arm-none-eabi/8.3.1/../../../../arm-none-eabi/lib/thumb/v7e-m+fp/hard/libg_nano.a(lib_a-nano-msizer.o)
 .text._malloc_usable_size_r
                0x0000000008005b00       0x10 /Users/tyler/miniconda3/envs/memfault/bin/../lib/gcc/arm-none-eabi/8.3.1/../../../../arm-none-eabi/lib/thumb/v7e-m+fp/hard/libg_nano.a(lib_a-nano-msizer.o)
                0x0000000008005b00                _malloc_usable_size_r
                0x0000000008005b10                . = ALIGN (0x4)
 *(.rodata*)
 .rodata        0x0000000008005b10       0x48 /var/folders/km/wl77s0q16q92p4vz3t767x980000gn/T//ccS6CQji.o
 .rodata        0x0000000008005b58       0x8b /var/folders/km/wl77s0q16q92p4vz3t767x980000gn/T//cc1C54pZ.o
 *fill*         0x0000000008005be3        0x1 
 .rodata.s_shell_commands
                0x0000000008005be4       0x30 /var/folders/km/wl77s0q16q92p4vz3t767x980000gn/T//cc1C54pZ.o
 .rodata.g_shell_commands
                0x0000000008005c14        0x4 /var/folders/km/wl77s0q16q92p4vz3t767x980000gn/T//cc1C54pZ.o
                0x0000000008005c14                g_shell_commands
 .rodata.g_num_shell_commands
                0x0000000008005c18        0x4 /var/folders/km/wl77s0q16q92p4vz3t767x980000gn/T//cc1C54pZ.o
                0x0000000008005c18                g_num_shell_commands
 .rodata        0x0000000008005c1c       0x4f /var/folders/km/wl77s0q16q92p4vz3t767x980000gn/T//ccIwgh9C.o
 *fill*         0x0000000008005c6b        0x1 
 .rodata.g_memfault_sdk_derived_build_id